Server Tests	Run server tests	﻿2025-12-05T02:21:48.1693883Z ##[group]Run npm run test:ci
Server Tests	Run server tests	2025-12-05T02:21:48.1694501Z [36;1mnpm run test:ci[0m
Server Tests	Run server tests	2025-12-05T02:21:48.1727400Z shell: /usr/bin/bash -e {0}
Server Tests	Run server tests	2025-12-05T02:21:48.1727710Z ##[endgroup]
Server Tests	Run server tests	2025-12-05T02:21:48.3015094Z 
Server Tests	Run server tests	2025-12-05T02:21:48.3015751Z > onnislu-price-tracker@1.0.0 test:ci
Server Tests	Run server tests	2025-12-05T02:21:48.3016654Z > jest --coverage --maxWorkers=2 --forceExit --detectOpenHandles
Server Tests	Run server tests	2025-12-05T02:21:48.3017161Z 
Server Tests	Run server tests	2025-12-05T02:21:51.6613690Z PASS src/server/__tests__/database.test.ts
Server Tests	Run server tests	2025-12-05T02:21:51.6620631Z   Database Operations
Server Tests	Run server tests	2025-12-05T02:21:51.6621088Z     Database Connection
Server Tests	Run server tests	2025-12-05T02:21:51.6625308Z       ✓ should initialize database successfully (38 ms)
Server Tests	Run server tests	2025-12-05T02:21:51.6626098Z       ✓ should enable foreign key constraints (6 ms)
Server Tests	Run server tests	2025-12-05T02:21:51.6626746Z       ✓ should check database health (7 ms)
Server Tests	Run server tests	2025-12-05T02:21:51.6627354Z       ✓ should get database statistics (9 ms)
Server Tests	Run server tests	2025-12-05T02:21:51.6627813Z     Buildings Operations
Server Tests	Run server tests	2025-12-05T02:21:51.6628405Z       ✓ should insert and retrieve buildings (12 ms)
Server Tests	Run server tests	2025-12-05T02:21:51.6629257Z       ✓ should enforce unique building names (9 ms)
Server Tests	Run server tests	2025-12-05T02:21:51.6629843Z     Floor Plans Operations
Server Tests	Run server tests	2025-12-05T02:21:51.6630425Z       ✓ should insert and retrieve floor plans (7 ms)
Server Tests	Run server tests	2025-12-05T02:21:51.6631248Z       ✓ should enforce foreign key constraint for building_id (13 ms)
Server Tests	Run server tests	2025-12-05T02:21:51.6632129Z       ✓ should enforce unique floor plan names per building (7 ms)
Server Tests	Run server tests	2025-12-05T02:21:51.6632694Z     Price History Operations
Server Tests	Run server tests	2025-12-05T02:21:51.6633323Z       ✓ should insert and retrieve price history (8 ms)
Server Tests	Run server tests	2025-12-05T02:21:51.6634381Z       ✓ should enforce unique floor plan and date combination (13 ms)
Server Tests	Run server tests	2025-12-05T02:21:51.6635286Z       ✓ should retrieve price history with date range (9 ms)
Server Tests	Run server tests	2025-12-05T02:21:51.6635820Z     Alerts Operations
Server Tests	Run server tests	2025-12-05T02:21:51.6636372Z       ✓ should insert and retrieve alerts (7 ms)
Server Tests	Run server tests	2025-12-05T02:21:51.6637021Z       ✓ should validate alert types (9 ms)
Server Tests	Run server tests	2025-12-05T02:21:51.6637597Z       ✓ should dismiss alerts (7 ms)
Server Tests	Run server tests	2025-12-05T02:21:51.6638067Z     Settings Operations
Server Tests	Run server tests	2025-12-05T02:21:51.6638641Z       ✓ should insert and retrieve settings (8 ms)
Server Tests	Run server tests	2025-12-05T02:21:51.6639263Z       ✓ should update existing settings (6 ms)
Server Tests	Run server tests	2025-12-05T02:21:51.6639866Z       ✓ should enforce unique setting keys (7 ms)
Server Tests	Run server tests	2025-12-05T02:21:51.6640336Z     Transaction Operations
Server Tests	Run server tests	2025-12-05T02:21:51.6640930Z       ✓ should execute successful transactions (6 ms)
Server Tests	Run server tests	2025-12-05T02:21:51.6641587Z       ✓ should rollback failed transactions (7 ms)
Server Tests	Run server tests	2025-12-05T02:21:51.6642073Z     Complex Queries
Server Tests	Run server tests	2025-12-05T02:21:51.6642708Z       ✓ should get floor plans with current and lowest prices (12 ms)
Server Tests	Run server tests	2025-12-05T02:21:51.6643438Z       ✓ should filter floor plans by criteria (9 ms)
Server Tests	Run server tests	2025-12-05T02:21:51.6644340Z       ✓ should get price trends over time (10 ms)
Server Tests	Run server tests	2025-12-05T02:21:51.6644678Z 
Server Tests	Run server tests	2025-12-05T02:21:54.2757108Z [32minfo[39m: Incoming request {"ip":"::ffff:127.0.0.1","method":"GET","service":"onnislu-price-tracker","timestamp":"2025-12-05T02:21:54.268Z","url":"/api/floorplans"}
Server Tests	Run server tests	2025-12-05T02:21:54.2832837Z [32minfo[39m: Fetching all floor plans {"service":"onnislu-price-tracker","timestamp":"2025-12-05T02:21:54.280Z"}
Server Tests	Run server tests	2025-12-05T02:21:54.2888684Z [32minfo[39m: Request completed {"duration":"18ms","method":"GET","service":"onnislu-price-tracker","statusCode":200,"timestamp":"2025-12-05T02:21:54.286Z","url":"/"}
Server Tests	Run server tests	2025-12-05T02:21:54.3085744Z [32minfo[39m: Incoming request {"ip":"::ffff:127.0.0.1","method":"GET","service":"onnislu-price-tracker","timestamp":"2025-12-05T02:21:54.304Z","url":"/api/floorplans"}
Server Tests	Run server tests	2025-12-05T02:21:54.3131743Z [32minfo[39m: Fetching all floor plans {"service":"onnislu-price-tracker","timestamp":"2025-12-05T02:21:54.310Z"}
Server Tests	Run server tests	2025-12-05T02:21:54.3169273Z [32minfo[39m: Request completed {"duration":"11ms","method":"GET","service":"onnislu-price-tracker","statusCode":200,"timestamp":"2025-12-05T02:21:54.315Z","url":"/"}
Server Tests	Run server tests	2025-12-05T02:21:54.3280631Z [32minfo[39m: Incoming request {"ip":"::ffff:127.0.0.1","method":"GET","service":"onnislu-price-tracker","timestamp":"2025-12-05T02:21:54.324Z","url":"/api/floorplans/1/history"}
Server Tests	Run server tests	2025-12-05T02:21:54.3349677Z [32minfo[39m: Fetching floor plan price history {"floorPlanId":"1","service":"onnislu-price-tracker","timestamp":"2025-12-05T02:21:54.331Z"}
Server Tests	Run server tests	2025-12-05T02:21:54.3390572Z [32minfo[39m: Request completed {"duration":"13ms","method":"GET","service":"onnislu-price-tracker","statusCode":200,"timestamp":"2025-12-05T02:21:54.337Z","url":"/1/history"}
Server Tests	Run server tests	2025-12-05T02:21:54.3502996Z [32minfo[39m: Incoming request {"ip":"::ffff:127.0.0.1","method":"GET","service":"onnislu-price-tracker","timestamp":"2025-12-05T02:21:54.346Z","url":"/api/floorplans"}
Server Tests	Run server tests	2025-12-05T02:21:54.3554944Z [32minfo[39m: Fetching all floor plans {"service":"onnislu-price-tracker","timestamp":"2025-12-05T02:21:54.352Z"}
Server Tests	Run server tests	2025-12-05T02:21:54.3591589Z [32minfo[39m: Request completed {"duration":"11ms","method":"GET","service":"onnislu-price-tracker","statusCode":200,"timestamp":"2025-12-05T02:21:54.357Z","url":"/"}
Server Tests	Run server tests	2025-12-05T02:21:54.3724911Z [32minfo[39m: Incoming request {"ip":"::ffff:127.0.0.1","method":"GET","service":"onnislu-price-tracker","timestamp":"2025-12-05T02:21:54.368Z","url":"/api/floorplans"}
Server Tests	Run server tests	2025-12-05T02:21:54.3777179Z [32minfo[39m: Fetching all floor plans {"service":"onnislu-price-tracker","timestamp":"2025-12-05T02:21:54.374Z"}
Server Tests	Run server tests	2025-12-05T02:21:54.3809773Z [32minfo[39m: Request completed {"duration":"11ms","method":"GET","service":"onnislu-price-tracker","statusCode":200,"timestamp":"2025-12-05T02:21:54.379Z","url":"/"}
Server Tests	Run server tests	2025-12-05T02:21:54.3956988Z [32minfo[39m: Incoming request {"ip":"::ffff:127.0.0.1","method":"GET","service":"onnislu-price-tracker","timestamp":"2025-12-05T02:21:54.390Z","url":"/api/floorplans"}
Server Tests	Run server tests	2025-12-05T02:21:54.4020504Z [32minfo[39m: Fetching all floor plans {"service":"onnislu-price-tracker","timestamp":"2025-12-05T02:21:54.398Z"}
Server Tests	Run server tests	2025-12-05T02:21:54.4054588Z [32minfo[39m: Request completed {"duration":"13ms","method":"GET","service":"onnislu-price-tracker","statusCode":200,"timestamp":"2025-12-05T02:21:54.403Z","url":"/"}
Server Tests	Run server tests	2025-12-05T02:21:54.4151285Z [32minfo[39m: Incoming request {"ip":"::ffff:127.0.0.1","method":"GET","service":"onnislu-price-tracker","timestamp":"2025-12-05T02:21:54.411Z","url":"/api/floorplans/1/history"}
Server Tests	Run server tests	2025-12-05T02:21:54.4213473Z [32minfo[39m: Fetching floor plan price history {"floorPlanId":"1","service":"onnislu-price-tracker","timestamp":"2025-12-05T02:21:54.418Z"}
Server Tests	Run server tests	2025-12-05T02:21:54.4243937Z [32minfo[39m: Request completed {"duration":"11ms","method":"GET","service":"onnislu-price-tracker","statusCode":200,"timestamp":"2025-12-05T02:21:54.422Z","url":"/1/history"}
Server Tests	Run server tests	2025-12-05T02:21:54.4362882Z [32minfo[39m: Incoming request {"ip":"::ffff:127.0.0.1","method":"GET","service":"onnislu-price-tracker","timestamp":"2025-12-05T02:21:54.432Z","url":"/api/floorplans/1/history"}
Server Tests	Run server tests	2025-12-05T02:21:54.4417354Z [32minfo[39m: Fetching floor plan price history {"floorPlanId":"1","service":"onnislu-price-tracker","timestamp":"2025-12-05T02:21:54.439Z"}
Server Tests	Run server tests	2025-12-05T02:21:54.4448982Z [32minfo[39m: Request completed {"duration":"11ms","method":"GET","service":"onnislu-price-tracker","statusCode":200,"timestamp":"2025-12-05T02:21:54.443Z","url":"/1/history"}
Server Tests	Run server tests	2025-12-05T02:21:54.4572181Z [32minfo[39m: AlertService: price_drop alert created {"floor_plan_id":2,"new_price":2300,"old_price":2500,"pct":8,"service":"onnislu-price-tracker","timestamp":"2025-12-05T02:21:54.455Z"}
Server Tests	Run server tests	2025-12-05T02:21:54.4608458Z [32minfo[39m: AlertService: lowest_price alert created {"floor_plan_id":2,"new_low":2300,"old_low":2500,"service":"onnislu-price-tracker","timestamp":"2025-12-05T02:21:54.458Z"}
Server Tests	Run server tests	2025-12-05T02:21:54.4679722Z [32minfo[39m: Incoming request {"ip":"::ffff:127.0.0.1","method":"GET","service":"onnislu-price-tracker","timestamp":"2025-12-05T02:21:54.464Z","url":"/api/alerts"}
Server Tests	Run server tests	2025-12-05T02:21:54.4730040Z [32minfo[39m: Fetching active alerts {"service":"onnislu-price-tracker","timestamp":"2025-12-05T02:21:54.470Z"}
Server Tests	Run server tests	2025-12-05T02:21:54.4771155Z [32minfo[39m: Request completed {"duration":"11ms","method":"GET","service":"onnislu-price-tracker","statusCode":200,"timestamp":"2025-12-05T02:21:54.475Z","url":"/"}
Server Tests	Run server tests	2025-12-05T02:21:54.4884010Z [32minfo[39m: AlertService: price_drop alert created {"floor_plan_id":3,"new_price":1500,"old_price":2000,"pct":25,"service":"onnislu-price-tracker","timestamp":"2025-12-05T02:21:54.486Z"}
Server Tests	Run server tests	2025-12-05T02:21:54.4911092Z [32minfo[39m: AlertService: lowest_price alert created {"floor_plan_id":3,"new_low":1500,"old_low":2000,"service":"onnislu-price-tracker","timestamp":"2025-12-05T02:21:54.489Z"}
Server Tests	Run server tests	2025-12-05T02:21:54.4987619Z [32minfo[39m: Incoming request {"ip":"::ffff:127.0.0.1","method":"GET","service":"onnislu-price-tracker","timestamp":"2025-12-05T02:21:54.494Z","url":"/api/alerts"}
Server Tests	Run server tests	2025-12-05T02:21:54.5031880Z [32minfo[39m: Fetching active alerts {"service":"onnislu-price-tracker","timestamp":"2025-12-05T02:21:54.500Z"}
Server Tests	Run server tests	2025-12-05T02:21:54.5064484Z [32minfo[39m: Request completed {"duration":"10ms","method":"GET","service":"onnislu-price-tracker","statusCode":200,"timestamp":"2025-12-05T02:21:54.504Z","url":"/"}
Server Tests	Run server tests	2025-12-05T02:21:54.5188565Z [32minfo[39m: Incoming request {"ip":"::ffff:127.0.0.1","method":"GET","service":"onnislu-price-tracker","timestamp":"2025-12-05T02:21:54.514Z","url":"/api/alerts"}
Server Tests	Run server tests	2025-12-05T02:21:54.5231974Z [32minfo[39m: Fetching active alerts {"service":"onnislu-price-tracker","timestamp":"2025-12-05T02:21:54.520Z"}
Server Tests	Run server tests	2025-12-05T02:21:54.5264317Z [32minfo[39m: Request completed {"duration":"10ms","method":"GET","service":"onnislu-price-tracker","statusCode":200,"timestamp":"2025-12-05T02:21:54.524Z","url":"/"}
Server Tests	Run server tests	2025-12-05T02:21:54.5374386Z [32minfo[39m: Incoming request {"ip":"::ffff:127.0.0.1","method":"DELETE","service":"onnislu-price-tracker","timestamp":"2025-12-05T02:21:54.533Z","url":"/api/alerts/1"}
Server Tests	Run server tests	2025-12-05T02:21:54.5421932Z [32minfo[39m: Dismissing alert {"alertId":"1","service":"onnislu-price-tracker","timestamp":"2025-12-05T02:21:54.539Z"}
Server Tests	Run server tests	2025-12-05T02:21:54.5460700Z [32minfo[39m: Request completed {"duration":"11ms","method":"DELETE","service":"onnislu-price-tracker","statusCode":200,"timestamp":"2025-12-05T02:21:54.544Z","url":"/1"}
Server Tests	Run server tests	2025-12-05T02:21:54.5558990Z [32minfo[39m: Incoming request {"ip":"::ffff:127.0.0.1","method":"GET","service":"onnislu-price-tracker","timestamp":"2025-12-05T02:21:54.552Z","url":"/api/alerts"}
Server Tests	Run server tests	2025-12-05T02:21:54.5601708Z [32minfo[39m: Fetching active alerts {"service":"onnislu-price-tracker","timestamp":"2025-12-05T02:21:54.557Z"}
Server Tests	Run server tests	2025-12-05T02:21:54.5641641Z [32minfo[39m: Request completed {"duration":"11ms","method":"GET","service":"onnislu-price-tracker","statusCode":200,"timestamp":"2025-12-05T02:21:54.562Z","url":"/"}
Server Tests	Run server tests	2025-12-05T02:21:54.5833647Z [32minfo[39m: Incoming request {"ip":"::ffff:127.0.0.1","method":"POST","service":"onnislu-price-tracker","timestamp":"2025-12-05T02:21:54.580Z","url":"/api/alerts/settings"}
Server Tests	Run server tests	2025-12-05T02:21:54.5866227Z [32minfo[39m: Updating alert settings {"service":"onnislu-price-tracker","thresholdType":"percentage","thresholdValue":10,"timestamp":"2025-12-05T02:21:54.584Z"}
Server Tests	Run server tests	2025-12-05T02:21:54.5911003Z [32minfo[39m: Request completed {"duration":"9ms","method":"POST","service":"onnislu-price-tracker","statusCode":200,"timestamp":"2025-12-05T02:21:54.589Z","url":"/settings"}
Server Tests	Run server tests	2025-12-05T02:21:54.6033609Z [32minfo[39m: Incoming request {"ip":"::ffff:127.0.0.1","method":"GET","service":"onnislu-price-tracker","timestamp":"2025-12-05T02:21:54.599Z","url":"/api/export/csv"}
Server Tests	Run server tests	2025-12-05T02:21:54.6089795Z [32minfo[39m: Exporting data as CSV {"service":"onnislu-price-tracker","timestamp":"2025-12-05T02:21:54.605Z"}
Server Tests	Run server tests	2025-12-05T02:21:54.6131771Z [32minfo[39m: ExportService.streamPriceHistoryCSV start {"includeHeader":true,"service":"onnislu-price-tracker","timestamp":"2025-12-05T02:21:54.609Z"}
Server Tests	Run server tests	2025-12-05T02:21:54.6171006Z [32minfo[39m: Request completed {"duration":"16ms","method":"GET","service":"onnislu-price-tracker","statusCode":200,"timestamp":"2025-12-05T02:21:54.615Z","url":"/csv"}
Server Tests	Run server tests	2025-12-05T02:21:54.6190335Z [32minfo[39m: ExportService.streamPriceHistoryCSV completed {"filename":"price_history_20251205_022154.csv","rowCount":5,"service":"onnislu-price-tracker","timestamp":"2025-12-05T02:21:54.617Z"}
Server Tests	Run server tests	2025-12-05T02:21:54.6319383Z [32minfo[39m: Incoming request {"ip":"::ffff:127.0.0.1","method":"GET","service":"onnislu-price-tracker","timestamp":"2025-12-05T02:21:54.628Z","url":"/api/export/csv"}
Server Tests	Run server tests	2025-12-05T02:21:54.6363192Z [32minfo[39m: Exporting data as CSV {"service":"onnislu-price-tracker","timestamp":"2025-12-05T02:21:54.633Z"}
Server Tests	Run server tests	2025-12-05T02:21:54.6393553Z [32minfo[39m: ExportService.streamPriceHistoryCSV start {"includeHeader":true,"service":"onnislu-price-tracker","timestamp":"2025-12-05T02:21:54.636Z"}
Server Tests	Run server tests	2025-12-05T02:21:54.6434475Z [32minfo[39m: Request completed {"duration":"13ms","method":"GET","service":"onnislu-price-tracker","statusCode":200,"timestamp":"2025-12-05T02:21:54.641Z","url":"/csv"}
Server Tests	Run server tests	2025-12-05T02:21:54.6452487Z [32minfo[39m: ExportService.streamPriceHistoryCSV completed {"filename":"price_history_20251205_022154.csv","rowCount":5,"service":"onnislu-price-tracker","timestamp":"2025-12-05T02:21:54.644Z"}
Server Tests	Run server tests	2025-12-05T02:21:54.6554564Z [32minfo[39m: Incoming request {"ip":"::ffff:127.0.0.1","method":"GET","service":"onnislu-price-tracker","timestamp":"2025-12-05T02:21:54.651Z","url":"/api/status"}
Server Tests	Run server tests	2025-12-05T02:21:54.6617164Z [32minfo[39m: Fetching system status {"service":"onnislu-price-tracker","timestamp":"2025-12-05T02:21:54.657Z"}
Server Tests	Run server tests	2025-12-05T02:21:54.6665106Z [32minfo[39m: Request completed {"duration":"13ms","method":"GET","service":"onnislu-price-tracker","statusCode":200,"timestamp":"2025-12-05T02:21:54.664Z","url":"/"}
Server Tests	Run server tests	2025-12-05T02:21:54.6774435Z [32minfo[39m: Incoming request {"ip":"::ffff:127.0.0.1","method":"GET","service":"onnislu-price-tracker","timestamp":"2025-12-05T02:21:54.673Z","url":"/api/status"}
Server Tests	Run server tests	2025-12-05T02:21:54.6827007Z [32minfo[39m: Fetching system status {"service":"onnislu-price-tracker","timestamp":"2025-12-05T02:21:54.680Z"}
Server Tests	Run server tests	2025-12-05T02:21:54.6871954Z [32minfo[39m: Request completed {"duration":"12ms","method":"GET","service":"onnislu-price-tracker","statusCode":200,"timestamp":"2025-12-05T02:21:54.685Z","url":"/"}
Server Tests	Run server tests	2025-12-05T02:21:54.6987803Z [32minfo[39m: Incoming request {"ip":"::ffff:127.0.0.1","method":"GET","service":"onnislu-price-tracker","timestamp":"2025-12-05T02:21:54.694Z","url":"/api/floorplans/99999/history"}
Server Tests	Run server tests	2025-12-05T02:21:54.7034357Z [32minfo[39m: Fetching floor plan price history {"floorPlanId":"99999","service":"onnislu-price-tracker","timestamp":"2025-12-05T02:21:54.700Z"}
Server Tests	Run server tests	2025-12-05T02:21:54.7066942Z [32minfo[39m: Request completed {"duration":"10ms","method":"GET","service":"onnislu-price-tracker","statusCode":200,"timestamp":"2025-12-05T02:21:54.704Z","url":"/99999/history"}
Server Tests	Run server tests	2025-12-05T02:21:54.7191298Z [32minfo[39m: Incoming request {"ip":"::ffff:127.0.0.1","method":"DELETE","service":"onnislu-price-tracker","timestamp":"2025-12-05T02:21:54.715Z","url":"/api/alerts/99999"}
Server Tests	Run server tests	2025-12-05T02:21:54.7236698Z [32minfo[39m: Dismissing alert {"alertId":"99999","service":"onnislu-price-tracker","timestamp":"2025-12-05T02:21:54.721Z"}
Server Tests	Run server tests	2025-12-05T02:21:54.7268009Z [32minfo[39m: Request completed {"duration":"10ms","method":"DELETE","service":"onnislu-price-tracker","statusCode":200,"timestamp":"2025-12-05T02:21:54.725Z","url":"/99999"}
Server Tests	Run server tests	2025-12-05T02:21:54.7388356Z [32minfo[39m: Incoming request {"ip":"::ffff:127.0.0.1","method":"POST","service":"onnislu-price-tracker","timestamp":"2025-12-05T02:21:54.736Z","url":"/api/alerts/settings"}
Server Tests	Run server tests	2025-12-05T02:21:54.7430005Z [33mwarn[39m: Validation error {"data":{"thresholdType":"invalid","thresholdValue":-10},"endpoint":"/settings","error":"\"thresholdType\" must be one of [dollar, percentage]","method":"POST","property":"body","service":"onnislu-price-tracker","timestamp":"2025-12-05T02:21:54.740Z"}
Server Tests	Run server tests	2025-12-05T02:21:54.7458342Z [32minfo[39m: Request completed {"duration":"7ms","method":"POST","service":"onnislu-price-tracker","statusCode":400,"timestamp":"2025-12-05T02:21:54.743Z","url":"/settings"}
Server Tests	Run server tests	2025-12-05T02:21:54.7578022Z [32minfo[39m: Incoming request {"ip":"::ffff:127.0.0.1","method":"GET","service":"onnislu-price-tracker","timestamp":"2025-12-05T02:21:54.754Z","url":"/api/floorplans?bedrooms=2"}
Server Tests	Run server tests	2025-12-05T02:21:54.7620826Z [32minfo[39m: Fetching all floor plans {"service":"onnislu-price-tracker","timestamp":"2025-12-05T02:21:54.759Z"}
Server Tests	Run server tests	2025-12-05T02:21:54.7663652Z [32minfo[39m: Request completed {"duration":"11ms","method":"GET","service":"onnislu-price-tracker","statusCode":200,"timestamp":"2025-12-05T02:21:54.764Z","url":"/?bedrooms=2"}
Server Tests	Run server tests	2025-12-05T02:21:54.7773127Z [32minfo[39m: Incoming request {"ip":"::ffff:127.0.0.1","method":"GET","service":"onnislu-price-tracker","timestamp":"2025-12-05T02:21:54.773Z","url":"/api/floorplans?bedrooms=99"}
Server Tests	Run server tests	2025-12-05T02:21:54.7825131Z [32minfo[39m: Fetching all floor plans {"service":"onnislu-price-tracker","timestamp":"2025-12-05T02:21:54.779Z"}
Server Tests	Run server tests	2025-12-05T02:21:54.7858064Z [32minfo[39m: Request completed {"duration":"11ms","method":"GET","service":"onnislu-price-tracker","statusCode":200,"timestamp":"2025-12-05T02:21:54.784Z","url":"/?bedrooms=99"}
Server Tests	Run server tests	2025-12-05T02:21:54.7963337Z [32minfo[39m: Incoming request {"ip":"::ffff:127.0.0.1","method":"GET","service":"onnislu-price-tracker","timestamp":"2025-12-05T02:21:54.792Z","url":"/api/floorplans"}
Server Tests	Run server tests	2025-12-05T02:21:54.8018891Z [32minfo[39m: Fetching all floor plans {"service":"onnislu-price-tracker","timestamp":"2025-12-05T02:21:54.798Z"}
Server Tests	Run server tests	2025-12-05T02:21:54.8051169Z [32minfo[39m: Request completed {"duration":"11ms","method":"GET","service":"onnislu-price-tracker","statusCode":200,"timestamp":"2025-12-05T02:21:54.803Z","url":"/"}
Server Tests	Run server tests	2025-12-05T02:21:54.8143980Z [32minfo[39m: Incoming request {"ip":"::ffff:127.0.0.1","method":"GET","service":"onnislu-price-tracker","timestamp":"2025-12-05T02:21:54.810Z","url":"/api/floorplans/1/history"}
Server Tests	Run server tests	2025-12-05T02:21:54.8200394Z [32minfo[39m: Fetching floor plan price history {"floorPlanId":"1","service":"onnislu-price-tracker","timestamp":"2025-12-05T02:21:54.816Z"}
Server Tests	Run server tests	2025-12-05T02:21:54.8231103Z [32minfo[39m: Request completed {"duration":"11ms","method":"GET","service":"onnislu-price-tracker","statusCode":200,"timestamp":"2025-12-05T02:21:54.821Z","url":"/1/history"}
Server Tests	Run server tests	2025-12-05T02:21:54.8685522Z PASS src/server/__tests__/final-integration.test.ts
Server Tests	Run server tests	2025-12-05T02:21:54.8688079Z   Final Integration Tests
Server Tests	Run server tests	2025-12-05T02:21:54.8688893Z     1. Complete Application Flow - Data Collection to UI
Server Tests	Run server tests	2025-12-05T02:21:54.8690451Z       ✓ should handle complete data flow: insert -> retrieve -> display (74 ms)
Server Tests	Run server tests	2025-12-05T02:21:54.8691309Z       ✓ should retrieve price history for floor plan (45 ms)
Server Tests	Run server tests	2025-12-05T02:21:54.8691838Z     2. Data Persistence Across Restarts
Server Tests	Run server tests	2025-12-05T02:21:54.8692447Z       ✓ should persist data after database reconnection (41 ms)
Server Tests	Run server tests	2025-12-05T02:21:54.8693184Z       ✓ should maintain price history integrity after restart (64 ms)
Server Tests	Run server tests	2025-12-05T02:21:54.8693733Z     3. Alert Scenarios Validation
Server Tests	Run server tests	2025-12-05T02:21:54.8694771Z       ✓ should generate price drop alert when threshold exceeded (33 ms)
Server Tests	Run server tests	2025-12-05T02:21:54.8695585Z       ✓ should generate lowest price alert (29 ms)
Server Tests	Run server tests	2025-12-05T02:21:54.8696103Z       ✓ should dismiss alerts (57 ms)
Server Tests	Run server tests	2025-12-05T02:21:54.8696606Z       ✓ should configure alert settings (29 ms)
Server Tests	Run server tests	2025-12-05T02:21:54.8697054Z     4. Export Functionality Validation
Server Tests	Run server tests	2025-12-05T02:21:54.8697541Z       ✓ should export data as CSV (27 ms)
Server Tests	Run server tests	2025-12-05T02:21:54.8698146Z       ✓ should include all required fields in CSV export (25 ms)
Server Tests	Run server tests	2025-12-05T02:21:54.8699009Z     5. System Status and Health
Server Tests	Run server tests	2025-12-05T02:21:54.8699468Z       ✓ should return system status (22 ms)
Server Tests	Run server tests	2025-12-05T02:21:54.8699968Z       ✓ should verify database health (20 ms)
Server Tests	Run server tests	2025-12-05T02:21:54.8700398Z     6. Error Handling and Edge Cases
Server Tests	Run server tests	2025-12-05T02:21:54.8700970Z       ✓ should handle invalid floor plan ID gracefully (20 ms)
Server Tests	Run server tests	2025-12-05T02:21:54.8701605Z       ✓ should handle invalid alert ID gracefully (21 ms)
Server Tests	Run server tests	2025-12-05T02:21:54.8702324Z       ✓ should validate alert settings input (18 ms)
Server Tests	Run server tests	2025-12-05T02:21:54.8702971Z     7. Filter and Search Functionality
Server Tests	Run server tests	2025-12-05T02:21:54.8703516Z       ✓ should filter floor plans by bedrooms (19 ms)
Server Tests	Run server tests	2025-12-05T02:21:54.8704325Z       ✓ should handle no results gracefully (19 ms)
Server Tests	Run server tests	2025-12-05T02:21:54.8704860Z     8. Data Integrity and Consistency
Server Tests	Run server tests	2025-12-05T02:21:54.8705476Z       ✓ should maintain referential integrity between tables (37 ms)
Server Tests	Run server tests	2025-12-05T02:21:54.8706112Z       ✓ should store only lowest daily price (5 ms)
Server Tests	Run server tests	2025-12-05T02:21:54.8706417Z 
Server Tests	Run server tests	2025-12-05T02:21:55.0341765Z FAIL src/server/__tests__/services/DataService.test.ts
Server Tests	Run server tests	2025-12-05T02:21:55.0342800Z   ● Test suite failed to run
Server Tests	Run server tests	2025-12-05T02:21:55.0343083Z 
Server Tests	Run server tests	2025-12-05T02:21:55.0344713Z     [96msrc/server/__tests__/services/DataService.test.ts[0m:[93m22[0m:[93m40[0m - [91merror[0m[90m TS2339: [0mProperty 'getAllBuildings' does not exist on type 'DataService'.
Server Tests	Run server tests	2025-12-05T02:21:55.0345829Z 
Server Tests	Run server tests	2025-12-05T02:21:55.0346321Z     [7m22[0m       const result = await dataService.getAllBuildings();
Server Tests	Run server tests	2025-12-05T02:21:55.0347222Z     [7m  [0m [91m                                       ~~~~~~~~~~~~~~~[0m
Server Tests	Run server tests	2025-12-05T02:21:55.0348898Z     [96msrc/server/__tests__/services/DataService.test.ts[0m:[93m30[0m:[93m46[0m - [91merror[0m[90m TS2339: [0mProperty 'getAllBuildings' does not exist on type 'DataService'.
Server Tests	Run server tests	2025-12-05T02:21:55.0349925Z 
Server Tests	Run server tests	2025-12-05T02:21:55.0350568Z     [7m30[0m       const allBuildings = await dataService.getAllBuildings();
Server Tests	Run server tests	2025-12-05T02:21:55.0351470Z     [7m  [0m [91m                                             ~~~~~~~~~~~~~~~[0m
Server Tests	Run server tests	2025-12-05T02:21:55.0353290Z     [96msrc/server/__tests__/services/DataService.test.ts[0m:[93m33[0m:[93m40[0m - [91merror[0m[90m TS2339: [0mProperty 'getBuildingById' does not exist on type 'DataService'.
Server Tests	Run server tests	2025-12-05T02:21:55.0354707Z 
Server Tests	Run server tests	2025-12-05T02:21:55.0355346Z     [7m33[0m       const result = await dataService.getBuildingById(firstBuilding.id);
Server Tests	Run server tests	2025-12-05T02:21:55.0356301Z     [7m  [0m [91m                                       ~~~~~~~~~~~~~~~[0m
Server Tests	Run server tests	2025-12-05T02:21:55.0357991Z     [96msrc/server/__tests__/services/DataService.test.ts[0m:[93m44[0m:[93m40[0m - [91merror[0m[90m TS2339: [0mProperty 'getBuildingById' does not exist on type 'DataService'.
Server Tests	Run server tests	2025-12-05T02:21:55.0358960Z 
Server Tests	Run server tests	2025-12-05T02:21:55.0359498Z     [7m44[0m       const result = await dataService.getBuildingById(99999);
Server Tests	Run server tests	2025-12-05T02:21:55.0360331Z     [7m  [0m [91m                                       ~~~~~~~~~~~~~~~[0m
Server Tests	Run server tests	2025-12-05T02:21:55.0361876Z     [96msrc/server/__tests__/services/DataService.test.ts[0m:[93m55[0m:[93m43[0m - [91merror[0m[90m TS2339: [0mProperty 'getAllBuildings' does not exist on type 'DataService'.
Server Tests	Run server tests	2025-12-05T02:21:55.0362858Z 
Server Tests	Run server tests	2025-12-05T02:21:55.0363298Z     [7m55[0m       const buildings = await dataService.getAllBuildings();
Server Tests	Run server tests	2025-12-05T02:21:55.0364308Z     [7m  [0m [91m                                          ~~~~~~~~~~~~~~~[0m
Server Tests	Run server tests	2025-12-05T02:21:55.0366188Z     [96msrc/server/__tests__/services/DataService.test.ts[0m:[93m91[0m:[93m40[0m - [91merror[0m[90m TS2551: [0mProperty 'getFloorPlansByBuilding' does not exist on type 'DataService'. Did you mean 'getFloorPlanById'?
Server Tests	Run server tests	2025-12-05T02:21:55.0367411Z 
Server Tests	Run server tests	2025-12-05T02:21:55.0367972Z     [7m91[0m       const result = await dataService.getFloorPlansByBuilding(buildingId);
Server Tests	Run server tests	2025-12-05T02:21:55.0368848Z     [7m  [0m [91m                                       ~~~~~~~~~~~~~~~~~~~~~~~[0m
Server Tests	Run server tests	2025-12-05T02:21:55.0369193Z 
Server Tests	Run server tests	2025-12-05T02:21:55.0370031Z       [96msrc/server/services/DataService.ts[0m:[93m173[0m:[93m9[0m
Server Tests	Run server tests	2025-12-05T02:21:55.0371048Z         [7m173[0m   async getFloorPlanById(id: number): Promise<DatabaseResult> {
Server Tests	Run server tests	2025-12-05T02:21:55.0371815Z         [7m   [0m [96m        ~~~~~~~~~~~~~~~~[0m
Server Tests	Run server tests	2025-12-05T02:21:55.0372330Z         'getFloorPlanById' is declared here.
Server Tests	Run server tests	2025-12-05T02:21:55.0373924Z     [96msrc/server/__tests__/services/DataService.test.ts[0m:[93m108[0m:[93m40[0m - [91merror[0m[90m TS2339: [0mProperty 'getFloorPlansWithFilters' does not exist on type 'DataService'.
Server Tests	Run server tests	2025-12-05T02:21:55.0375475Z 
Server Tests	Run server tests	2025-12-05T02:21:55.0376062Z     [7m108[0m       const result = await dataService.getFloorPlansWithFilters({
Server Tests	Run server tests	2025-12-05T02:21:55.0376923Z     [7m   [0m [91m                                       ~~~~~~~~~~~~~~~~~~~~~~~~[0m
Server Tests	Run server tests	2025-12-05T02:21:55.0378482Z     [96msrc/server/__tests__/services/DataService.test.ts[0m:[93m124[0m:[93m43[0m - [91merror[0m[90m TS2339: [0mProperty 'getAllBuildings' does not exist on type 'DataService'.
Server Tests	Run server tests	2025-12-05T02:21:55.0379314Z 
Server Tests	Run server tests	2025-12-05T02:21:55.0379787Z     [7m124[0m       const buildings = await dataService.getAllBuildings();
Server Tests	Run server tests	2025-12-05T02:21:55.0380572Z     [7m   [0m [91m                                          ~~~~~~~~~~~~~~~[0m
Server Tests	Run server tests	2025-12-05T02:21:55.0382363Z     [96msrc/server/__tests__/services/DataService.test.ts[0m:[93m135[0m:[93m40[0m - [91merror[0m[90m TS2551: [0mProperty 'addPriceHistory' does not exist on type 'DataService'. Did you mean 'getPriceHistory'?
Server Tests	Run server tests	2025-12-05T02:21:55.0383537Z 
Server Tests	Run server tests	2025-12-05T02:21:55.0384273Z     [7m135[0m       const result = await dataService.addPriceHistory({
Server Tests	Run server tests	2025-12-05T02:21:55.0385137Z     [7m   [0m [91m                                       ~~~~~~~~~~~~~~~[0m
Server Tests	Run server tests	2025-12-05T02:21:55.0385505Z 
Server Tests	Run server tests	2025-12-05T02:21:55.0386041Z       [96msrc/server/services/DataService.ts[0m:[93m181[0m:[93m9[0m
Server Tests	Run server tests	2025-12-05T02:21:55.0387507Z         [7m181[0m   async getPriceHistory(floorPlanId: number, startDate?: string, endDate?: string, limit?: number): Promise<DatabaseResult> {
Server Tests	Run server tests	2025-12-05T02:21:55.0388706Z         [7m   [0m [96m        ~~~~~~~~~~~~~~~[0m
Server Tests	Run server tests	2025-12-05T02:21:55.0389243Z         'getPriceHistory' is declared here.
Server Tests	Run server tests	2025-12-05T02:21:55.0391067Z     [96msrc/server/__tests__/services/DataService.test.ts[0m:[93m148[0m:[93m25[0m - [91merror[0m[90m TS2551: [0mProperty 'addPriceHistory' does not exist on type 'DataService'. Did you mean 'getPriceHistory'?
Server Tests	Run server tests	2025-12-05T02:21:55.0392252Z 
Server Tests	Run server tests	2025-12-05T02:21:55.0392706Z     [7m148[0m       await dataService.addPriceHistory({
Server Tests	Run server tests	2025-12-05T02:21:55.0393441Z     [7m   [0m [91m                        ~~~~~~~~~~~~~~~[0m
Server Tests	Run server tests	2025-12-05T02:21:55.0393794Z 
Server Tests	Run server tests	2025-12-05T02:21:55.0394562Z       [96msrc/server/services/DataService.ts[0m:[93m181[0m:[93m9[0m
Server Tests	Run server tests	2025-12-05T02:21:55.0396066Z         [7m181[0m   async getPriceHistory(floorPlanId: number, startDate?: string, endDate?: string, limit?: number): Promise<DatabaseResult> {
Server Tests	Run server tests	2025-12-05T02:21:55.0397249Z         [7m   [0m [96m        ~~~~~~~~~~~~~~~[0m
Server Tests	Run server tests	2025-12-05T02:21:55.0397799Z         'getPriceHistory' is declared here.
Server Tests	Run server tests	2025-12-05T02:21:55.0399552Z     [96msrc/server/__tests__/services/DataService.test.ts[0m:[93m154[0m:[93m25[0m - [91merror[0m[90m TS2551: [0mProperty 'addPriceHistory' does not exist on type 'DataService'. Did you mean 'getPriceHistory'?
Server Tests	Run server tests	2025-12-05T02:21:55.0400733Z 
Server Tests	Run server tests	2025-12-05T02:21:55.0401162Z     [7m154[0m       await dataService.addPriceHistory({
Server Tests	Run server tests	2025-12-05T02:21:55.0401893Z     [7m   [0m [91m                        ~~~~~~~~~~~~~~~[0m
Server Tests	Run server tests	2025-12-05T02:21:55.0402247Z 
Server Tests	Run server tests	2025-12-05T02:21:55.0402762Z       [96msrc/server/services/DataService.ts[0m:[93m181[0m:[93m9[0m
Server Tests	Run server tests	2025-12-05T02:21:55.0404463Z         [7m181[0m   async getPriceHistory(floorPlanId: number, startDate?: string, endDate?: string, limit?: number): Promise<DatabaseResult> {
Server Tests	Run server tests	2025-12-05T02:21:55.0405637Z         [7m   [0m [96m        ~~~~~~~~~~~~~~~[0m
Server Tests	Run server tests	2025-12-05T02:21:55.0406180Z         'getPriceHistory' is declared here.
Server Tests	Run server tests	2025-12-05T02:21:55.0439908Z     [96msrc/server/__tests__/services/DataService.test.ts[0m:[93m169[0m:[93m25[0m - [91merror[0m[90m TS2551: [0mProperty 'addPriceHistory' does not exist on type 'DataService'. Did you mean 'getPriceHistory'?
Server Tests	Run server tests	2025-12-05T02:21:55.0441142Z 
Server Tests	Run server tests	2025-12-05T02:21:55.0441677Z     [7m169[0m       await dataService.addPriceHistory({
Server Tests	Run server tests	2025-12-05T02:21:55.0442435Z     [7m   [0m [91m                        ~~~~~~~~~~~~~~~[0m
Server Tests	Run server tests	2025-12-05T02:21:55.0442787Z 
Server Tests	Run server tests	2025-12-05T02:21:55.0443607Z       [96msrc/server/services/DataService.ts[0m:[93m181[0m:[93m9[0m
Server Tests	Run server tests	2025-12-05T02:21:55.0445400Z         [7m181[0m   async getPriceHistory(floorPlanId: number, startDate?: string, endDate?: string, limit?: number): Promise<DatabaseResult> {
Server Tests	Run server tests	2025-12-05T02:21:55.0446587Z         [7m   [0m [96m        ~~~~~~~~~~~~~~~[0m
Server Tests	Run server tests	2025-12-05T02:21:55.0447153Z         'getPriceHistory' is declared here.
Server Tests	Run server tests	2025-12-05T02:21:55.0449039Z     [96msrc/server/__tests__/services/DataService.test.ts[0m:[93m175[0m:[93m25[0m - [91merror[0m[90m TS2551: [0mProperty 'addPriceHistory' does not exist on type 'DataService'. Did you mean 'getPriceHistory'?
Server Tests	Run server tests	2025-12-05T02:21:55.0450227Z 
Server Tests	Run server tests	2025-12-05T02:21:55.0450728Z     [7m175[0m       await dataService.addPriceHistory({
Server Tests	Run server tests	2025-12-05T02:21:55.0451532Z     [7m   [0m [91m                        ~~~~~~~~~~~~~~~[0m
Server Tests	Run server tests	2025-12-05T02:21:55.0451898Z 
Server Tests	Run server tests	2025-12-05T02:21:55.0452422Z       [96msrc/server/services/DataService.ts[0m:[93m181[0m:[93m9[0m
Server Tests	Run server tests	2025-12-05T02:21:55.0453949Z         [7m181[0m   async getPriceHistory(floorPlanId: number, startDate?: string, endDate?: string, limit?: number): Promise<DatabaseResult> {
Server Tests	Run server tests	2025-12-05T02:21:55.0455342Z         [7m   [0m [96m        ~~~~~~~~~~~~~~~[0m
Server Tests	Run server tests	2025-12-05T02:21:55.0455946Z         'getPriceHistory' is declared here.
Server Tests	Run server tests	2025-12-05T02:21:55.0457858Z     [96msrc/server/__tests__/services/DataService.test.ts[0m:[93m181[0m:[93m25[0m - [91merror[0m[90m TS2551: [0mProperty 'addPriceHistory' does not exist on type 'DataService'. Did you mean 'getPriceHistory'?
Server Tests	Run server tests	2025-12-05T02:21:55.0459041Z 
Server Tests	Run server tests	2025-12-05T02:21:55.0459478Z     [7m181[0m       await dataService.addPriceHistory({
Server Tests	Run server tests	2025-12-05T02:21:55.0460215Z     [7m   [0m [91m                        ~~~~~~~~~~~~~~~[0m
Server Tests	Run server tests	2025-12-05T02:21:55.0460585Z 
Server Tests	Run server tests	2025-12-05T02:21:55.0461109Z       [96msrc/server/services/DataService.ts[0m:[93m181[0m:[93m9[0m
Server Tests	Run server tests	2025-12-05T02:21:55.0462604Z         [7m181[0m   async getPriceHistory(floorPlanId: number, startDate?: string, endDate?: string, limit?: number): Promise<DatabaseResult> {
Server Tests	Run server tests	2025-12-05T02:21:55.0463800Z         [7m   [0m [96m        ~~~~~~~~~~~~~~~[0m
Server Tests	Run server tests	2025-12-05T02:21:55.0464563Z         'getPriceHistory' is declared here.
Server Tests	Run server tests	2025-12-05T02:21:55.0466596Z     [96msrc/server/__tests__/services/DataService.test.ts[0m:[93m188[0m:[93m40[0m - [91merror[0m[90m TS2551: [0mProperty 'getPriceHistoryWithDateRange' does not exist on type 'DataService'. Did you mean 'getPriceHistoryRange'?
Server Tests	Run server tests	2025-12-05T02:21:55.0467931Z 
Server Tests	Run server tests	2025-12-05T02:21:55.0468555Z     [7m188[0m       const result = await dataService.getPriceHistoryWithDateRange(
Server Tests	Run server tests	2025-12-05T02:21:55.0469541Z     [7m   [0m [91m                                       ~~~~~~~~~~~~~~~~~~~~~~~~~~~~[0m
Server Tests	Run server tests	2025-12-05T02:21:55.0469928Z 
Server Tests	Run server tests	2025-12-05T02:21:55.0470451Z       [96msrc/server/services/DataService.ts[0m:[93m211[0m:[93m9[0m
Server Tests	Run server tests	2025-12-05T02:21:55.0471821Z         [7m211[0m   async getPriceHistoryRange(startDate?: string, endDate?: string, limit?: number): Promise<DatabaseResult> {
Server Tests	Run server tests	2025-12-05T02:21:55.0472943Z         [7m   [0m [96m        ~~~~~~~~~~~~~~~~~~~~[0m
Server Tests	Run server tests	2025-12-05T02:21:55.0473521Z         'getPriceHistoryRange' is declared here.
Server Tests	Run server tests	2025-12-05T02:21:55.0475612Z     [96msrc/server/__tests__/services/DataService.test.ts[0m:[93m200[0m:[93m25[0m - [91merror[0m[90m TS2551: [0mProperty 'addPriceHistory' does not exist on type 'DataService'. Did you mean 'getPriceHistory'?
Server Tests	Run server tests	2025-12-05T02:21:55.0476794Z 
Server Tests	Run server tests	2025-12-05T02:21:55.0477229Z     [7m200[0m       await dataService.addPriceHistory({
Server Tests	Run server tests	2025-12-05T02:21:55.0478278Z     [7m   [0m [91m                        ~~~~~~~~~~~~~~~[0m
Server Tests	Run server tests	2025-12-05T02:21:55.0478626Z 
Server Tests	Run server tests	2025-12-05T02:21:55.0479167Z       [96msrc/server/services/DataService.ts[0m:[93m181[0m:[93m9[0m
Server Tests	Run server tests	2025-12-05T02:21:55.0480643Z         [7m181[0m   async getPriceHistory(floorPlanId: number, startDate?: string, endDate?: string, limit?: number): Promise<DatabaseResult> {
Server Tests	Run server tests	2025-12-05T02:21:55.0481830Z         [7m   [0m [96m        ~~~~~~~~~~~~~~~[0m
Server Tests	Run server tests	2025-12-05T02:21:55.0482686Z         'getPriceHistory' is declared here.
Server Tests	Run server tests	2025-12-05T02:21:55.0484756Z     [96msrc/server/__tests__/services/DataService.test.ts[0m:[93m214[0m:[93m25[0m - [91merror[0m[90m TS2551: [0mProperty 'addPriceHistory' does not exist on type 'DataService'. Did you mean 'getPriceHistory'?
Server Tests	Run server tests	2025-12-05T02:21:55.0485925Z 
Server Tests	Run server tests	2025-12-05T02:21:55.0486385Z     [7m214[0m       await dataService.addPriceHistory({
Server Tests	Run server tests	2025-12-05T02:21:55.0487139Z     [7m   [0m [91m                        ~~~~~~~~~~~~~~~[0m
Server Tests	Run server tests	2025-12-05T02:21:55.0487511Z 
Server Tests	Run server tests	2025-12-05T02:21:55.0488023Z       [96msrc/server/services/DataService.ts[0m:[93m181[0m:[93m9[0m
Server Tests	Run server tests	2025-12-05T02:21:55.0489491Z         [7m181[0m   async getPriceHistory(floorPlanId: number, startDate?: string, endDate?: string, limit?: number): Promise<DatabaseResult> {
Server Tests	Run server tests	2025-12-05T02:21:55.0490673Z         [7m   [0m [96m        ~~~~~~~~~~~~~~~[0m
Server Tests	Run server tests	2025-12-05T02:21:55.0491216Z         'getPriceHistory' is declared here.
Server Tests	Run server tests	2025-12-05T02:21:55.0493027Z     [96msrc/server/__tests__/services/DataService.test.ts[0m:[93m220[0m:[93m25[0m - [91merror[0m[90m TS2551: [0mProperty 'addPriceHistory' does not exist on type 'DataService'. Did you mean 'getPriceHistory'?
Server Tests	Run server tests	2025-12-05T02:21:55.0494392Z 
Server Tests	Run server tests	2025-12-05T02:21:55.0494826Z     [7m220[0m       await dataService.addPriceHistory({
Server Tests	Run server tests	2025-12-05T02:21:55.0495554Z     [7m   [0m [91m                        ~~~~~~~~~~~~~~~[0m
Server Tests	Run server tests	2025-12-05T02:21:55.0495894Z 
Server Tests	Run server tests	2025-12-05T02:21:55.0496406Z       [96msrc/server/services/DataService.ts[0m:[93m181[0m:[93m9[0m
Server Tests	Run server tests	2025-12-05T02:21:55.0497888Z         [7m181[0m   async getPriceHistory(floorPlanId: number, startDate?: string, endDate?: string, limit?: number): Promise<DatabaseResult> {
Server Tests	Run server tests	2025-12-05T02:21:55.0499052Z         [7m   [0m [96m        ~~~~~~~~~~~~~~~[0m
Server Tests	Run server tests	2025-12-05T02:21:55.0499580Z         'getPriceHistory' is declared here.
Server Tests	Run server tests	2025-12-05T02:21:55.0501381Z     [96msrc/server/__tests__/services/DataService.test.ts[0m:[93m226[0m:[93m25[0m - [91merror[0m[90m TS2551: [0mProperty 'addPriceHistory' does not exist on type 'DataService'. Did you mean 'getPriceHistory'?
Server Tests	Run server tests	2025-12-05T02:21:55.0502559Z 
Server Tests	Run server tests	2025-12-05T02:21:55.0502984Z     [7m226[0m       await dataService.addPriceHistory({
Server Tests	Run server tests	2025-12-05T02:21:55.0503757Z     [7m   [0m [91m                        ~~~~~~~~~~~~~~~[0m
Server Tests	Run server tests	2025-12-05T02:21:55.0504314Z 
Server Tests	Run server tests	2025-12-05T02:21:55.0504841Z       [96msrc/server/services/DataService.ts[0m:[93m181[0m:[93m9[0m
Server Tests	Run server tests	2025-12-05T02:21:55.0506335Z         [7m181[0m   async getPriceHistory(floorPlanId: number, startDate?: string, endDate?: string, limit?: number): Promise<DatabaseResult> {
Server Tests	Run server tests	2025-12-05T02:21:55.0507558Z         [7m   [0m [96m        ~~~~~~~~~~~~~~~[0m
Server Tests	Run server tests	2025-12-05T02:21:55.0508078Z         'getPriceHistory' is declared here.
Server Tests	Run server tests	2025-12-05T02:21:55.0509854Z     [96msrc/server/__tests__/services/DataService.test.ts[0m:[93m233[0m:[93m40[0m - [91merror[0m[90m TS2551: [0mProperty 'getLowestPrice' does not exist on type 'DataService'. Did you mean 'getLatestPrices'?
Server Tests	Run server tests	2025-12-05T02:21:55.0511031Z 
Server Tests	Run server tests	2025-12-05T02:21:55.0511626Z     [7m233[0m       const result = await dataService.getLowestPrice(floorPlanId);
Server Tests	Run server tests	2025-12-05T02:21:55.0512539Z     [7m   [0m [91m                                       ~~~~~~~~~~~~~~[0m
Server Tests	Run server tests	2025-12-05T02:21:55.0512904Z 
Server Tests	Run server tests	2025-12-05T02:21:55.0513432Z       [96msrc/server/services/DataService.ts[0m:[93m193[0m:[93m9[0m
Server Tests	Run server tests	2025-12-05T02:21:55.0514604Z         [7m193[0m   async getLatestPrices(): Promise<DatabaseResult> {
Server Tests	Run server tests	2025-12-05T02:21:55.0515578Z         [7m   [0m [96m        ~~~~~~~~~~~~~~~[0m
Server Tests	Run server tests	2025-12-05T02:21:55.0516099Z         'getLatestPrices' is declared here.
Server Tests	Run server tests	2025-12-05T02:21:55.0517681Z     [96msrc/server/__tests__/services/DataService.test.ts[0m:[93m245[0m:[93m43[0m - [91merror[0m[90m TS2339: [0mProperty 'getAllBuildings' does not exist on type 'DataService'.
Server Tests	Run server tests	2025-12-05T02:21:55.0518675Z 
Server Tests	Run server tests	2025-12-05T02:21:55.0519205Z     [7m245[0m       const buildings = await dataService.getAllBuildings();
Server Tests	Run server tests	2025-12-05T02:21:55.0520279Z     [7m   [0m [91m                                          ~~~~~~~~~~~~~~~[0m
Server Tests	Run server tests	2025-12-05T02:21:55.0521872Z     [96msrc/server/__tests__/services/DataService.test.ts[0m:[93m256[0m:[93m40[0m - [91merror[0m[90m TS2339: [0mProperty 'createAlert' does not exist on type 'DataService'.
Server Tests	Run server tests	2025-12-05T02:21:55.0522856Z 
Server Tests	Run server tests	2025-12-05T02:21:55.0523330Z     [7m256[0m       const result = await dataService.createAlert({
Server Tests	Run server tests	2025-12-05T02:21:55.0524296Z     [7m   [0m [91m                                       ~~~~~~~~~~~[0m
Server Tests	Run server tests	2025-12-05T02:21:55.0525855Z     [96msrc/server/__tests__/services/DataService.test.ts[0m:[93m269[0m:[93m25[0m - [91merror[0m[90m TS2339: [0mProperty 'createAlert' does not exist on type 'DataService'.
Server Tests	Run server tests	2025-12-05T02:21:55.0526831Z 
Server Tests	Run server tests	2025-12-05T02:21:55.0527186Z     [7m269[0m       await dataService.createAlert({
Server Tests	Run server tests	2025-12-05T02:21:55.0527878Z     [7m   [0m [91m                        ~~~~~~~~~~~[0m
Server Tests	Run server tests	2025-12-05T02:21:55.0529448Z     [96msrc/server/__tests__/services/DataService.test.ts[0m:[93m283[0m:[93m46[0m - [91merror[0m[90m TS2339: [0mProperty 'createAlert' does not exist on type 'DataService'.
Server Tests	Run server tests	2025-12-05T02:21:55.0530437Z 
Server Tests	Run server tests	2025-12-05T02:21:55.0530952Z     [7m283[0m       const createResult = await dataService.createAlert({
Server Tests	Run server tests	2025-12-05T02:21:55.0531820Z     [7m   [0m [91m                                             ~~~~~~~~~~~[0m
Server Tests	Run server tests	2025-12-05T02:21:55.0532186Z 
Server Tests	Run server tests	2025-12-05T02:21:56.3371192Z PASS src/server/__tests__/performance/database-performance.test.ts
Server Tests	Run server tests	2025-12-05T02:21:56.3373602Z   Database Performance Tests
Server Tests	Run server tests	2025-12-05T02:21:56.3374334Z     Large Dataset Operations
Server Tests	Run server tests	2025-12-05T02:21:56.3375527Z       ✓ should handle bulk floor plan inserts efficiently (31 ms)
Server Tests	Run server tests	2025-12-05T02:21:56.3376239Z       ✓ should handle bulk price history inserts efficiently (603 ms)
Server Tests	Run server tests	2025-12-05T02:21:56.3376891Z       ✓ should query large price history efficiently (6 ms)
Server Tests	Run server tests	2025-12-05T02:21:56.3377583Z       ✓ should filter floor plans efficiently with complex criteria (2 ms)
Server Tests	Run server tests	2025-12-05T02:21:56.3378252Z       ✓ should handle concurrent read operations (79 ms)
Server Tests	Run server tests	2025-12-05T02:21:56.3378899Z       ✓ should calculate statistics efficiently on large dataset (5 ms)
Server Tests	Run server tests	2025-12-05T02:21:56.3379359Z     Query Optimization
Server Tests	Run server tests	2025-12-05T02:21:56.3379853Z       ✓ should use indexes for common queries (7 ms)
Server Tests	Run server tests	2025-12-05T02:21:56.3380428Z       ✓ should handle date range queries efficiently (4 ms)
Server Tests	Run server tests	2025-12-05T02:21:56.3380833Z     Memory Usage
Server Tests	Run server tests	2025-12-05T02:21:56.3381326Z       ✓ should not leak memory during repeated operations (351 ms)
Server Tests	Run server tests	2025-12-05T02:21:56.3381789Z     Transaction Performance
Server Tests	Run server tests	2025-12-05T02:21:56.3382312Z       ✓ should handle complex transactions efficiently (6 ms)
Server Tests	Run server tests	2025-12-05T02:21:56.3382636Z 
Server Tests	Run server tests	2025-12-05T02:21:56.8352246Z [32minfo[39m: Incoming request {"ip":"::ffff:127.0.0.1","method":"GET","service":"onnislu-price-tracker","timestamp":"2025-12-05T02:21:56.830Z","url":"/api/status"}
Server Tests	Run server tests	2025-12-05T02:21:56.8436383Z [32minfo[39m: Fetching system status {"service":"onnislu-price-tracker","timestamp":"2025-12-05T02:21:56.841Z"}
Server Tests	Run server tests	2025-12-05T02:21:56.8539071Z [32minfo[39m: Request completed {"duration":"21ms","method":"GET","service":"onnislu-price-tracker","statusCode":200,"timestamp":"2025-12-05T02:21:56.851Z","url":"/"}
Server Tests	Run server tests	2025-12-05T02:21:56.8767163Z [32minfo[39m: Incoming request {"ip":"::ffff:127.0.0.1","method":"GET","service":"onnislu-price-tracker","timestamp":"2025-12-05T02:21:56.872Z","url":"/api/floorplans"}
Server Tests	Run server tests	2025-12-05T02:21:56.8813981Z [32minfo[39m: Fetching all floor plans {"service":"onnislu-price-tracker","timestamp":"2025-12-05T02:21:56.878Z"}
Server Tests	Run server tests	2025-12-05T02:21:56.8852147Z [32minfo[39m: Request completed {"duration":"11ms","method":"GET","service":"onnislu-price-tracker","statusCode":200,"timestamp":"2025-12-05T02:21:56.883Z","url":"/"}
Server Tests	Run server tests	2025-12-05T02:21:56.9004969Z [32minfo[39m: Incoming request {"ip":"::ffff:127.0.0.1","method":"GET","service":"onnislu-price-tracker","timestamp":"2025-12-05T02:21:56.896Z","url":"/api/floorplans/1"}
Server Tests	Run server tests	2025-12-05T02:21:56.9055866Z [32minfo[39m: Fetching floor plan details {"floorPlanId":"1","service":"onnislu-price-tracker","timestamp":"2025-12-05T02:21:56.902Z"}
Server Tests	Run server tests	2025-12-05T02:21:56.9103573Z [32minfo[39m: Request completed {"duration":"12ms","method":"GET","service":"onnislu-price-tracker","statusCode":200,"timestamp":"2025-12-05T02:21:56.908Z","url":"/1"}
Server Tests	Run server tests	2025-12-05T02:21:56.9227007Z [32minfo[39m: Incoming request {"ip":"::ffff:127.0.0.1","method":"GET","service":"onnislu-price-tracker","timestamp":"2025-12-05T02:21:56.918Z","url":"/api/floorplans/invalid"}
Server Tests	Run server tests	2025-12-05T02:21:56.9292069Z [33mwarn[39m: Validation error {"data":{"id":"invalid"},"endpoint":"/invalid","error":"\"id\" must be a number","method":"GET","property":"params","service":"onnislu-price-tracker","timestamp":"2025-12-05T02:21:56.925Z"}
Server Tests	Run server tests	2025-12-05T02:21:56.9326063Z [32minfo[39m: Request completed {"duration":"12ms","method":"GET","service":"onnislu-price-tracker","statusCode":400,"timestamp":"2025-12-05T02:21:56.930Z","url":"/invalid"}
Server Tests	Run server tests	2025-12-05T02:21:56.9449682Z [32minfo[39m: Incoming request {"ip":"::ffff:127.0.0.1","method":"GET","service":"onnislu-price-tracker","timestamp":"2025-12-05T02:21:56.940Z","url":"/api/floorplans/1/history"}
Server Tests	Run server tests	2025-12-05T02:21:56.9522320Z [32minfo[39m: Fetching floor plan price history {"floorPlanId":"1","service":"onnislu-price-tracker","timestamp":"2025-12-05T02:21:56.949Z"}
Server Tests	Run server tests	2025-12-05T02:21:56.9554582Z [32minfo[39m: Request completed {"duration":"13ms","method":"GET","service":"onnislu-price-tracker","statusCode":200,"timestamp":"2025-12-05T02:21:56.953Z","url":"/1/history"}
Server Tests	Run server tests	2025-12-05T02:21:56.9691799Z [32minfo[39m: Incoming request {"ip":"::ffff:127.0.0.1","method":"GET","service":"onnislu-price-tracker","timestamp":"2025-12-05T02:21:56.963Z","url":"/api/floorplans/1/history?start=invalid-date"}
Server Tests	Run server tests	2025-12-05T02:21:56.9768945Z [33mwarn[39m: Validation error {"data":{"start":"invalid-date"},"endpoint":"/1/history","error":"\"start\" must be in ISO 8601 date format","method":"GET","property":"query","service":"onnislu-price-tracker","timestamp":"2025-12-05T02:21:56.973Z"}
Server Tests	Run server tests	2025-12-05T02:21:56.9802197Z [32minfo[39m: Request completed {"duration":"14ms","method":"GET","service":"onnislu-price-tracker","statusCode":400,"timestamp":"2025-12-05T02:21:56.977Z","url":"/1/history?start=invalid-date"}
Server Tests	Run server tests	2025-12-05T02:21:56.9945777Z [32minfo[39m: Incoming request {"ip":"::ffff:127.0.0.1","method":"GET","service":"onnislu-price-tracker","timestamp":"2025-12-05T02:21:56.990Z","url":"/api/prices/latest"}
Server Tests	Run server tests	2025-12-05T02:21:56.9999976Z [32minfo[39m: Fetching latest prices for all floor plans {"service":"onnislu-price-tracker","timestamp":"2025-12-05T02:21:56.996Z"}
Server Tests	Run server tests	2025-12-05T02:21:57.0037111Z [32minfo[39m: Request completed {"duration":"11ms","method":"GET","service":"onnislu-price-tracker","statusCode":200,"timestamp":"2025-12-05T02:21:57.001Z","url":"/latest"}
Server Tests	Run server tests	2025-12-05T02:21:57.0176527Z [32minfo[39m: Incoming request {"ip":"::ffff:127.0.0.1","method":"GET","service":"onnislu-price-tracker","timestamp":"2025-12-05T02:21:57.013Z","url":"/api/prices/history?start=2024-01-01&end=2024-12-31&limit=100"}
Server Tests	Run server tests	2025-12-05T02:21:57.0233626Z [32minfo[39m: Fetching price history range {"end":"2024-12-31","limit":"100","service":"onnislu-price-tracker","start":"2024-01-01","timestamp":"2025-12-05T02:21:57.020Z"}
Server Tests	Run server tests	2025-12-05T02:21:57.0278734Z [32minfo[39m: Request completed {"duration":"12ms","method":"GET","service":"onnislu-price-tracker","statusCode":200,"timestamp":"2025-12-05T02:21:57.025Z","url":"/history?start=2024-01-01&end=2024-12-31&limit=100"}
Server Tests	Run server tests	2025-12-05T02:21:57.0413958Z [32minfo[39m: Incoming request {"ip":"::ffff:127.0.0.1","method":"GET","service":"onnislu-price-tracker","timestamp":"2025-12-05T02:21:57.036Z","url":"/api/alerts"}
Server Tests	Run server tests	2025-12-05T02:21:57.0484003Z [32minfo[39m: Fetching active alerts {"service":"onnislu-price-tracker","timestamp":"2025-12-05T02:21:57.043Z"}
Server Tests	Run server tests	2025-12-05T02:21:57.0517891Z [32minfo[39m: Request completed {"duration":"13ms","method":"GET","service":"onnislu-price-tracker","statusCode":200,"timestamp":"2025-12-05T02:21:57.049Z","url":"/"}
Server Tests	Run server tests	2025-12-05T02:21:57.0668482Z [32minfo[39m: Incoming request {"ip":"::ffff:127.0.0.1","method":"POST","service":"onnislu-price-tracker","timestamp":"2025-12-05T02:21:57.064Z","url":"/api/alerts/settings"}
Server Tests	Run server tests	2025-12-05T02:21:57.0701264Z [32minfo[39m: Updating alert settings {"service":"onnislu-price-tracker","thresholdType":"percentage","thresholdValue":10,"timestamp":"2025-12-05T02:21:57.068Z"}
Server Tests	Run server tests	2025-12-05T02:21:57.0761867Z [32minfo[39m: Request completed {"duration":"10ms","method":"POST","service":"onnislu-price-tracker","statusCode":200,"timestamp":"2025-12-05T02:21:57.074Z","url":"/settings"}
Server Tests	Run server tests	2025-12-05T02:21:57.0876537Z [32minfo[39m: Incoming request {"ip":"::ffff:127.0.0.1","method":"POST","service":"onnislu-price-tracker","timestamp":"2025-12-05T02:21:57.085Z","url":"/api/alerts/settings"}
Server Tests	Run server tests	2025-12-05T02:21:57.0908400Z [33mwarn[39m: Validation error {"data":{"thresholdType":"invalid","thresholdValue":-5},"endpoint":"/settings","error":"\"thresholdType\" must be one of [dollar, percentage]","method":"POST","property":"body","service":"onnislu-price-tracker","timestamp":"2025-12-05T02:21:57.088Z"}
Server Tests	Run server tests	2025-12-05T02:21:57.0947980Z [32minfo[39m: Request completed {"duration":"6ms","method":"POST","service":"onnislu-price-tracker","statusCode":400,"timestamp":"2025-12-05T02:21:57.091Z","url":"/settings"}
Server Tests	Run server tests	2025-12-05T02:21:57.1063433Z [32minfo[39m: Incoming request {"ip":"::ffff:127.0.0.1","method":"DELETE","service":"onnislu-price-tracker","timestamp":"2025-12-05T02:21:57.102Z","url":"/api/alerts/1"}
Server Tests	Run server tests	2025-12-05T02:21:57.1110362Z [32minfo[39m: Dismissing alert {"alertId":"1","service":"onnislu-price-tracker","timestamp":"2025-12-05T02:21:57.108Z"}
Server Tests	Run server tests	2025-12-05T02:21:57.1153767Z [32minfo[39m: Request completed {"duration":"11ms","method":"DELETE","service":"onnislu-price-tracker","statusCode":200,"timestamp":"2025-12-05T02:21:57.113Z","url":"/1"}
Server Tests	Run server tests	2025-12-05T02:21:57.1266352Z [32minfo[39m: Incoming request {"ip":"::ffff:127.0.0.1","method":"GET","service":"onnislu-price-tracker","timestamp":"2025-12-05T02:21:57.122Z","url":"/api/export/csv"}
Server Tests	Run server tests	2025-12-05T02:21:57.1322398Z [32minfo[39m: Exporting data as CSV {"service":"onnislu-price-tracker","timestamp":"2025-12-05T02:21:57.128Z"}
Server Tests	Run server tests	2025-12-05T02:21:57.1355636Z [32minfo[39m: ExportService.streamPriceHistoryCSV start {"includeHeader":true,"service":"onnislu-price-tracker","timestamp":"2025-12-05T02:21:57.133Z"}
Server Tests	Run server tests	2025-12-05T02:21:57.1390388Z [32minfo[39m: Request completed {"duration":"15ms","method":"GET","service":"onnislu-price-tracker","statusCode":200,"timestamp":"2025-12-05T02:21:57.137Z","url":"/csv"}
Server Tests	Run server tests	2025-12-05T02:21:57.1410768Z [32minfo[39m: ExportService.streamPriceHistoryCSV completed {"filename":"price_history_20251205_022157.csv","rowCount":6,"service":"onnislu-price-tracker","timestamp":"2025-12-05T02:21:57.139Z"}
Server Tests	Run server tests	2025-12-05T02:21:57.1535727Z [32minfo[39m: Incoming request {"ip":"::ffff:127.0.0.1","method":"GET","service":"onnislu-price-tracker","timestamp":"2025-12-05T02:21:57.149Z","url":"/api/nonexistent"}
Server Tests	Run server tests	2025-12-05T02:21:57.1584231Z [33mwarn[39m: Route not found {"endpoint":"/api/nonexistent","ip":"::ffff:127.0.0.1","method":"GET","service":"onnislu-price-tracker","timestamp":"2025-12-05T02:21:57.155Z"}
Server Tests	Run server tests	2025-12-05T02:21:57.1617041Z [32minfo[39m: Request completed {"duration":"10ms","method":"GET","service":"onnislu-price-tracker","statusCode":404,"timestamp":"2025-12-05T02:21:57.159Z","url":"/api/nonexistent"}
Server Tests	Run server tests	2025-12-05T02:21:57.1762806Z [33mwarn[39m: Invalid JSON in request body {"endpoint":"/api/alerts/settings","error":"Unexpected token i in JSON at position 0","ip":"::ffff:127.0.0.1","method":"POST","service":"onnislu-price-tracker","timestamp":"2025-12-05T02:21:57.173Z"}
Server Tests	Run server tests	2025-12-05T02:21:57.1893326Z [32minfo[39m: Incoming request {"ip":"::ffff:127.0.0.1","method":"POST","service":"onnislu-price-tracker","timestamp":"2025-12-05T02:21:57.185Z","url":"/api/alerts/settings"}
Server Tests	Run server tests	2025-12-05T02:21:57.1924869Z [33mwarn[39m: Validation error {"data":{},"endpoint":"/settings","error":"\"thresholdType\" is required","method":"POST","property":"body","service":"onnislu-price-tracker","timestamp":"2025-12-05T02:21:57.190Z"}
Server Tests	Run server tests	2025-12-05T02:21:57.1949061Z [32minfo[39m: Request completed {"duration":"7ms","method":"POST","service":"onnislu-price-tracker","statusCode":400,"timestamp":"2025-12-05T02:21:57.192Z","url":"/settings"}
Server Tests	Run server tests	2025-12-05T02:21:57.2074801Z [32minfo[39m: Incoming request {"ip":"::ffff:127.0.0.1","method":"GET","service":"onnislu-price-tracker","timestamp":"2025-12-05T02:21:57.201Z","url":"/api/floorplans/0"}
Server Tests	Run server tests	2025-12-05T02:21:57.2122280Z [33mwarn[39m: Validation error {"data":{"id":"0"},"endpoint":"/0","error":"\"id\" must be a positive number","method":"GET","property":"params","service":"onnislu-price-tracker","timestamp":"2025-12-05T02:21:57.209Z"}
Server Tests	Run server tests	2025-12-05T02:21:57.2153192Z [32minfo[39m: Request completed {"duration":"11ms","method":"GET","service":"onnislu-price-tracker","statusCode":400,"timestamp":"2025-12-05T02:21:57.212Z","url":"/0"}
Server Tests	Run server tests	2025-12-05T02:21:57.2858471Z FAIL src/server/__tests__/api-integration.test.ts
Server Tests	Run server tests	2025-12-05T02:21:57.2860973Z   API Integration Tests
Server Tests	Run server tests	2025-12-05T02:21:57.2861418Z     Status Endpoint
Server Tests	Run server tests	2025-12-05T02:21:57.2862133Z       ✕ should return system status (48 ms)
Server Tests	Run server tests	2025-12-05T02:21:57.2862642Z     Floor Plans Endpoints
Server Tests	Run server tests	2025-12-05T02:21:57.2863219Z       ✕ should get all floor plans (27 ms)
Server Tests	Run server tests	2025-12-05T02:21:57.2863875Z       ✕ should get specific floor plan by ID (22 ms)
Server Tests	Run server tests	2025-12-05T02:21:57.2864836Z       ✓ should validate floor plan ID parameter (22 ms)
Server Tests	Run server tests	2025-12-05T02:21:57.2865537Z       ✕ should get floor plan price history (22 ms)
Server Tests	Run server tests	2025-12-05T02:21:57.2866293Z       ✓ should validate date range query parameters (25 ms)
Server Tests	Run server tests	2025-12-05T02:21:57.2866807Z     Prices Endpoints
Server Tests	Run server tests	2025-12-05T02:21:57.2867336Z       ✕ should get latest prices (25 ms)
Server Tests	Run server tests	2025-12-05T02:21:57.2868016Z       ✕ should get price history with date range (23 ms)
Server Tests	Run server tests	2025-12-05T02:21:57.2868622Z     Alerts Endpoints
Server Tests	Run server tests	2025-12-05T02:21:57.2869164Z       ✕ should get active alerts (24 ms)
Server Tests	Run server tests	2025-12-05T02:21:57.2869797Z       ✕ should update alert settings (23 ms)
Server Tests	Run server tests	2025-12-05T02:21:57.2870421Z       ✓ should validate alert settings (18 ms)
Server Tests	Run server tests	2025-12-05T02:21:57.2871006Z       ✓ should dismiss alert (20 ms)
Server Tests	Run server tests	2025-12-05T02:21:57.2871475Z     Export Endpoints
Server Tests	Run server tests	2025-12-05T02:21:57.2871995Z       ✓ should handle CSV export request (26 ms)
Server Tests	Run server tests	2025-12-05T02:21:57.2872413Z     Error Handling
Server Tests	Run server tests	2025-12-05T02:21:57.2872932Z       ✓ should handle 404 for non-existent routes (23 ms)
Server Tests	Run server tests	2025-12-05T02:21:57.2873669Z       ✓ should handle invalid JSON in request body (13 ms)
Server Tests	Run server tests	2025-12-05T02:21:57.2874400Z     Request Validation
Server Tests	Run server tests	2025-12-05T02:21:57.2875038Z       ✓ should validate required fields in request body (18 ms)
Server Tests	Run server tests	2025-12-05T02:21:57.2875775Z       ✓ should validate numeric parameters (21 ms)
Server Tests	Run server tests	2025-12-05T02:21:57.2876113Z 
Server Tests	Run server tests	2025-12-05T02:21:57.2876600Z   ● API Integration Tests › Status Endpoint › should return system status
Server Tests	Run server tests	2025-12-05T02:21:57.2877010Z 
Server Tests	Run server tests	2025-12-05T02:21:57.2877215Z     expect(received).toMatchObject(expected)
Server Tests	Run server tests	2025-12-05T02:21:57.2877499Z 
Server Tests	Run server tests	2025-12-05T02:21:57.2877645Z     - Expected  - 15
Server Tests	Run server tests	2025-12-05T02:21:57.2877928Z     + Received  + 28
Server Tests	Run server tests	2025-12-05T02:21:57.2878091Z 
Server Tests	Run server tests	2025-12-05T02:21:57.2878199Z       Object {
Server Tests	Run server tests	2025-12-05T02:21:57.2878530Z     -   "data": ObjectContaining {
Server Tests	Run server tests	2025-12-05T02:21:57.2879038Z     -     "database": ObjectContaining {
Server Tests	Run server tests	2025-12-05T02:21:57.2879560Z     -       "connected": Any<Boolean>,
Server Tests	Run server tests	2025-12-05T02:21:57.2880038Z     -       "message": Any<String>,
Server Tests	Run server tests	2025-12-05T02:21:57.2880462Z     +   "data": Object {
Server Tests	Run server tests	2025-12-05T02:21:57.2880872Z     +     "database": Object {
Server Tests	Run server tests	2025-12-05T02:21:57.2881741Z     +       "connected": true,
Server Tests	Run server tests	2025-12-05T02:21:57.2882180Z     +       "integrity": "ok",
Server Tests	Run server tests	2025-12-05T02:21:57.2882514Z     +       "stats": Object {
Server Tests	Run server tests	2025-12-05T02:21:57.2882926Z     +         "active_alerts": 3,
Server Tests	Run server tests	2025-12-05T02:21:57.2883347Z     +         "buildings": 6,
Server Tests	Run server tests	2025-12-05T02:21:57.2883686Z     +         "floor_plans": 4,
Server Tests	Run server tests	2025-12-05T02:21:57.2884251Z     +         "price_records": 6,
Server Tests	Run server tests	2025-12-05T02:21:57.2884593Z     +       },
Server Tests	Run server tests	2025-12-05T02:21:57.2885109Z           },
Server Tests	Run server tests	2025-12-05T02:21:57.2885479Z     -     "environment": Any<String>,
Server Tests	Run server tests	2025-12-05T02:21:57.2885972Z     +     "environment": "test",
Server Tests	Run server tests	2025-12-05T02:21:57.2886362Z           "isHealthy": true,
Server Tests	Run server tests	2025-12-05T02:21:57.2886759Z     -     "memory": Any<Object>,
Server Tests	Run server tests	2025-12-05T02:21:57.2887240Z     -     "scheduler": ObjectContaining {
Server Tests	Run server tests	2025-12-05T02:21:57.2887690Z     -       "message": Any<String>,
Server Tests	Run server tests	2025-12-05T02:21:57.2888125Z     -       "running": Any<Boolean>,
Server Tests	Run server tests	2025-12-05T02:21:57.2888483Z     +     "memory": Object {
Server Tests	Run server tests	2025-12-05T02:21:57.2888903Z     +       "arrayBuffers": 14646493,
Server Tests	Run server tests	2025-12-05T02:21:57.2889358Z     +       "external": 16153235,
Server Tests	Run server tests	2025-12-05T02:21:57.2889816Z     +       "heapTotal": 455360512,
Server Tests	Run server tests	2025-12-05T02:21:57.2890293Z     +       "heapUsed": 422523432,
Server Tests	Run server tests	2025-12-05T02:21:57.2890702Z     +       "rss": 554053632,
Server Tests	Run server tests	2025-12-05T02:21:57.2891051Z     +     },
Server Tests	Run server tests	2025-12-05T02:21:57.2891363Z     +     "scheduler": Object {
Server Tests	Run server tests	2025-12-05T02:21:57.2891819Z     +       "lastCollection": null,
Server Tests	Run server tests	2025-12-05T02:21:57.2892272Z     +       "nextCollection": null,
Server Tests	Run server tests	2025-12-05T02:21:57.2892633Z     +       "running": false,
Server Tests	Run server tests	2025-12-05T02:21:57.2892980Z           },
Server Tests	Run server tests	2025-12-05T02:21:57.2893353Z     -     "scraper": ObjectContaining {
Server Tests	Run server tests	2025-12-05T02:21:57.2893868Z     -       "message": Any<String>,
Server Tests	Run server tests	2025-12-05T02:21:57.2894460Z     -       "status": Any<String>,
Server Tests	Run server tests	2025-12-05T02:21:57.2894821Z     +     "scraper": Object {
Server Tests	Run server tests	2025-12-05T02:21:57.2895160Z     +       "lastRun": null,
Server Tests	Run server tests	2025-12-05T02:21:57.2895595Z     +       "status": "pending",
Server Tests	Run server tests	2025-12-05T02:21:57.2895925Z           },
Server Tests	Run server tests	2025-12-05T02:21:57.2896270Z     -     "timestamp": Any<String>,
Server Tests	Run server tests	2025-12-05T02:21:57.2896643Z     -     "uptime": Any<Number>,
Server Tests	Run server tests	2025-12-05T02:21:57.2897098Z     -     "version": Any<String>,
Server Tests	Run server tests	2025-12-05T02:21:57.2897576Z     +     "timestamp": "2025-12-05T02:21:56.851Z",
Server Tests	Run server tests	2025-12-05T02:21:57.2898018Z     +     "uptime": 8.541071465,
Server Tests	Run server tests	2025-12-05T02:21:57.2898411Z     +     "version": "1.0.0",
Server Tests	Run server tests	2025-12-05T02:21:57.2898729Z         },
Server Tests	Run server tests	2025-12-05T02:21:57.2899023Z         "success": true,
Server Tests	Run server tests	2025-12-05T02:21:57.2899368Z       }
Server Tests	Run server tests	2025-12-05T02:21:57.2899548Z 
Server Tests	Run server tests	2025-12-05T02:21:57.2899979Z     [0m [90m 39 |[39m         [33m.[39mexpect([35m200[39m)[33m;[39m
Server Tests	Run server tests	2025-12-05T02:21:57.2900510Z      [90m 40 |[39m
Server Tests	Run server tests	2025-12-05T02:21:57.2901297Z     [31m[1m>[22m[39m[90m 41 |[39m       expect(response[33m.[39mbody)[33m.[39mtoMatchObject({
Server Tests	Run server tests	2025-12-05T02:21:57.2902152Z      [90m    |[39m                             [31m[1m^[22m[39m
Server Tests	Run server tests	2025-12-05T02:21:57.2902867Z      [90m 42 |[39m         success[33m:[39m [36mtrue[39m[33m,[39m
Server Tests	Run server tests	2025-12-05T02:21:57.2903634Z      [90m 43 |[39m         data[33m:[39m expect[33m.[39mobjectContaining({
Server Tests	Run server tests	2025-12-05T02:21:57.2904602Z      [90m 44 |[39m           isHealthy[33m:[39m [36mtrue[39m[33m,[39m[0m
Server Tests	Run server tests	2025-12-05T02:21:57.2905018Z 
Server Tests	Run server tests	2025-12-05T02:21:57.2905414Z       at Object.<anonymous> (src/server/__tests__/api-integration.test.ts:41:29)
Server Tests	Run server tests	2025-12-05T02:21:57.2905869Z 
Server Tests	Run server tests	2025-12-05T02:21:57.2906406Z   ● API Integration Tests › Floor Plans Endpoints › should get all floor plans
Server Tests	Run server tests	2025-12-05T02:21:57.2906848Z 
Server Tests	Run server tests	2025-12-05T02:21:57.2907047Z     expect(received).toMatchObject(expected)
Server Tests	Run server tests	2025-12-05T02:21:57.2907356Z 
Server Tests	Run server tests	2025-12-05T02:21:57.2907493Z     - Expected  -  3
Server Tests	Run server tests	2025-12-05T02:21:57.2907817Z     + Received  + 75
Server Tests	Run server tests	2025-12-05T02:21:57.2908032Z 
Server Tests	Run server tests	2025-12-05T02:21:57.2908154Z       Object {
Server Tests	Run server tests	2025-12-05T02:21:57.2908576Z     -   "data": ObjectContaining {
Server Tests	Run server tests	2025-12-05T02:21:57.2909033Z     -     "floorPlans": Any<Array>,
Server Tests	Run server tests	2025-12-05T02:21:57.2909746Z     -     "message": Any<String>,
Server Tests	Run server tests	2025-12-05T02:21:57.2910096Z     +   "data": Object {
Server Tests	Run server tests	2025-12-05T02:21:57.2910447Z     +     "floorPlans": Array [
Server Tests	Run server tests	2025-12-05T02:21:57.2910779Z     +       Object {
Server Tests	Run server tests	2025-12-05T02:21:57.2911096Z     +         "bathrooms": 2,
Server Tests	Run server tests	2025-12-05T02:21:57.2911511Z     +         "bathrooms_estimated": 0,
Server Tests	Run server tests	2025-12-05T02:21:57.2911911Z     +         "bedrooms": 2,
Server Tests	Run server tests	2025-12-05T02:21:57.2912273Z     +         "building_id": 3,
Server Tests	Run server tests	2025-12-05T02:21:57.2912894Z     +         "building_name": "Test Building",
Server Tests	Run server tests	2025-12-05T02:21:57.2913378Z     +         "building_position": "North-facing",
Server Tests	Run server tests	2025-12-05T02:21:57.2913881Z     +         "created_at": "2025-12-05 02:21:54",
Server Tests	Run server tests	2025-12-05T02:21:57.2914515Z     +         "current_price": 2500,
Server Tests	Run server tests	2025-12-05T02:21:57.2914889Z     +         "has_den": 0,
Server Tests	Run server tests	2025-12-05T02:21:57.2915201Z     +         "id": 1,
Server Tests	Run server tests	2025-12-05T02:21:57.2915510Z     +         "image_url": null,
Server Tests	Run server tests	2025-12-05T02:21:57.2915898Z     +         "is_available": 1,
Server Tests	Run server tests	2025-12-05T02:21:57.2916321Z     +         "lowest_price": 2500,
Server Tests	Run server tests	2025-12-05T02:21:57.2916780Z     +         "lowest_price_date": "2025-12-05",
Server Tests	Run server tests	2025-12-05T02:21:57.2917236Z     +         "name": "Test Plan A1",
Server Tests	Run server tests	2025-12-05T02:21:57.2917638Z     +         "square_footage": 950,
Server Tests	Run server tests	2025-12-05T02:21:57.2917988Z     +       },
Server Tests	Run server tests	2025-12-05T02:21:57.2918253Z     +       Object {
Server Tests	Run server tests	2025-12-05T02:21:57.2918546Z     +         "bathrooms": 2,
Server Tests	Run server tests	2025-12-05T02:21:57.2918927Z     +         "bathrooms_estimated": 0,
Server Tests	Run server tests	2025-12-05T02:21:57.2919318Z     +         "bedrooms": 2,
Server Tests	Run server tests	2025-12-05T02:21:57.2919678Z     +         "building_id": 5,
Server Tests	Run server tests	2025-12-05T02:21:57.2920102Z     +         "building_name": "Test Building Alert",
Server Tests	Run server tests	2025-12-05T02:21:57.2920625Z     +         "building_position": "East-facing",
Server Tests	Run server tests	2025-12-05T02:21:57.2921093Z     +         "created_at": "2025-12-05 02:21:54",
Server Tests	Run server tests	2025-12-05T02:21:57.2921531Z     +         "current_price": 1500,
Server Tests	Run server tests	2025-12-05T02:21:57.2921881Z     +         "has_den": 0,
Server Tests	Run server tests	2025-12-05T02:21:57.2922190Z     +         "id": 3,
Server Tests	Run server tests	2025-12-05T02:21:57.2922525Z     +         "image_url": null,
Server Tests	Run server tests	2025-12-05T02:21:57.2922905Z     +         "is_available": 1,
Server Tests	Run server tests	2025-12-05T02:21:57.2923286Z     +         "lowest_price": 1500,
Server Tests	Run server tests	2025-12-05T02:21:57.2923705Z     +         "lowest_price_date": "2025-12-06",
Server Tests	Run server tests	2025-12-05T02:21:57.2924322Z     +         "name": "Test Plan Alert A1",
Server Tests	Run server tests	2025-12-05T02:21:57.2924745Z     +         "square_footage": 900,
Server Tests	Run server tests	2025-12-05T02:21:57.2925091Z     +       },
Server Tests	Run server tests	2025-12-05T02:21:57.2925343Z     +       Object {
Server Tests	Run server tests	2025-12-05T02:21:57.2925645Z     +         "bathrooms": 1,
Server Tests	Run server tests	2025-12-05T02:21:57.2926052Z     +         "bathrooms_estimated": 0,
Server Tests	Run server tests	2025-12-05T02:21:57.2926424Z     +         "bedrooms": 1,
Server Tests	Run server tests	2025-12-05T02:21:57.2926760Z     +         "building_id": 6,
Server Tests	Run server tests	2025-12-05T02:21:57.2927192Z     +         "building_name": "Test Building Daily Price",
Server Tests	Run server tests	2025-12-05T02:21:57.2927689Z     +         "building_position": "South-facing",
Server Tests	Run server tests	2025-12-05T02:21:57.2928142Z     +         "created_at": "2025-12-05 02:21:54",
Server Tests	Run server tests	2025-12-05T02:21:57.2928609Z     +         "current_price": 2400,
Server Tests	Run server tests	2025-12-05T02:21:57.2928949Z     +         "has_den": 0,
Server Tests	Run server tests	2025-12-05T02:21:57.2929254Z     +         "id": 4,
Server Tests	Run server tests	2025-12-05T02:21:57.2929574Z     +         "image_url": null,
Server Tests	Run server tests	2025-12-05T02:21:57.2929947Z     +         "is_available": 1,
Server Tests	Run server tests	2025-12-05T02:21:57.2930323Z     +         "lowest_price": 2400,
Server Tests	Run server tests	2025-12-05T02:21:57.2930731Z     +         "lowest_price_date": "2024-07-20",
Server Tests	Run server tests	2025-12-05T02:21:57.2931195Z     +         "name": "Test Plan Daily B1",
Server Tests	Run server tests	2025-12-05T02:21:57.2931652Z     +         "square_footage": 750,
Server Tests	Run server tests	2025-12-05T02:21:57.2932035Z     +       },
Server Tests	Run server tests	2025-12-05T02:21:57.2932314Z     +       Object {
Server Tests	Run server tests	2025-12-05T02:21:57.2932630Z     +         "bathrooms": 2,
Server Tests	Run server tests	2025-12-05T02:21:57.2933003Z     +         "bathrooms_estimated": 0,
Server Tests	Run server tests	2025-12-05T02:21:57.2933398Z     +         "bedrooms": 2,
Server Tests	Run server tests	2025-12-05T02:21:57.2933775Z     +         "building_id": 4,
Server Tests	Run server tests	2025-12-05T02:21:57.2934414Z     +         "building_name": "Test Building Price Drop",
Server Tests	Run server tests	2025-12-05T02:21:57.2934971Z     +         "building_position": "West-facing",
Server Tests	Run server tests	2025-12-05T02:21:57.2935706Z     +         "created_at": "2025-12-05 02:21:54",
Server Tests	Run server tests	2025-12-05T02:21:57.2936163Z     +         "current_price": 2300,
Server Tests	Run server tests	2025-12-05T02:21:57.2936545Z     +         "has_den": 0,
Server Tests	Run server tests	2025-12-05T02:21:57.2936882Z     +         "id": 2,
Server Tests	Run server tests	2025-12-05T02:21:57.2937251Z     +         "image_url": null,
Server Tests	Run server tests	2025-12-05T02:21:57.2937645Z     +         "is_available": 1,
Server Tests	Run server tests	2025-12-05T02:21:57.2938044Z     +         "lowest_price": 2300,
Server Tests	Run server tests	2025-12-05T02:21:57.2938675Z     +         "lowest_price_date": "2025-12-06",
Server Tests	Run server tests	2025-12-05T02:21:57.2939144Z     +         "name": "Test Plan Drop A1",
Server Tests	Run server tests	2025-12-05T02:21:57.2939592Z     +         "square_footage": 950,
Server Tests	Run server tests	2025-12-05T02:21:57.2939965Z     +       },
Server Tests	Run server tests	2025-12-05T02:21:57.2940225Z     +     ],
Server Tests	Run server tests	2025-12-05T02:21:57.2940481Z         },
Server Tests	Run server tests	2025-12-05T02:21:57.2940731Z         "success": true,
Server Tests	Run server tests	2025-12-05T02:21:57.2941017Z       }
Server Tests	Run server tests	2025-12-05T02:21:57.2941150Z 
Server Tests	Run server tests	2025-12-05T02:21:57.2941565Z     [0m [90m 71 |[39m         [33m.[39mexpect([35m200[39m)[33m;[39m
Server Tests	Run server tests	2025-12-05T02:21:57.2942049Z      [90m 72 |[39m
Server Tests	Run server tests	2025-12-05T02:21:57.2942723Z     [31m[1m>[22m[39m[90m 73 |[39m       expect(response[33m.[39mbody)[33m.[39mtoMatchObject({
Server Tests	Run server tests	2025-12-05T02:21:57.2943478Z      [90m    |[39m                             [31m[1m^[22m[39m
Server Tests	Run server tests	2025-12-05T02:21:57.2944285Z      [90m 74 |[39m         success[33m:[39m [36mtrue[39m[33m,[39m
Server Tests	Run server tests	2025-12-05T02:21:57.2944987Z      [90m 75 |[39m         data[33m:[39m expect[33m.[39mobjectContaining({
Server Tests	Run server tests	2025-12-05T02:21:57.2945917Z      [90m 76 |[39m           floorPlans[33m:[39m expect[33m.[39many([33mArray[39m)[33m,[39m[0m
Server Tests	Run server tests	2025-12-05T02:21:57.2946350Z 
Server Tests	Run server tests	2025-12-05T02:21:57.2946721Z       at Object.<anonymous> (src/server/__tests__/api-integration.test.ts:73:29)
Server Tests	Run server tests	2025-12-05T02:21:57.2947213Z 
Server Tests	Run server tests	2025-12-05T02:21:57.2947826Z   ● API Integration Tests › Floor Plans Endpoints › should get specific floor plan by ID
Server Tests	Run server tests	2025-12-05T02:21:57.2948340Z 
Server Tests	Run server tests	2025-12-05T02:21:57.2948552Z     expect(received).toMatchObject(expected)
Server Tests	Run server tests	2025-12-05T02:21:57.2948868Z 
Server Tests	Run server tests	2025-12-05T02:21:57.2949001Z     - Expected  -  3
Server Tests	Run server tests	2025-12-05T02:21:57.2949308Z     + Received  + 19
Server Tests	Run server tests	2025-12-05T02:21:57.2949505Z 
Server Tests	Run server tests	2025-12-05T02:21:57.2949612Z       Object {
Server Tests	Run server tests	2025-12-05T02:21:57.2949943Z     -   "data": ObjectContaining {
Server Tests	Run server tests	2025-12-05T02:21:57.2950322Z     -     "floorPlan": null,
Server Tests	Run server tests	2025-12-05T02:21:57.2950721Z     -     "message": Any<String>,
Server Tests	Run server tests	2025-12-05T02:21:57.2951067Z     +   "data": Object {
Server Tests	Run server tests	2025-12-05T02:21:57.2951421Z     +     "floorPlan": Object {
Server Tests	Run server tests	2025-12-05T02:21:57.2951783Z     +       "bathrooms": 2,
Server Tests	Run server tests	2025-12-05T02:21:57.2952189Z     +       "bathrooms_estimated": 0,
Server Tests	Run server tests	2025-12-05T02:21:57.2952563Z     +       "bedrooms": 2,
Server Tests	Run server tests	2025-12-05T02:21:57.2952892Z     +       "building_id": 3,
Server Tests	Run server tests	2025-12-05T02:21:57.2953292Z     +       "building_name": "Test Building",
Server Tests	Run server tests	2025-12-05T02:21:57.2953773Z     +       "building_position": "North-facing",
Server Tests	Run server tests	2025-12-05T02:21:57.2954431Z     +       "created_at": "2025-12-05 02:21:54",
Server Tests	Run server tests	2025-12-05T02:21:57.2954881Z     +       "current_price": 2500,
Server Tests	Run server tests	2025-12-05T02:21:57.2955241Z     +       "has_den": 0,
Server Tests	Run server tests	2025-12-05T02:21:57.2955559Z     +       "id": 1,
Server Tests	Run server tests	2025-12-05T02:21:57.2955890Z     +       "image_url": null,
Server Tests	Run server tests	2025-12-05T02:21:57.2956255Z     +       "is_available": 1,
Server Tests	Run server tests	2025-12-05T02:21:57.2956662Z     +       "lowest_price": 2500,
Server Tests	Run server tests	2025-12-05T02:21:57.2957092Z     +       "lowest_price_date": "2025-12-05",
Server Tests	Run server tests	2025-12-05T02:21:57.2957523Z     +       "name": "Test Plan A1",
Server Tests	Run server tests	2025-12-05T02:21:57.2957943Z     +       "square_footage": 950,
Server Tests	Run server tests	2025-12-05T02:21:57.2958313Z     +     },
Server Tests	Run server tests	2025-12-05T02:21:57.2958584Z         },
Server Tests	Run server tests	2025-12-05T02:21:57.2958852Z         "success": true,
Server Tests	Run server tests	2025-12-05T02:21:57.2959176Z       }
Server Tests	Run server tests	2025-12-05T02:21:57.2959327Z 
Server Tests	Run server tests	2025-12-05T02:21:57.2959772Z     [0m [90m 85 |[39m         [33m.[39mexpect([35m200[39m)[33m;[39m
Server Tests	Run server tests	2025-12-05T02:21:57.2960326Z      [90m 86 |[39m
Server Tests	Run server tests	2025-12-05T02:21:57.2961076Z     [31m[1m>[22m[39m[90m 87 |[39m       expect(response[33m.[39mbody)[33m.[39mtoMatchObject({
Server Tests	Run server tests	2025-12-05T02:21:57.2962160Z      [90m    |[39m                             [31m[1m^[22m[39m
Server Tests	Run server tests	2025-12-05T02:21:57.2962897Z      [90m 88 |[39m         success[33m:[39m [36mtrue[39m[33m,[39m
Server Tests	Run server tests	2025-12-05T02:21:57.2963708Z      [90m 89 |[39m         data[33m:[39m expect[33m.[39mobjectContaining({
Server Tests	Run server tests	2025-12-05T02:21:57.2965132Z      [90m 90 |[39m           floorPlan[33m:[39m [36mnull[39m[33m,[39m [90m// Will be actual data when database is implemented[39m[0m
Server Tests	Run server tests	2025-12-05T02:21:57.2966010Z 
Server Tests	Run server tests	2025-12-05T02:21:57.2966449Z       at Object.<anonymous> (src/server/__tests__/api-integration.test.ts:87:29)
Server Tests	Run server tests	2025-12-05T02:21:57.2966932Z 
Server Tests	Run server tests	2025-12-05T02:21:57.2967545Z   ● API Integration Tests › Floor Plans Endpoints › should get floor plan price history
Server Tests	Run server tests	2025-12-05T02:21:57.2968093Z 
Server Tests	Run server tests	2025-12-05T02:21:57.2968311Z     expect(received).toMatchObject(expected)
Server Tests	Run server tests	2025-12-05T02:21:57.2968619Z 
Server Tests	Run server tests	2025-12-05T02:21:57.2968758Z     - Expected  -  3
Server Tests	Run server tests	2025-12-05T02:21:57.2969074Z     + Received  + 11
Server Tests	Run server tests	2025-12-05T02:21:57.2969284Z 
Server Tests	Run server tests	2025-12-05T02:21:57.2969405Z       Object {
Server Tests	Run server tests	2025-12-05T02:21:57.2969749Z     -   "data": ObjectContaining {
Server Tests	Run server tests	2025-12-05T02:21:57.2970186Z     -     "history": Any<Array>,
Server Tests	Run server tests	2025-12-05T02:21:57.2970796Z     -     "message": Any<String>,
Server Tests	Run server tests	2025-12-05T02:21:57.2971226Z     +   "data": Object {
Server Tests	Run server tests	2025-12-05T02:21:57.2971553Z     +     "history": Array [
Server Tests	Run server tests	2025-12-05T02:21:57.2971874Z     +       Object {
Server Tests	Run server tests	2025-12-05T02:21:57.2972276Z     +         "collection_date": "2025-12-05",
Server Tests	Run server tests	2025-12-05T02:21:57.2972773Z     +         "created_at": "2025-12-05 02:21:54",
Server Tests	Run server tests	2025-12-05T02:21:57.2973235Z     +         "floor_plan_id": 1,
Server Tests	Run server tests	2025-12-05T02:21:57.2973601Z     +         "id": 1,
Server Tests	Run server tests	2025-12-05T02:21:57.2973943Z     +         "is_available": 1,
Server Tests	Run server tests	2025-12-05T02:21:57.2974529Z     +         "price": 2500,
Server Tests	Run server tests	2025-12-05T02:21:57.2974864Z     +       },
Server Tests	Run server tests	2025-12-05T02:21:57.2975152Z     +     ],
Server Tests	Run server tests	2025-12-05T02:21:57.2975422Z         },
Server Tests	Run server tests	2025-12-05T02:21:57.2975708Z         "success": true,
Server Tests	Run server tests	2025-12-05T02:21:57.2976057Z       }
Server Tests	Run server tests	2025-12-05T02:21:57.2976406Z 
Server Tests	Run server tests	2025-12-05T02:21:57.2976871Z     [0m [90m 113 |[39m         [33m.[39mexpect([35m200[39m)[33m;[39m
Server Tests	Run server tests	2025-12-05T02:21:57.2977407Z      [90m 114 |[39m
Server Tests	Run server tests	2025-12-05T02:21:57.2978181Z     [31m[1m>[22m[39m[90m 115 |[39m       expect(response[33m.[39mbody)[33m.[39mtoMatchObject({
Server Tests	Run server tests	2025-12-05T02:21:57.2979007Z      [90m     |[39m                             [31m[1m^[22m[39m
Server Tests	Run server tests	2025-12-05T02:21:57.2979737Z      [90m 116 |[39m         success[33m:[39m [36mtrue[39m[33m,[39m
Server Tests	Run server tests	2025-12-05T02:21:57.2980550Z      [90m 117 |[39m         data[33m:[39m expect[33m.[39mobjectContaining({
Server Tests	Run server tests	2025-12-05T02:21:57.2981503Z      [90m 118 |[39m           history[33m:[39m expect[33m.[39many([33mArray[39m)[33m,[39m[0m
Server Tests	Run server tests	2025-12-05T02:21:57.2981972Z 
Server Tests	Run server tests	2025-12-05T02:21:57.2982378Z       at Object.<anonymous> (src/server/__tests__/api-integration.test.ts:115:29)
Server Tests	Run server tests	2025-12-05T02:21:57.2982861Z 
Server Tests	Run server tests	2025-12-05T02:21:57.2983343Z   ● API Integration Tests › Prices Endpoints › should get latest prices
Server Tests	Run server tests	2025-12-05T02:21:57.2983795Z 
Server Tests	Run server tests	2025-12-05T02:21:57.2984023Z     expect(received).toMatchObject(expected)
Server Tests	Run server tests	2025-12-05T02:21:57.2984523Z 
Server Tests	Run server tests	2025-12-05T02:21:57.2984658Z     - Expected  -  4
Server Tests	Run server tests	2025-12-05T02:21:57.2984984Z     + Received  + 36
Server Tests	Run server tests	2025-12-05T02:21:57.2985173Z 
Server Tests	Run server tests	2025-12-05T02:21:57.2985286Z       Object {
Server Tests	Run server tests	2025-12-05T02:21:57.2985651Z     -   "data": ObjectContaining {
Server Tests	Run server tests	2025-12-05T02:21:57.2986097Z     -     "lastUpdated": Any<String>,
Server Tests	Run server tests	2025-12-05T02:21:57.2986558Z     -     "message": Any<String>,
Server Tests	Run server tests	2025-12-05T02:21:57.2986987Z     -     "prices": Any<Array>,
Server Tests	Run server tests	2025-12-05T02:21:57.2987363Z     +   "data": Object {
Server Tests	Run server tests	2025-12-05T02:21:57.2987801Z     +     "lastUpdated": "2025-12-05T02:21:57.001Z",
Server Tests	Run server tests	2025-12-05T02:21:57.2988235Z     +     "prices": Array [
Server Tests	Run server tests	2025-12-05T02:21:57.2988581Z     +       Object {
Server Tests	Run server tests	2025-12-05T02:21:57.2988909Z     +         "building_id": 3,
Server Tests	Run server tests	2025-12-05T02:21:57.2989345Z     +         "building_name": "Test Building",
Server Tests	Run server tests	2025-12-05T02:21:57.2989811Z     +         "floor_plan_id": 1,
Server Tests	Run server tests	2025-12-05T02:21:57.2990707Z     +         "floor_plan_name": "Test Plan A1",
Server Tests	Run server tests	2025-12-05T02:21:57.2991190Z     +         "is_available": 1,
Server Tests	Run server tests	2025-12-05T02:21:57.2991543Z     +         "price": 2500,
Server Tests	Run server tests	2025-12-05T02:21:57.2991892Z     +       },
Server Tests	Run server tests	2025-12-05T02:21:57.2992178Z     +       Object {
Server Tests	Run server tests	2025-12-05T02:21:57.2992555Z     +         "building_id": 5,
Server Tests	Run server tests	2025-12-05T02:21:57.2992927Z     +         "building_name": "Test Building Alert",
Server Tests	Run server tests	2025-12-05T02:21:57.2993328Z     +         "floor_plan_id": 3,
Server Tests	Run server tests	2025-12-05T02:21:57.2993952Z     +         "floor_plan_name": "Test Plan Alert A1",
Server Tests	Run server tests	2025-12-05T02:21:57.2994543Z     +         "is_available": 1,
Server Tests	Run server tests	2025-12-05T02:21:57.2994839Z     +         "price": 1500,
Server Tests	Run server tests	2025-12-05T02:21:57.2995099Z     +       },
Server Tests	Run server tests	2025-12-05T02:21:57.2995326Z     +       Object {
Server Tests	Run server tests	2025-12-05T02:21:57.2995592Z     +         "building_id": 6,
Server Tests	Run server tests	2025-12-05T02:21:57.2995980Z     +         "building_name": "Test Building Daily Price",
Server Tests	Run server tests	2025-12-05T02:21:57.2996421Z     +         "floor_plan_id": 4,
Server Tests	Run server tests	2025-12-05T02:21:57.2996856Z     +         "floor_plan_name": "Test Plan Daily B1",
Server Tests	Run server tests	2025-12-05T02:21:57.2997270Z     +         "is_available": 1,
Server Tests	Run server tests	2025-12-05T02:21:57.2997571Z     +         "price": 2400,
Server Tests	Run server tests	2025-12-05T02:21:57.2997886Z     +       },
Server Tests	Run server tests	2025-12-05T02:21:57.2998143Z     +       Object {
Server Tests	Run server tests	2025-12-05T02:21:57.2998468Z     +         "building_id": 4,
Server Tests	Run server tests	2025-12-05T02:21:57.2998910Z     +         "building_name": "Test Building Price Drop",
Server Tests	Run server tests	2025-12-05T02:21:57.2999387Z     +         "floor_plan_id": 2,
Server Tests	Run server tests	2025-12-05T02:21:57.2999842Z     +         "floor_plan_name": "Test Plan Drop A1",
Server Tests	Run server tests	2025-12-05T02:21:57.3000335Z     +         "is_available": 1,
Server Tests	Run server tests	2025-12-05T02:21:57.3000724Z     +         "price": 2300,
Server Tests	Run server tests	2025-12-05T02:21:57.3001070Z     +       },
Server Tests	Run server tests	2025-12-05T02:21:57.3001374Z     +     ],
Server Tests	Run server tests	2025-12-05T02:21:57.3001633Z         },
Server Tests	Run server tests	2025-12-05T02:21:57.3001915Z         "success": true,
Server Tests	Run server tests	2025-12-05T02:21:57.3002243Z       }
Server Tests	Run server tests	2025-12-05T02:21:57.3002416Z 
Server Tests	Run server tests	2025-12-05T02:21:57.3002899Z     [0m [90m 142 |[39m         [33m.[39mexpect([35m200[39m)[33m;[39m
Server Tests	Run server tests	2025-12-05T02:21:57.3003525Z      [90m 143 |[39m
Server Tests	Run server tests	2025-12-05T02:21:57.3004543Z     [31m[1m>[22m[39m[90m 144 |[39m       expect(response[33m.[39mbody)[33m.[39mtoMatchObject({
Server Tests	Run server tests	2025-12-05T02:21:57.3005479Z      [90m     |[39m                             [31m[1m^[22m[39m
Server Tests	Run server tests	2025-12-05T02:21:57.3006239Z      [90m 145 |[39m         success[33m:[39m [36mtrue[39m[33m,[39m
Server Tests	Run server tests	2025-12-05T02:21:57.3007129Z      [90m 146 |[39m         data[33m:[39m expect[33m.[39mobjectContaining({
Server Tests	Run server tests	2025-12-05T02:21:57.3008166Z      [90m 147 |[39m           prices[33m:[39m expect[33m.[39many([33mArray[39m)[33m,[39m[0m
Server Tests	Run server tests	2025-12-05T02:21:57.3008739Z 
Server Tests	Run server tests	2025-12-05T02:21:57.3009170Z       at Object.<anonymous> (src/server/__tests__/api-integration.test.ts:144:29)
Server Tests	Run server tests	2025-12-05T02:21:57.3009676Z 
Server Tests	Run server tests	2025-12-05T02:21:57.3010340Z   ● API Integration Tests › Prices Endpoints › should get price history with date range
Server Tests	Run server tests	2025-12-05T02:21:57.3010900Z 
Server Tests	Run server tests	2025-12-05T02:21:57.3011144Z     expect(received).toMatchObject(expected)
Server Tests	Run server tests	2025-12-05T02:21:57.3011489Z 
Server Tests	Run server tests	2025-12-05T02:21:57.3011644Z     - Expected  -  4
Server Tests	Run server tests	2025-12-05T02:21:57.3011980Z     + Received  + 15
Server Tests	Run server tests	2025-12-05T02:21:57.3012188Z 
Server Tests	Run server tests	2025-12-05T02:21:57.3012314Z       Object {
Server Tests	Run server tests	2025-12-05T02:21:57.3012691Z     -   "data": ObjectContaining {
Server Tests	Run server tests	2025-12-05T02:21:57.3013184Z     -     "dateRange": ObjectContaining {
Server Tests	Run server tests	2025-12-05T02:21:57.3013626Z     +   "data": Object {
Server Tests	Run server tests	2025-12-05T02:21:57.3014019Z     +     "dateRange": Object {
Server Tests	Run server tests	2025-12-05T02:21:57.3014676Z             "end": "2024-12-31",
Server Tests	Run server tests	2025-12-05T02:21:57.3015080Z             "start": "2024-01-01",
Server Tests	Run server tests	2025-12-05T02:21:57.3015451Z           },
Server Tests	Run server tests	2025-12-05T02:21:57.3015795Z     -     "history": Any<Array>,
Server Tests	Run server tests	2025-12-05T02:21:57.3016207Z     -     "message": Any<String>,
Server Tests	Run server tests	2025-12-05T02:21:57.3016576Z     +     "history": Array [
Server Tests	Run server tests	2025-12-05T02:21:57.3016934Z     +       Object {
Server Tests	Run server tests	2025-12-05T02:21:57.3017408Z     +         "building_name": "Test Building Daily Price",
Server Tests	Run server tests	2025-12-05T02:21:57.3017965Z     +         "collection_date": "2024-07-20",
Server Tests	Run server tests	2025-12-05T02:21:57.3018782Z     +         "created_at": "2025-12-05 02:21:54",
Server Tests	Run server tests	2025-12-05T02:21:57.3019268Z     +         "floor_plan_id": 4,
Server Tests	Run server tests	2025-12-05T02:21:57.3019758Z     +         "floor_plan_name": "Test Plan Daily B1",
Server Tests	Run server tests	2025-12-05T02:21:57.3020219Z     +         "id": 6,
Server Tests	Run server tests	2025-12-05T02:21:57.3020593Z     +         "is_available": 1,
Server Tests	Run server tests	2025-12-05T02:21:57.3020986Z     +         "price": 2400,
Server Tests	Run server tests	2025-12-05T02:21:57.3021381Z     +         "square_footage": 750,
Server Tests	Run server tests	2025-12-05T02:21:57.3022033Z     +       },
Server Tests	Run server tests	2025-12-05T02:21:57.3022328Z     +     ],
Server Tests	Run server tests	2025-12-05T02:21:57.3022620Z         },
Server Tests	Run server tests	2025-12-05T02:21:57.3022915Z         "success": true,
Server Tests	Run server tests	2025-12-05T02:21:57.3023248Z       }
Server Tests	Run server tests	2025-12-05T02:21:57.3023403Z 
Server Tests	Run server tests	2025-12-05T02:21:57.3023895Z     [0m [90m 157 |[39m         [33m.[39mexpect([35m200[39m)[33m;[39m
Server Tests	Run server tests	2025-12-05T02:21:57.3024696Z      [90m 158 |[39m
Server Tests	Run server tests	2025-12-05T02:21:57.3025518Z     [31m[1m>[22m[39m[90m 159 |[39m       expect(response[33m.[39mbody)[33m.[39mtoMatchObject({
Server Tests	Run server tests	2025-12-05T02:21:57.3026430Z      [90m     |[39m                             [31m[1m^[22m[39m
Server Tests	Run server tests	2025-12-05T02:21:57.3027236Z      [90m 160 |[39m         success[33m:[39m [36mtrue[39m[33m,[39m
Server Tests	Run server tests	2025-12-05T02:21:57.3028124Z      [90m 161 |[39m         data[33m:[39m expect[33m.[39mobjectContaining({
Server Tests	Run server tests	2025-12-05T02:21:57.3029138Z      [90m 162 |[39m           history[33m:[39m expect[33m.[39many([33mArray[39m)[33m,[39m[0m
Server Tests	Run server tests	2025-12-05T02:21:57.3029641Z 
Server Tests	Run server tests	2025-12-05T02:21:57.3030095Z       at Object.<anonymous> (src/server/__tests__/api-integration.test.ts:159:29)
Server Tests	Run server tests	2025-12-05T02:21:57.3030585Z 
Server Tests	Run server tests	2025-12-05T02:21:57.3031138Z   ● API Integration Tests › Alerts Endpoints › should get active alerts
Server Tests	Run server tests	2025-12-05T02:21:57.3031702Z 
Server Tests	Run server tests	2025-12-05T02:21:57.3031956Z     expect(received).toMatchObject(expected)
Server Tests	Run server tests	2025-12-05T02:21:57.3032287Z 
Server Tests	Run server tests	2025-12-05T02:21:57.3032440Z     - Expected  -  3
Server Tests	Run server tests	2025-12-05T02:21:57.3032774Z     + Received  + 39
Server Tests	Run server tests	2025-12-05T02:21:57.3032990Z 
Server Tests	Run server tests	2025-12-05T02:21:57.3033114Z       Object {
Server Tests	Run server tests	2025-12-05T02:21:57.3033505Z     -   "data": ObjectContaining {
Server Tests	Run server tests	2025-12-05T02:21:57.3033948Z     -     "alerts": Any<Array>,
Server Tests	Run server tests	2025-12-05T02:21:57.3034592Z     -     "message": Any<String>,
Server Tests	Run server tests	2025-12-05T02:21:57.3034994Z     +   "data": Object {
Server Tests	Run server tests	2025-12-05T02:21:57.3035357Z     +     "alerts": Array [
Server Tests	Run server tests	2025-12-05T02:21:57.3035707Z     +       Object {
Server Tests	Run server tests	2025-12-05T02:21:57.3036103Z     +         "alert_type": "lowest_price",
Server Tests	Run server tests	2025-12-05T02:21:57.3036641Z     +         "building_name": "Test Building Price Drop",
Server Tests	Run server tests	2025-12-05T02:21:57.3037230Z     +         "created_at": "2025-12-05 02:21:54",
Server Tests	Run server tests	2025-12-05T02:21:57.3037714Z     +         "floor_plan_id": 2,
Server Tests	Run server tests	2025-12-05T02:21:57.3038190Z     +         "floor_plan_name": "Test Plan Drop A1",
Server Tests	Run server tests	2025-12-05T02:21:57.3038652Z     +         "id": 2,
Server Tests	Run server tests	2025-12-05T02:21:57.3039031Z     +         "is_dismissed": 0,
Server Tests	Run server tests	2025-12-05T02:21:57.3039462Z     +         "new_price": 2300,
Server Tests	Run server tests	2025-12-05T02:21:57.3039877Z     +         "old_price": 2500,
Server Tests	Run server tests	2025-12-05T02:21:57.3040327Z     +         "percentage_change": 8,
Server Tests	Run server tests	2025-12-05T02:21:57.3040747Z     +       },
Server Tests	Run server tests	2025-12-05T02:21:57.3041045Z     +       Object {
Server Tests	Run server tests	2025-12-05T02:21:57.3041450Z     +         "alert_type": "price_drop",
Server Tests	Run server tests	2025-12-05T02:21:57.3041983Z     +         "building_name": "Test Building Alert",
Server Tests	Run server tests	2025-12-05T02:21:57.3042525Z     +         "created_at": "2025-12-05 02:21:54",
Server Tests	Run server tests	2025-12-05T02:21:57.3043024Z     +         "floor_plan_id": 3,
Server Tests	Run server tests	2025-12-05T02:21:57.3043526Z     +         "floor_plan_name": "Test Plan Alert A1",
Server Tests	Run server tests	2025-12-05T02:21:57.3043994Z     +         "id": 3,
Server Tests	Run server tests	2025-12-05T02:21:57.3044579Z     +         "is_dismissed": 0,
Server Tests	Run server tests	2025-12-05T02:21:57.3045002Z     +         "new_price": 1500,
Server Tests	Run server tests	2025-12-05T02:21:57.3045428Z     +         "old_price": 2000,
Server Tests	Run server tests	2025-12-05T02:21:57.3045870Z     +         "percentage_change": 25,
Server Tests	Run server tests	2025-12-05T02:21:57.3046276Z     +       },
Server Tests	Run server tests	2025-12-05T02:21:57.3046582Z     +       Object {
Server Tests	Run server tests	2025-12-05T02:21:57.3046971Z     +         "alert_type": "lowest_price",
Server Tests	Run server tests	2025-12-05T02:21:57.3047499Z     +         "building_name": "Test Building Alert",
Server Tests	Run server tests	2025-12-05T02:21:57.3048315Z     +         "created_at": "2025-12-05 02:21:54",
Server Tests	Run server tests	2025-12-05T02:21:57.3048810Z     +         "floor_plan_id": 3,
Server Tests	Run server tests	2025-12-05T02:21:57.3049302Z     +         "floor_plan_name": "Test Plan Alert A1",
Server Tests	Run server tests	2025-12-05T02:21:57.3049758Z     +         "id": 4,
Server Tests	Run server tests	2025-12-05T02:21:57.3050141Z     +         "is_dismissed": 0,
Server Tests	Run server tests	2025-12-05T02:21:57.3050542Z     +         "new_price": 1500,
Server Tests	Run server tests	2025-12-05T02:21:57.3050957Z     +         "old_price": 2000,
Server Tests	Run server tests	2025-12-05T02:21:57.3051707Z     +         "percentage_change": 25,
Server Tests	Run server tests	2025-12-05T02:21:57.3052119Z     +       },
Server Tests	Run server tests	2025-12-05T02:21:57.3052406Z     +     ],
Server Tests	Run server tests	2025-12-05T02:21:57.3052701Z         },
Server Tests	Run server tests	2025-12-05T02:21:57.3052999Z         "success": true,
Server Tests	Run server tests	2025-12-05T02:21:57.3053337Z       }
Server Tests	Run server tests	2025-12-05T02:21:57.3053496Z 
Server Tests	Run server tests	2025-12-05T02:21:57.3053978Z     [0m [90m 177 |[39m         [33m.[39mexpect([35m200[39m)[33m;[39m
Server Tests	Run server tests	2025-12-05T02:21:57.3055174Z      [90m 178 |[39m
Server Tests	Run server tests	2025-12-05T02:21:57.3056021Z     [31m[1m>[22m[39m[90m 179 |[39m       expect(response[33m.[39mbody)[33m.[39mtoMatchObject({
Server Tests	Run server tests	2025-12-05T02:21:57.3056896Z      [90m     |[39m                             [31m[1m^[22m[39m
Server Tests	Run server tests	2025-12-05T02:21:57.3057637Z      [90m 180 |[39m         success[33m:[39m [36mtrue[39m[33m,[39m
Server Tests	Run server tests	2025-12-05T02:21:57.3058450Z      [90m 181 |[39m         data[33m:[39m expect[33m.[39mobjectContaining({
Server Tests	Run server tests	2025-12-05T02:21:57.3059387Z      [90m 182 |[39m           alerts[33m:[39m expect[33m.[39many([33mArray[39m)[33m,[39m[0m
Server Tests	Run server tests	2025-12-05T02:21:57.3059877Z 
Server Tests	Run server tests	2025-12-05T02:21:57.3060299Z       at Object.<anonymous> (src/server/__tests__/api-integration.test.ts:179:29)
Server Tests	Run server tests	2025-12-05T02:21:57.3060793Z 
Server Tests	Run server tests	2025-12-05T02:21:57.3061298Z   ● API Integration Tests › Alerts Endpoints › should update alert settings
Server Tests	Run server tests	2025-12-05T02:21:57.3061789Z 
Server Tests	Run server tests	2025-12-05T02:21:57.3062013Z     expect(received).toMatchObject(expected)
Server Tests	Run server tests	2025-12-05T02:21:57.3062337Z 
Server Tests	Run server tests	2025-12-05T02:21:57.3062480Z     - Expected  - 2
Server Tests	Run server tests	2025-12-05T02:21:57.3062801Z     + Received  + 1
Server Tests	Run server tests	2025-12-05T02:21:57.3063006Z 
Server Tests	Run server tests	2025-12-05T02:21:57.3063142Z     @@ -1,8 +1,7 @@
Server Tests	Run server tests	2025-12-05T02:21:57.3063435Z       Object {
Server Tests	Run server tests	2025-12-05T02:21:57.3063802Z     -   "data": ObjectContaining {
Server Tests	Run server tests	2025-12-05T02:21:57.3064435Z     -     "message": Any<String>,
Server Tests	Run server tests	2025-12-05T02:21:57.3064840Z     +   "data": Object {
Server Tests	Run server tests	2025-12-05T02:21:57.3065225Z           "settings": Object {
Server Tests	Run server tests	2025-12-05T02:21:57.3065674Z             "thresholdType": "percentage",
Server Tests	Run server tests	2025-12-05T02:21:57.3066154Z             "thresholdValue": 10,
Server Tests	Run server tests	2025-12-05T02:21:57.3066532Z           },
Server Tests	Run server tests	2025-12-05T02:21:57.3066809Z         },
Server Tests	Run server tests	2025-12-05T02:21:57.3066967Z 
Server Tests	Run server tests	2025-12-05T02:21:57.3067375Z     [0m [90m 197 |[39m         [33m.[39mexpect([35m200[39m)[33m;[39m
Server Tests	Run server tests	2025-12-05T02:21:57.3067918Z      [90m 198 |[39m
Server Tests	Run server tests	2025-12-05T02:21:57.3068683Z     [31m[1m>[22m[39m[90m 199 |[39m       expect(response[33m.[39mbody)[33m.[39mtoMatchObject({
Server Tests	Run server tests	2025-12-05T02:21:57.3069520Z      [90m     |[39m                             [31m[1m^[22m[39m
Server Tests	Run server tests	2025-12-05T02:21:57.3070247Z      [90m 200 |[39m         success[33m:[39m [36mtrue[39m[33m,[39m
Server Tests	Run server tests	2025-12-05T02:21:57.3071036Z      [90m 201 |[39m         data[33m:[39m expect[33m.[39mobjectContaining({
Server Tests	Run server tests	2025-12-05T02:21:57.3071859Z      [90m 202 |[39m           settings[33m:[39m alertSettings[33m,[39m[0m
Server Tests	Run server tests	2025-12-05T02:21:57.3072236Z 
Server Tests	Run server tests	2025-12-05T02:21:57.3072572Z       at Object.<anonymous> (src/server/__tests__/api-integration.test.ts:199:29)
Server Tests	Run server tests	2025-12-05T02:21:57.3072957Z 
Server Tests	Run server tests	2025-12-05T02:21:57.4062049Z FAIL src/server/__tests__/services/AlertService.test.ts
Server Tests	Run server tests	2025-12-05T02:21:57.4062986Z   ● Test suite failed to run
Server Tests	Run server tests	2025-12-05T02:21:57.4063244Z 
Server Tests	Run server tests	2025-12-05T02:21:57.4064471Z     [96msrc/server/__tests__/services/AlertService.test.ts[0m:[93m18[0m:[93m37[0m - [91merror[0m[90m TS2554: [0mExpected 0 arguments, but got 1.
Server Tests	Run server tests	2025-12-05T02:21:57.4065269Z 
Server Tests	Run server tests	2025-12-05T02:21:57.4065666Z     [7m18[0m     alertService = new AlertService(dataService);
Server Tests	Run server tests	2025-12-05T02:21:57.4066357Z     [7m  [0m [91m                                    ~~~~~~~~~~~[0m
Server Tests	Run server tests	2025-12-05T02:21:57.4068219Z     [96msrc/server/__tests__/services/AlertService.test.ts[0m:[93m19[0m:[93m24[0m - [91merror[0m[90m TS2339: [0mProperty 'init' does not exist on type 'AlertService'.
Server Tests	Run server tests	2025-12-05T02:21:57.4068762Z 
Server Tests	Run server tests	2025-12-05T02:21:57.4068935Z     [7m19[0m     await alertService.init();
Server Tests	Run server tests	2025-12-05T02:21:57.4069272Z     [7m  [0m [91m                       ~~~~[0m
Server Tests	Run server tests	2025-12-05T02:21:57.4070138Z     [96msrc/server/__tests__/services/AlertService.test.ts[0m:[93m22[0m:[93m41[0m - [91merror[0m[90m TS2339: [0mProperty 'getAllBuildings' does not exist on type 'DataService'.
Server Tests	Run server tests	2025-12-05T02:21:57.4070868Z 
Server Tests	Run server tests	2025-12-05T02:21:57.4071119Z     [7m22[0m     const buildings = await dataService.getAllBuildings();
Server Tests	Run server tests	2025-12-05T02:21:57.4071563Z     [7m  [0m [91m                                        ~~~~~~~~~~~~~~~[0m
Server Tests	Run server tests	2025-12-05T02:21:57.4072552Z     [96msrc/server/__tests__/services/AlertService.test.ts[0m:[93m43[0m:[93m25[0m - [91merror[0m[90m TS2551: [0mProperty 'addPriceHistory' does not exist on type 'DataService'. Did you mean 'getPriceHistory'?
Server Tests	Run server tests	2025-12-05T02:21:57.4073206Z 
Server Tests	Run server tests	2025-12-05T02:21:57.4073397Z     [7m43[0m       await dataService.addPriceHistory({
Server Tests	Run server tests	2025-12-05T02:21:57.4073777Z     [7m  [0m [91m                        ~~~~~~~~~~~~~~~[0m
Server Tests	Run server tests	2025-12-05T02:21:57.4073961Z 
Server Tests	Run server tests	2025-12-05T02:21:57.4074444Z       [96msrc/server/services/DataService.ts[0m:[93m181[0m:[93m9[0m
Server Tests	Run server tests	2025-12-05T02:21:57.4075256Z         [7m181[0m   async getPriceHistory(floorPlanId: number, startDate?: string, endDate?: string, limit?: number): Promise<DatabaseResult> {
Server Tests	Run server tests	2025-12-05T02:21:57.4075882Z         [7m   [0m [96m        ~~~~~~~~~~~~~~~[0m
Server Tests	Run server tests	2025-12-05T02:21:57.4076167Z         'getPriceHistory' is declared here.
Server Tests	Run server tests	2025-12-05T02:21:57.4077145Z     [96msrc/server/__tests__/services/AlertService.test.ts[0m:[93m51[0m:[93m25[0m - [91merror[0m[90m TS2551: [0mProperty 'addPriceHistory' does not exist on type 'DataService'. Did you mean 'getPriceHistory'?
Server Tests	Run server tests	2025-12-05T02:21:57.4077788Z 
Server Tests	Run server tests	2025-12-05T02:21:57.4077981Z     [7m51[0m       await dataService.addPriceHistory({
Server Tests	Run server tests	2025-12-05T02:21:57.4078349Z     [7m  [0m [91m                        ~~~~~~~~~~~~~~~[0m
Server Tests	Run server tests	2025-12-05T02:21:57.4078529Z 
Server Tests	Run server tests	2025-12-05T02:21:57.4078793Z       [96msrc/server/services/DataService.ts[0m:[93m181[0m:[93m9[0m
Server Tests	Run server tests	2025-12-05T02:21:57.4079570Z         [7m181[0m   async getPriceHistory(floorPlanId: number, startDate?: string, endDate?: string, limit?: number): Promise<DatabaseResult> {
Server Tests	Run server tests	2025-12-05T02:21:57.4080173Z         [7m   [0m [96m        ~~~~~~~~~~~~~~~[0m
Server Tests	Run server tests	2025-12-05T02:21:57.4080452Z         'getPriceHistory' is declared here.
Server Tests	Run server tests	2025-12-05T02:21:57.4081290Z     [96msrc/server/__tests__/services/AlertService.test.ts[0m:[93m58[0m:[93m41[0m - [91merror[0m[90m TS2339: [0mProperty 'checkPriceDrops' does not exist on type 'AlertService'.
Server Tests	Run server tests	2025-12-05T02:21:57.4081843Z 
Server Tests	Run server tests	2025-12-05T02:21:57.4082121Z     [7m58[0m       const result = await alertService.checkPriceDrops(floorPlanId);
Server Tests	Run server tests	2025-12-05T02:21:57.4082599Z     [7m  [0m [91m                                        ~~~~~~~~~~~~~~~[0m
Server Tests	Run server tests	2025-12-05T02:21:57.4083591Z     [96msrc/server/__tests__/services/AlertService.test.ts[0m:[93m70[0m:[93m25[0m - [91merror[0m[90m TS2551: [0mProperty 'addPriceHistory' does not exist on type 'DataService'. Did you mean 'getPriceHistory'?
Server Tests	Run server tests	2025-12-05T02:21:57.4084347Z 
Server Tests	Run server tests	2025-12-05T02:21:57.4084539Z     [7m70[0m       await dataService.addPriceHistory({
Server Tests	Run server tests	2025-12-05T02:21:57.4084907Z     [7m  [0m [91m                        ~~~~~~~~~~~~~~~[0m
Server Tests	Run server tests	2025-12-05T02:21:57.4085089Z 
Server Tests	Run server tests	2025-12-05T02:21:57.4085342Z       [96msrc/server/services/DataService.ts[0m:[93m181[0m:[93m9[0m
Server Tests	Run server tests	2025-12-05T02:21:57.4086110Z         [7m181[0m   async getPriceHistory(floorPlanId: number, startDate?: string, endDate?: string, limit?: number): Promise<DatabaseResult> {
Server Tests	Run server tests	2025-12-05T02:21:57.4086696Z         [7m   [0m [96m        ~~~~~~~~~~~~~~~[0m
Server Tests	Run server tests	2025-12-05T02:21:57.4086973Z         'getPriceHistory' is declared here.
Server Tests	Run server tests	2025-12-05T02:21:57.4088062Z     [96msrc/server/__tests__/services/AlertService.test.ts[0m:[93m78[0m:[93m25[0m - [91merror[0m[90m TS2551: [0mProperty 'addPriceHistory' does not exist on type 'DataService'. Did you mean 'getPriceHistory'?
Server Tests	Run server tests	2025-12-05T02:21:57.4088687Z 
Server Tests	Run server tests	2025-12-05T02:21:57.4088870Z     [7m78[0m       await dataService.addPriceHistory({
Server Tests	Run server tests	2025-12-05T02:21:57.4089232Z     [7m  [0m [91m                        ~~~~~~~~~~~~~~~[0m
Server Tests	Run server tests	2025-12-05T02:21:57.4089520Z 
Server Tests	Run server tests	2025-12-05T02:21:57.4089775Z       [96msrc/server/services/DataService.ts[0m:[93m181[0m:[93m9[0m
Server Tests	Run server tests	2025-12-05T02:21:57.4090531Z         [7m181[0m   async getPriceHistory(floorPlanId: number, startDate?: string, endDate?: string, limit?: number): Promise<DatabaseResult> {
Server Tests	Run server tests	2025-12-05T02:21:57.4091122Z         [7m   [0m [96m        ~~~~~~~~~~~~~~~[0m
Server Tests	Run server tests	2025-12-05T02:21:57.4091400Z         'getPriceHistory' is declared here.
Server Tests	Run server tests	2025-12-05T02:21:57.4092227Z     [96msrc/server/__tests__/services/AlertService.test.ts[0m:[93m85[0m:[93m41[0m - [91merror[0m[90m TS2339: [0mProperty 'checkPriceDrops' does not exist on type 'AlertService'.
Server Tests	Run server tests	2025-12-05T02:21:57.4092766Z 
Server Tests	Run server tests	2025-12-05T02:21:57.4093041Z     [7m85[0m       const result = await alertService.checkPriceDrops(floorPlanId);
Server Tests	Run server tests	2025-12-05T02:21:57.4093503Z     [7m  [0m [91m                                        ~~~~~~~~~~~~~~~[0m
Server Tests	Run server tests	2025-12-05T02:21:57.4094645Z     [96msrc/server/__tests__/services/AlertService.test.ts[0m:[93m93[0m:[93m25[0m - [91merror[0m[90m TS2551: [0mProperty 'addPriceHistory' does not exist on type 'DataService'. Did you mean 'getPriceHistory'?
Server Tests	Run server tests	2025-12-05T02:21:57.4095274Z 
Server Tests	Run server tests	2025-12-05T02:21:57.4095470Z     [7m93[0m       await dataService.addPriceHistory({
Server Tests	Run server tests	2025-12-05T02:21:57.4095844Z     [7m  [0m [91m                        ~~~~~~~~~~~~~~~[0m
Server Tests	Run server tests	2025-12-05T02:21:57.4096029Z 
Server Tests	Run server tests	2025-12-05T02:21:57.4096294Z       [96msrc/server/services/DataService.ts[0m:[93m181[0m:[93m9[0m
Server Tests	Run server tests	2025-12-05T02:21:57.4097060Z         [7m181[0m   async getPriceHistory(floorPlanId: number, startDate?: string, endDate?: string, limit?: number): Promise<DatabaseResult> {
Server Tests	Run server tests	2025-12-05T02:21:57.4097655Z         [7m   [0m [96m        ~~~~~~~~~~~~~~~[0m
Server Tests	Run server tests	2025-12-05T02:21:57.4097932Z         'getPriceHistory' is declared here.
Server Tests	Run server tests	2025-12-05T02:21:57.4098881Z     [96msrc/server/__tests__/services/AlertService.test.ts[0m:[93m99[0m:[93m25[0m - [91merror[0m[90m TS2551: [0mProperty 'addPriceHistory' does not exist on type 'DataService'. Did you mean 'getPriceHistory'?
Server Tests	Run server tests	2025-12-05T02:21:57.4099510Z 
Server Tests	Run server tests	2025-12-05T02:21:57.4099704Z     [7m99[0m       await dataService.addPriceHistory({
Server Tests	Run server tests	2025-12-05T02:21:57.4100058Z     [7m  [0m [91m                        ~~~~~~~~~~~~~~~[0m
Server Tests	Run server tests	2025-12-05T02:21:57.4100243Z 
Server Tests	Run server tests	2025-12-05T02:21:57.4100494Z       [96msrc/server/services/DataService.ts[0m:[93m181[0m:[93m9[0m
Server Tests	Run server tests	2025-12-05T02:21:57.4101249Z         [7m181[0m   async getPriceHistory(floorPlanId: number, startDate?: string, endDate?: string, limit?: number): Promise<DatabaseResult> {
Server Tests	Run server tests	2025-12-05T02:21:57.4101845Z         [7m   [0m [96m        ~~~~~~~~~~~~~~~[0m
Server Tests	Run server tests	2025-12-05T02:21:57.4102126Z         'getPriceHistory' is declared here.
Server Tests	Run server tests	2025-12-05T02:21:57.4103073Z     [96msrc/server/__tests__/services/AlertService.test.ts[0m:[93m107[0m:[93m25[0m - [91merror[0m[90m TS2551: [0mProperty 'addPriceHistory' does not exist on type 'DataService'. Did you mean 'getPriceHistory'?
Server Tests	Run server tests	2025-12-05T02:21:57.4103703Z 
Server Tests	Run server tests	2025-12-05T02:21:57.4103889Z     [7m107[0m       await dataService.addPriceHistory({
Server Tests	Run server tests	2025-12-05T02:21:57.4104377Z     [7m   [0m [91m                        ~~~~~~~~~~~~~~~[0m
Server Tests	Run server tests	2025-12-05T02:21:57.4104556Z 
Server Tests	Run server tests	2025-12-05T02:21:57.4104807Z       [96msrc/server/services/DataService.ts[0m:[93m181[0m:[93m9[0m
Server Tests	Run server tests	2025-12-05T02:21:57.4105564Z         [7m181[0m   async getPriceHistory(floorPlanId: number, startDate?: string, endDate?: string, limit?: number): Promise<DatabaseResult> {
Server Tests	Run server tests	2025-12-05T02:21:57.4106140Z         [7m   [0m [96m        ~~~~~~~~~~~~~~~[0m
Server Tests	Run server tests	2025-12-05T02:21:57.4106558Z         'getPriceHistory' is declared here.
Server Tests	Run server tests	2025-12-05T02:21:57.4107395Z     [96msrc/server/__tests__/services/AlertService.test.ts[0m:[93m114[0m:[93m41[0m - [91merror[0m[90m TS2339: [0mProperty 'checkLowestPrice' does not exist on type 'AlertService'.
Server Tests	Run server tests	2025-12-05T02:21:57.4107938Z 
Server Tests	Run server tests	2025-12-05T02:21:57.4108220Z     [7m114[0m       const result = await alertService.checkLowestPrice(floorPlanId);
Server Tests	Run server tests	2025-12-05T02:21:57.4108684Z     [7m   [0m [91m                                        ~~~~~~~~~~~~~~~~[0m
Server Tests	Run server tests	2025-12-05T02:21:57.4109766Z     [96msrc/server/__tests__/services/AlertService.test.ts[0m:[93m126[0m:[93m25[0m - [91merror[0m[90m TS2551: [0mProperty 'addPriceHistory' does not exist on type 'DataService'. Did you mean 'getPriceHistory'?
Server Tests	Run server tests	2025-12-05T02:21:57.4110392Z 
Server Tests	Run server tests	2025-12-05T02:21:57.4110578Z     [7m126[0m       await dataService.addPriceHistory({
Server Tests	Run server tests	2025-12-05T02:21:57.4110944Z     [7m   [0m [91m                        ~~~~~~~~~~~~~~~[0m
Server Tests	Run server tests	2025-12-05T02:21:57.4111128Z 
Server Tests	Run server tests	2025-12-05T02:21:57.4111378Z       [96msrc/server/services/DataService.ts[0m:[93m181[0m:[93m9[0m
Server Tests	Run server tests	2025-12-05T02:21:57.4112131Z         [7m181[0m   async getPriceHistory(floorPlanId: number, startDate?: string, endDate?: string, limit?: number): Promise<DatabaseResult> {
Server Tests	Run server tests	2025-12-05T02:21:57.4112711Z         [7m   [0m [96m        ~~~~~~~~~~~~~~~[0m
Server Tests	Run server tests	2025-12-05T02:21:57.4112979Z         'getPriceHistory' is declared here.
Server Tests	Run server tests	2025-12-05T02:21:57.4113917Z     [96msrc/server/__tests__/services/AlertService.test.ts[0m:[93m134[0m:[93m25[0m - [91merror[0m[90m TS2551: [0mProperty 'addPriceHistory' does not exist on type 'DataService'. Did you mean 'getPriceHistory'?
Server Tests	Run server tests	2025-12-05T02:21:57.4114644Z 
Server Tests	Run server tests	2025-12-05T02:21:57.4114838Z     [7m134[0m       await dataService.addPriceHistory({
Server Tests	Run server tests	2025-12-05T02:21:57.4115197Z     [7m   [0m [91m                        ~~~~~~~~~~~~~~~[0m
Server Tests	Run server tests	2025-12-05T02:21:57.4115378Z 
Server Tests	Run server tests	2025-12-05T02:21:57.4115626Z       [96msrc/server/services/DataService.ts[0m:[93m181[0m:[93m9[0m
Server Tests	Run server tests	2025-12-05T02:21:57.4116376Z         [7m181[0m   async getPriceHistory(floorPlanId: number, startDate?: string, endDate?: string, limit?: number): Promise<DatabaseResult> {
Server Tests	Run server tests	2025-12-05T02:21:57.4116955Z         [7m   [0m [96m        ~~~~~~~~~~~~~~~[0m
Server Tests	Run server tests	2025-12-05T02:21:57.4117228Z         'getPriceHistory' is declared here.
Server Tests	Run server tests	2025-12-05T02:21:57.4118045Z     [96msrc/server/__tests__/services/AlertService.test.ts[0m:[93m141[0m:[93m41[0m - [91merror[0m[90m TS2339: [0mProperty 'checkPriceDrops' does not exist on type 'AlertService'.
Server Tests	Run server tests	2025-12-05T02:21:57.4118595Z 
Server Tests	Run server tests	2025-12-05T02:21:57.4118872Z     [7m141[0m       const result = await alertService.checkPriceDrops(floorPlanId);
Server Tests	Run server tests	2025-12-05T02:21:57.4119330Z     [7m   [0m [91m                                        ~~~~~~~~~~~~~~~[0m
Server Tests	Run server tests	2025-12-05T02:21:57.4120176Z     [96msrc/server/__tests__/services/AlertService.test.ts[0m:[93m150[0m:[93m41[0m - [91merror[0m[90m TS2339: [0mProperty 'getAlertSettings' does not exist on type 'AlertService'.
Server Tests	Run server tests	2025-12-05T02:21:57.4120726Z 
Server Tests	Run server tests	2025-12-05T02:21:57.4120964Z     [7m150[0m       const result = await alertService.getAlertSettings();
Server Tests	Run server tests	2025-12-05T02:21:57.4121390Z     [7m   [0m [91m                                        ~~~~~~~~~~~~~~~~[0m
Server Tests	Run server tests	2025-12-05T02:21:57.4122253Z     [96msrc/server/__tests__/services/AlertService.test.ts[0m:[93m158[0m:[93m41[0m - [91merror[0m[90m TS2339: [0mProperty 'updateAlertSettings' does not exist on type 'AlertService'.
Server Tests	Run server tests	2025-12-05T02:21:57.4122812Z 
Server Tests	Run server tests	2025-12-05T02:21:57.4123068Z     [7m158[0m       const result = await alertService.updateAlertSettings({
Server Tests	Run server tests	2025-12-05T02:21:57.4123502Z     [7m   [0m [91m                                        ~~~~~~~~~~~~~~~~~~~[0m
Server Tests	Run server tests	2025-12-05T02:21:57.4124449Z     [96msrc/server/__tests__/services/AlertService.test.ts[0m:[93m166[0m:[93m44[0m - [91merror[0m[90m TS2339: [0mProperty 'getAlertSettings' does not exist on type 'AlertService'.
Server Tests	Run server tests	2025-12-05T02:21:57.4124989Z 
Server Tests	Run server tests	2025-12-05T02:21:57.4125270Z     [7m166[0m       const getResult = await alertService.getAlertSettings();
Server Tests	Run server tests	2025-12-05T02:21:57.4125844Z     [7m   [0m [91m                                           ~~~~~~~~~~~~~~~~[0m
Server Tests	Run server tests	2025-12-05T02:21:57.4126699Z     [96msrc/server/__tests__/services/AlertService.test.ts[0m:[93m172[0m:[93m41[0m - [91merror[0m[90m TS2339: [0mProperty 'updateAlertSettings' does not exist on type 'AlertService'.
Server Tests	Run server tests	2025-12-05T02:21:57.4127253Z 
Server Tests	Run server tests	2025-12-05T02:21:57.4127496Z     [7m172[0m       const result = await alertService.updateAlertSettings({
Server Tests	Run server tests	2025-12-05T02:21:57.4128033Z     [7m   [0m [91m                                        ~~~~~~~~~~~~~~~~~~~[0m
Server Tests	Run server tests	2025-12-05T02:21:57.4128856Z     [96msrc/server/__tests__/services/AlertService.test.ts[0m:[93m185[0m:[93m25[0m - [91merror[0m[90m TS2339: [0mProperty 'createAlert' does not exist on type 'DataService'.
Server Tests	Run server tests	2025-12-05T02:21:57.4129376Z 
Server Tests	Run server tests	2025-12-05T02:21:57.4129563Z     [7m185[0m       await dataService.createAlert({
Server Tests	Run server tests	2025-12-05T02:21:57.4129909Z     [7m   [0m [91m                        ~~~~~~~~~~~[0m
Server Tests	Run server tests	2025-12-05T02:21:57.4130741Z     [96msrc/server/__tests__/services/AlertService.test.ts[0m:[93m191[0m:[93m41[0m - [91merror[0m[90m TS2339: [0mProperty 'getActiveAlerts' does not exist on type 'AlertService'.
Server Tests	Run server tests	2025-12-05T02:21:57.4131276Z 
Server Tests	Run server tests	2025-12-05T02:21:57.4131516Z     [7m191[0m       const result = await alertService.getActiveAlerts();
Server Tests	Run server tests	2025-12-05T02:21:57.4131936Z     [7m   [0m [91m                                        ~~~~~~~~~~~~~~~[0m
Server Tests	Run server tests	2025-12-05T02:21:57.4132767Z     [96msrc/server/__tests__/services/AlertService.test.ts[0m:[93m199[0m:[93m46[0m - [91merror[0m[90m TS2339: [0mProperty 'createAlert' does not exist on type 'DataService'.
Server Tests	Run server tests	2025-12-05T02:21:57.4133297Z 
Server Tests	Run server tests	2025-12-05T02:21:57.4133539Z     [7m199[0m       const createResult = await dataService.createAlert({
Server Tests	Run server tests	2025-12-05T02:21:57.4133959Z     [7m   [0m [91m                                             ~~~~~~~~~~~[0m
Server Tests	Run server tests	2025-12-05T02:21:57.4134984Z     [96msrc/server/__tests__/services/AlertService.test.ts[0m:[93m205[0m:[93m48[0m - [91merror[0m[90m TS2339: [0mProperty 'dismissAlert' does not exist on type 'AlertService'.
Server Tests	Run server tests	2025-12-05T02:21:57.4135525Z 
Server Tests	Run server tests	2025-12-05T02:21:57.4135865Z     [7m205[0m       const dismissResult = await alertService.dismissAlert(createResult.data.id);
Server Tests	Run server tests	2025-12-05T02:21:57.4136379Z     [7m   [0m [91m                                               ~~~~~~~~~~~~[0m
Server Tests	Run server tests	2025-12-05T02:21:57.4137227Z     [96msrc/server/__tests__/services/AlertService.test.ts[0m:[93m210[0m:[93m47[0m - [91merror[0m[90m TS2339: [0mProperty 'getActiveAlerts' does not exist on type 'AlertService'.
Server Tests	Run server tests	2025-12-05T02:21:57.4137773Z 
Server Tests	Run server tests	2025-12-05T02:21:57.4138030Z     [7m210[0m       const activeAlerts = await alertService.getActiveAlerts();
Server Tests	Run server tests	2025-12-05T02:21:57.4138479Z     [7m   [0m [91m                                              ~~~~~~~~~~~~~~~[0m
Server Tests	Run server tests	2025-12-05T02:21:57.4139450Z     [96msrc/server/__tests__/services/AlertService.test.ts[0m:[93m225[0m:[93m25[0m - [91merror[0m[90m TS2551: [0mProperty 'addPriceHistory' does not exist on type 'DataService'. Did you mean 'getPriceHistory'?
Server Tests	Run server tests	2025-12-05T02:21:57.4140081Z 
Server Tests	Run server tests	2025-12-05T02:21:57.4140268Z     [7m225[0m       await dataService.addPriceHistory({
Server Tests	Run server tests	2025-12-05T02:21:57.4140631Z     [7m   [0m [91m                        ~~~~~~~~~~~~~~~[0m
Server Tests	Run server tests	2025-12-05T02:21:57.4140807Z 
Server Tests	Run server tests	2025-12-05T02:21:57.4141064Z       [96msrc/server/services/DataService.ts[0m:[93m181[0m:[93m9[0m
Server Tests	Run server tests	2025-12-05T02:21:57.4141819Z         [7m181[0m   async getPriceHistory(floorPlanId: number, startDate?: string, endDate?: string, limit?: number): Promise<DatabaseResult> {
Server Tests	Run server tests	2025-12-05T02:21:57.4142406Z         [7m   [0m [96m        ~~~~~~~~~~~~~~~[0m
Server Tests	Run server tests	2025-12-05T02:21:57.4142675Z         'getPriceHistory' is declared here.
Server Tests	Run server tests	2025-12-05T02:21:57.4143620Z     [96msrc/server/__tests__/services/AlertService.test.ts[0m:[93m231[0m:[93m25[0m - [91merror[0m[90m TS2551: [0mProperty 'addPriceHistory' does not exist on type 'DataService'. Did you mean 'getPriceHistory'?
Server Tests	Run server tests	2025-12-05T02:21:57.4144508Z 
Server Tests	Run server tests	2025-12-05T02:21:57.4144712Z     [7m231[0m       await dataService.addPriceHistory({
Server Tests	Run server tests	2025-12-05T02:21:57.4145075Z     [7m   [0m [91m                        ~~~~~~~~~~~~~~~[0m
Server Tests	Run server tests	2025-12-05T02:21:57.4145258Z 
Server Tests	Run server tests	2025-12-05T02:21:57.4145509Z       [96msrc/server/services/DataService.ts[0m:[93m181[0m:[93m9[0m
Server Tests	Run server tests	2025-12-05T02:21:57.4146267Z         [7m181[0m   async getPriceHistory(floorPlanId: number, startDate?: string, endDate?: string, limit?: number): Promise<DatabaseResult> {
Server Tests	Run server tests	2025-12-05T02:21:57.4146972Z         [7m   [0m [96m        ~~~~~~~~~~~~~~~[0m
Server Tests	Run server tests	2025-12-05T02:21:57.4147276Z         'getPriceHistory' is declared here.
Server Tests	Run server tests	2025-12-05T02:21:57.4148218Z     [96msrc/server/__tests__/services/AlertService.test.ts[0m:[93m243[0m:[93m25[0m - [91merror[0m[90m TS2551: [0mProperty 'addPriceHistory' does not exist on type 'DataService'. Did you mean 'getPriceHistory'?
Server Tests	Run server tests	2025-12-05T02:21:57.4148848Z 
Server Tests	Run server tests	2025-12-05T02:21:57.4149029Z     [7m243[0m       await dataService.addPriceHistory({
Server Tests	Run server tests	2025-12-05T02:21:57.4149397Z     [7m   [0m [91m                        ~~~~~~~~~~~~~~~[0m
Server Tests	Run server tests	2025-12-05T02:21:57.4149572Z 
Server Tests	Run server tests	2025-12-05T02:21:57.4149821Z       [96msrc/server/services/DataService.ts[0m:[93m181[0m:[93m9[0m
Server Tests	Run server tests	2025-12-05T02:21:57.4150583Z         [7m181[0m   async getPriceHistory(floorPlanId: number, startDate?: string, endDate?: string, limit?: number): Promise<DatabaseResult> {
Server Tests	Run server tests	2025-12-05T02:21:57.4151161Z         [7m   [0m [96m        ~~~~~~~~~~~~~~~[0m
Server Tests	Run server tests	2025-12-05T02:21:57.4151440Z         'getPriceHistory' is declared here.
Server Tests	Run server tests	2025-12-05T02:21:57.4152380Z     [96msrc/server/__tests__/services/AlertService.test.ts[0m:[93m249[0m:[93m25[0m - [91merror[0m[90m TS2551: [0mProperty 'addPriceHistory' does not exist on type 'DataService'. Did you mean 'getPriceHistory'?
Server Tests	Run server tests	2025-12-05T02:21:57.4153002Z 
Server Tests	Run server tests	2025-12-05T02:21:57.4153183Z     [7m249[0m       await dataService.addPriceHistory({
Server Tests	Run server tests	2025-12-05T02:21:57.4153540Z     [7m   [0m [91m                        ~~~~~~~~~~~~~~~[0m
Server Tests	Run server tests	2025-12-05T02:21:57.4153718Z 
Server Tests	Run server tests	2025-12-05T02:21:57.4153963Z       [96msrc/server/services/DataService.ts[0m:[93m181[0m:[93m9[0m
Server Tests	Run server tests	2025-12-05T02:21:57.4154840Z         [7m181[0m   async getPriceHistory(floorPlanId: number, startDate?: string, endDate?: string, limit?: number): Promise<DatabaseResult> {
Server Tests	Run server tests	2025-12-05T02:21:57.4155427Z         [7m   [0m [96m        ~~~~~~~~~~~~~~~[0m
Server Tests	Run server tests	2025-12-05T02:21:57.4155697Z         'getPriceHistory' is declared here.
Server Tests	Run server tests	2025-12-05T02:21:57.4156537Z     [96msrc/server/__tests__/services/AlertService.test.ts[0m:[93m256[0m:[93m41[0m - [91merror[0m[90m TS2339: [0mProperty 'processAllAlerts' does not exist on type 'AlertService'.
Server Tests	Run server tests	2025-12-05T02:21:57.4157080Z 
Server Tests	Run server tests	2025-12-05T02:21:57.4157325Z     [7m256[0m       const result = await alertService.processAllAlerts();
Server Tests	Run server tests	2025-12-05T02:21:57.4157755Z     [7m   [0m [91m                                        ~~~~~~~~~~~~~~~~[0m
Server Tests	Run server tests	2025-12-05T02:21:57.4157948Z 
Server Tests	Run server tests	2025-12-05T02:21:57.5310101Z FAIL src/server/__tests__/database-integration.test.ts
Server Tests	Run server tests	2025-12-05T02:21:57.5312220Z   ● Test suite failed to run
Server Tests	Run server tests	2025-12-05T02:21:57.5317022Z 
Server Tests	Run server tests	2025-12-05T02:21:57.5318197Z     [96msrc/server/__tests__/database-integration.test.ts[0m:[93m117[0m:[93m12[0m - [91merror[0m[90m TS18048: [0m'result.data' is possibly 'undefined'.
Server Tests	Run server tests	2025-12-05T02:21:57.5319072Z 
Server Tests	Run server tests	2025-12-05T02:21:57.5319516Z     [7m117[0m     expect(result.data.buildingId).toBeDefined();
Server Tests	Run server tests	2025-12-05T02:21:57.5320379Z     [7m   [0m [91m           ~~~~~~~~~~~[0m
Server Tests	Run server tests	2025-12-05T02:21:57.5321939Z     [96msrc/server/__tests__/database-integration.test.ts[0m:[93m118[0m:[93m12[0m - [91merror[0m[90m TS18048: [0m'result.data' is possibly 'undefined'.
Server Tests	Run server tests	2025-12-05T02:21:57.5323042Z 
Server Tests	Run server tests	2025-12-05T02:21:57.5323637Z     [7m118[0m     expect(result.data.floorPlanId).toBeDefined();
Server Tests	Run server tests	2025-12-05T02:21:57.5325947Z     [7m   [0m [91m           ~~~~~~~~~~~[0m
Server Tests	Run server tests	2025-12-05T02:21:57.5327313Z     [96msrc/server/__tests__/database-integration.test.ts[0m:[93m137[0m:[93m9[0m - [91merror[0m[90m TS18048: [0m'result.data' is possibly 'undefined'.
Server Tests	Run server tests	2025-12-05T02:21:57.5328542Z 
Server Tests	Run server tests	2025-12-05T02:21:57.5328870Z     [7m137[0m     `, [result.data.buildingId]);
Server Tests	Run server tests	2025-12-05T02:21:57.5329460Z     [7m   [0m [91m        ~~~~~~~~~~~[0m
Server Tests	Run server tests	2025-12-05T02:21:57.5329742Z 
Server Tests	Run server tests	2025-12-05T02:21:57.7482415Z FAIL src/server/__tests__/middleware.test.ts
Server Tests	Run server tests	2025-12-05T02:21:57.7484556Z   Middleware Tests
Server Tests	Run server tests	2025-12-05T02:21:57.7484931Z     Validation Middleware
Server Tests	Run server tests	2025-12-05T02:21:57.7486200Z       ✓ should pass validation with valid data (6 ms)
Server Tests	Run server tests	2025-12-05T02:21:57.7486746Z       ✓ should fail validation with invalid data (1 ms)
Server Tests	Run server tests	2025-12-05T02:21:57.7487167Z       ✓ should validate query parameters (2 ms)
Server Tests	Run server tests	2025-12-05T02:21:57.7487563Z       ✓ should validate URL parameters (1 ms)
Server Tests	Run server tests	2025-12-05T02:21:57.7487862Z     Error Handler Middleware
Server Tests	Run server tests	2025-12-05T02:21:57.7488216Z       ✓ should handle AppError correctly (6 ms)
Server Tests	Run server tests	2025-12-05T02:21:57.7488598Z       ✕ should handle generic errors (3 ms)
Server Tests	Run server tests	2025-12-05T02:21:57.7489049Z       ✕ should include stack trace in development (2 ms)
Server Tests	Run server tests	2025-12-05T02:21:57.7489373Z     Async Handler
Server Tests	Run server tests	2025-12-05T02:21:57.7489715Z       ✓ should handle successful async operations (1 ms)
Server Tests	Run server tests	2025-12-05T02:21:57.7490161Z       ✓ should catch and forward async errors (1 ms)
Server Tests	Run server tests	2025-12-05T02:21:57.7490461Z     Validation Schemas
Server Tests	Run server tests	2025-12-05T02:21:57.7490790Z       ✓ should validate date range schema (1 ms)
Server Tests	Run server tests	2025-12-05T02:21:57.7491191Z       ✓ should validate floor plan ID schema (1 ms)
Server Tests	Run server tests	2025-12-05T02:21:57.7491636Z       ✓ should validate alert settings schema (1 ms)
Server Tests	Run server tests	2025-12-05T02:21:57.7491861Z 
Server Tests	Run server tests	2025-12-05T02:21:57.7492214Z   ● Middleware Tests › Error Handler Middleware › should handle generic errors
Server Tests	Run server tests	2025-12-05T02:21:57.7492540Z 
Server Tests	Run server tests	2025-12-05T02:21:57.7492726Z     expect(jest.fn()).toHaveBeenCalledWith(...expected)
Server Tests	Run server tests	2025-12-05T02:21:57.7492969Z 
Server Tests	Run server tests	2025-12-05T02:21:57.7493054Z     - Expected
Server Tests	Run server tests	2025-12-05T02:21:57.7493253Z     + Received
Server Tests	Run server tests	2025-12-05T02:21:57.7493366Z 
Server Tests	Run server tests	2025-12-05T02:21:57.7493444Z       Object {
Server Tests	Run server tests	2025-12-05T02:21:57.7493649Z         "error": Object {
Server Tests	Run server tests	2025-12-05T02:21:57.7493916Z     -     "message": "Generic error",
Server Tests	Run server tests	2025-12-05T02:21:57.7494450Z     +     "message": "Internal Server Error",
Server Tests	Run server tests	2025-12-05T02:21:57.7494793Z     +     "stack": "Error: Generic error
Server Tests	Run server tests	2025-12-05T02:21:57.7504691Z     +     at Object.<anonymous> (/home/runner/work/onnislu-tracker/onnislu-tracker/src/server/__tests__/middleware.test.ts:116:21)
Server Tests	Run server tests	2025-12-05T02:21:57.7505663Z     +     at Promise.then.completed (/home/runner/work/onnislu-tracker/onnislu-tracker/node_modules/jest-circus/build/utils.js:298:28)
Server Tests	Run server tests	2025-12-05T02:21:57.7506275Z     +     at new Promise (<anonymous>)
Server Tests	Run server tests	2025-12-05T02:21:57.7506886Z     +     at callAsyncCircusFn (/home/runner/work/onnislu-tracker/onnislu-tracker/node_modules/jest-circus/build/utils.js:231:10)
Server Tests	Run server tests	2025-12-05T02:21:57.7507775Z     +     at _callCircusTest (/home/runner/work/onnislu-tracker/onnislu-tracker/node_modules/jest-circus/build/run.js:316:40)
Server Tests	Run server tests	2025-12-05T02:21:57.7508586Z     +     at _runTest (/home/runner/work/onnislu-tracker/onnislu-tracker/node_modules/jest-circus/build/run.js:252:3)
Server Tests	Run server tests	2025-12-05T02:21:57.7509455Z     +     at _runTestsForDescribeBlock (/home/runner/work/onnislu-tracker/onnislu-tracker/node_modules/jest-circus/build/run.js:126:9)
Server Tests	Run server tests	2025-12-05T02:21:57.7510398Z     +     at _runTestsForDescribeBlock (/home/runner/work/onnislu-tracker/onnislu-tracker/node_modules/jest-circus/build/run.js:121:9)
Server Tests	Run server tests	2025-12-05T02:21:57.7511326Z     +     at _runTestsForDescribeBlock (/home/runner/work/onnislu-tracker/onnislu-tracker/node_modules/jest-circus/build/run.js:121:9)
Server Tests	Run server tests	2025-12-05T02:21:57.7512168Z     +     at run (/home/runner/work/onnislu-tracker/onnislu-tracker/node_modules/jest-circus/build/run.js:71:3)
Server Tests	Run server tests	2025-12-05T02:21:57.7513242Z     +     at runAndTransformResultsToJestFormat (/home/runner/work/onnislu-tracker/onnislu-tracker/node_modules/jest-circus/build/legacy-code-todo-rewrite/jestAdapterInit.js:122:21)
Server Tests	Run server tests	2025-12-05T02:21:57.7514736Z     +     at jestAdapter (/home/runner/work/onnislu-tracker/onnislu-tracker/node_modules/jest-circus/build/legacy-code-todo-rewrite/jestAdapter.js:79:19)
Server Tests	Run server tests	2025-12-05T02:21:57.7515959Z     +     at runTestInternal (/home/runner/work/onnislu-tracker/onnislu-tracker/node_modules/jest-runner/build/runTest.js:367:16)
Server Tests	Run server tests	2025-12-05T02:21:57.7516827Z     +     at runTest (/home/runner/work/onnislu-tracker/onnislu-tracker/node_modules/jest-runner/build/runTest.js:444:34)",
Server Tests	Run server tests	2025-12-05T02:21:57.7517366Z           "type": "SYSTEM_ERROR",
Server Tests	Run server tests	2025-12-05T02:21:57.7517703Z         },
Server Tests	Run server tests	2025-12-05T02:21:57.7517875Z         "success": false,
Server Tests	Run server tests	2025-12-05T02:21:57.7518075Z       },
Server Tests	Run server tests	2025-12-05T02:21:57.7518166Z 
Server Tests	Run server tests	2025-12-05T02:21:57.7518242Z     Number of calls: 1
Server Tests	Run server tests	2025-12-05T02:21:57.7518368Z 
Server Tests	Run server tests	2025-12-05T02:21:57.7518526Z     [0m [90m 119 |[39m
Server Tests	Run server tests	2025-12-05T02:21:57.7519067Z      [90m 120 |[39m       expect(mockRes[33m.[39mstatus)[33m.[39mtoHaveBeenCalledWith([35m500[39m)[33m;[39m
Server Tests	Run server tests	2025-12-05T02:21:57.7519780Z     [31m[1m>[22m[39m[90m 121 |[39m       expect(mockRes[33m.[39mjson)[33m.[39mtoHaveBeenCalledWith({
Server Tests	Run server tests	2025-12-05T02:21:57.7520303Z      [90m     |[39m                            [31m[1m^[22m[39m
Server Tests	Run server tests	2025-12-05T02:21:57.7520716Z      [90m 122 |[39m         success[33m:[39m [36mfalse[39m[33m,[39m
Server Tests	Run server tests	2025-12-05T02:21:57.7521080Z      [90m 123 |[39m         error[33m:[39m {
Server Tests	Run server tests	2025-12-05T02:21:57.7521490Z      [90m 124 |[39m           type[33m:[39m [32m'SYSTEM_ERROR'[39m[33m,[39m[0m
Server Tests	Run server tests	2025-12-05T02:21:57.7521722Z 
Server Tests	Run server tests	2025-12-05T02:21:57.7521940Z       at Object.<anonymous> (src/server/__tests__/middleware.test.ts:121:28)
Server Tests	Run server tests	2025-12-05T02:21:57.7522184Z 
Server Tests	Run server tests	2025-12-05T02:21:57.7522531Z   ● Middleware Tests › Error Handler Middleware › should include stack trace in development
Server Tests	Run server tests	2025-12-05T02:21:57.7522839Z 
Server Tests	Run server tests	2025-12-05T02:21:57.7522990Z     expect(jest.fn()).toHaveBeenCalledWith(...expected)
Server Tests	Run server tests	2025-12-05T02:21:57.7523200Z 
Server Tests	Run server tests	2025-12-05T02:21:57.7523273Z     - Expected
Server Tests	Run server tests	2025-12-05T02:21:57.7523441Z     + Received
Server Tests	Run server tests	2025-12-05T02:21:57.7523534Z 
Server Tests	Run server tests	2025-12-05T02:21:57.7523606Z       Object {
Server Tests	Run server tests	2025-12-05T02:21:57.7523809Z         "error": Object {
Server Tests	Run server tests	2025-12-05T02:21:57.7524209Z     -     "message": "Test error",
Server Tests	Run server tests	2025-12-05T02:21:57.7524470Z     -     "stack": Any<String>,
Server Tests	Run server tests	2025-12-05T02:21:57.7524713Z     +     "message": "Internal Server Error",
Server Tests	Run server tests	2025-12-05T02:21:57.7524982Z     +     "stack": "Error: Test error
Server Tests	Run server tests	2025-12-05T02:21:57.7525541Z     +     at Object.<anonymous> (/home/runner/work/onnislu-tracker/onnislu-tracker/src/server/__tests__/middleware.test.ts:136:21)
Server Tests	Run server tests	2025-12-05T02:21:57.7526392Z     +     at Promise.then.completed (/home/runner/work/onnislu-tracker/onnislu-tracker/node_modules/jest-circus/build/utils.js:298:28)
Server Tests	Run server tests	2025-12-05T02:21:57.7526935Z     +     at new Promise (<anonymous>)
Server Tests	Run server tests	2025-12-05T02:21:57.7527487Z     +     at callAsyncCircusFn (/home/runner/work/onnislu-tracker/onnislu-tracker/node_modules/jest-circus/build/utils.js:231:10)
Server Tests	Run server tests	2025-12-05T02:21:57.7528285Z     +     at _callCircusTest (/home/runner/work/onnislu-tracker/onnislu-tracker/node_modules/jest-circus/build/run.js:316:40)
Server Tests	Run server tests	2025-12-05T02:21:57.7529040Z     +     at _runTest (/home/runner/work/onnislu-tracker/onnislu-tracker/node_modules/jest-circus/build/run.js:252:3)
Server Tests	Run server tests	2025-12-05T02:21:57.7529825Z     +     at _runTestsForDescribeBlock (/home/runner/work/onnislu-tracker/onnislu-tracker/node_modules/jest-circus/build/run.js:126:9)
Server Tests	Run server tests	2025-12-05T02:21:57.7530680Z     +     at _runTestsForDescribeBlock (/home/runner/work/onnislu-tracker/onnislu-tracker/node_modules/jest-circus/build/run.js:121:9)
Server Tests	Run server tests	2025-12-05T02:21:57.7531521Z     +     at _runTestsForDescribeBlock (/home/runner/work/onnislu-tracker/onnislu-tracker/node_modules/jest-circus/build/run.js:121:9)
Server Tests	Run server tests	2025-12-05T02:21:57.7532276Z     +     at run (/home/runner/work/onnislu-tracker/onnislu-tracker/node_modules/jest-circus/build/run.js:71:3)
Server Tests	Run server tests	2025-12-05T02:21:57.7533268Z     +     at runAndTransformResultsToJestFormat (/home/runner/work/onnislu-tracker/onnislu-tracker/node_modules/jest-circus/build/legacy-code-todo-rewrite/jestAdapterInit.js:122:21)
Server Tests	Run server tests	2025-12-05T02:21:57.7534786Z     +     at jestAdapter (/home/runner/work/onnislu-tracker/onnislu-tracker/node_modules/jest-circus/build/legacy-code-todo-rewrite/jestAdapter.js:79:19)
Server Tests	Run server tests	2025-12-05T02:21:57.7535710Z     +     at runTestInternal (/home/runner/work/onnislu-tracker/onnislu-tracker/node_modules/jest-runner/build/runTest.js:367:16)
Server Tests	Run server tests	2025-12-05T02:21:57.7536508Z     +     at runTest (/home/runner/work/onnislu-tracker/onnislu-tracker/node_modules/jest-runner/build/runTest.js:444:34)",
Server Tests	Run server tests	2025-12-05T02:21:57.7537130Z           "type": "SYSTEM_ERROR",
Server Tests	Run server tests	2025-12-05T02:21:57.7537338Z         },
Server Tests	Run server tests	2025-12-05T02:21:57.7537492Z         "success": false,
Server Tests	Run server tests	2025-12-05T02:21:57.7537675Z       },
Server Tests	Run server tests	2025-12-05T02:21:57.7537761Z 
Server Tests	Run server tests	2025-12-05T02:21:57.7537839Z     Number of calls: 1
Server Tests	Run server tests	2025-12-05T02:21:57.7537954Z 
Server Tests	Run server tests	2025-12-05T02:21:57.7538660Z     [0m [90m 138 |[39m       errorHandler(error[33m,[39m mockReq [36mas[39m [33mRequest[39m[33m,[39m mockRes [36mas[39m [33mResponse[39m[33m,[39m mockNext)[33m;[39m
Server Tests	Run server tests	2025-12-05T02:21:57.7539228Z      [90m 139 |[39m
Server Tests	Run server tests	2025-12-05T02:21:57.7539677Z     [31m[1m>[22m[39m[90m 140 |[39m       expect(mockRes[33m.[39mjson)[33m.[39mtoHaveBeenCalledWith({
Server Tests	Run server tests	2025-12-05T02:21:57.7540151Z      [90m     |[39m                            [31m[1m^[22m[39m
Server Tests	Run server tests	2025-12-05T02:21:57.7540549Z      [90m 141 |[39m         success[33m:[39m [36mfalse[39m[33m,[39m
Server Tests	Run server tests	2025-12-05T02:21:57.7540904Z      [90m 142 |[39m         error[33m:[39m {
Server Tests	Run server tests	2025-12-05T02:21:57.7541304Z      [90m 143 |[39m           type[33m:[39m [32m'SYSTEM_ERROR'[39m[33m,[39m[0m
Server Tests	Run server tests	2025-12-05T02:21:57.7541591Z 
Server Tests	Run server tests	2025-12-05T02:21:57.7541795Z       at Object.<anonymous> (src/server/__tests__/middleware.test.ts:140:28)
Server Tests	Run server tests	2025-12-05T02:21:57.7542044Z 
Server Tests	Run server tests	2025-12-05T02:21:57.8405306Z FAIL src/client/src/components/__tests__/FilterPanel.test.tsx
Server Tests	Run server tests	2025-12-05T02:21:57.8406350Z   ● Test suite failed to run
Server Tests	Run server tests	2025-12-05T02:21:57.8406608Z 
Server Tests	Run server tests	2025-12-05T02:21:57.8407595Z     [96msrc/client/src/components/__tests__/FilterPanel.test.tsx[0m:[93m1[0m:[93m19[0m - [91merror[0m[90m TS2307: [0mCannot find module 'react' or its corresponding type declarations.
Server Tests	Run server tests	2025-12-05T02:21:57.8408396Z 
Server Tests	Run server tests	2025-12-05T02:21:57.8408593Z     [7m1[0m import React from 'react';
Server Tests	Run server tests	2025-12-05T02:21:57.8408995Z     [7m [0m [91m                  ~~~~~~~[0m
Server Tests	Run server tests	2025-12-05T02:21:57.8410252Z     [96msrc/client/src/components/__tests__/FilterPanel.test.tsx[0m:[93m2[0m:[93m43[0m - [91merror[0m[90m TS2307: [0mCannot find module '@testing-library/react' or its corresponding type declarations.
Server Tests	Run server tests	2025-12-05T02:21:57.8411113Z 
Server Tests	Run server tests	2025-12-05T02:21:57.8411508Z     [7m2[0m import { render, screen, fireEvent } from '@testing-library/react';
Server Tests	Run server tests	2025-12-05T02:21:57.8412180Z     [7m [0m [91m                                          ~~~~~~~~~~~~~~~~~~~~~~~~[0m
Server Tests	Run server tests	2025-12-05T02:21:57.8414342Z     [96msrc/client/src/components/__tests__/FilterPanel.test.tsx[0m:[93m4[0m:[93m42[0m - [91merror[0m[90m TS6142: [0mModule '../FilterPanel' was resolved to '/home/runner/work/onnislu-tracker/onnislu-tracker/src/client/src/components/FilterPanel.tsx', but '--jsx' is not set.
Server Tests	Run server tests	2025-12-05T02:21:57.8415677Z 
Server Tests	Run server tests	2025-12-05T02:21:57.8416040Z     [7m4[0m import FilterPanel, { FilterState } from '../FilterPanel';
Server Tests	Run server tests	2025-12-05T02:21:57.8416663Z     [7m [0m [91m                                         ~~~~~~~~~~~~~~~~[0m
Server Tests	Run server tests	2025-12-05T02:21:57.8417875Z     [96msrc/client/src/components/__tests__/FilterPanel.test.tsx[0m:[93m25[0m:[93m7[0m - [91merror[0m[90m TS17004: [0mCannot use JSX unless the '--jsx' flag is provided.
Server Tests	Run server tests	2025-12-05T02:21:57.8418642Z 
Server Tests	Run server tests	2025-12-05T02:21:57.8418827Z     [7m 25[0m       <FilterPanel
Server Tests	Run server tests	2025-12-05T02:21:57.8419222Z     [7m   [0m [91m      ~~~~~~~~~~~~[0m
Server Tests	Run server tests	2025-12-05T02:21:57.8419666Z     [7m 26[0m         filters={defaultFilters}
Server Tests	Run server tests	2025-12-05T02:21:57.8420135Z     [7m   [0m [91m~~~~~~~~~~~~~~~~~~~~~~~~~~~~~~~~[0m
Server Tests	Run server tests	2025-12-05T02:21:57.8420506Z     [7m...[0m 
Server Tests	Run server tests	2025-12-05T02:21:57.8420922Z     [7m 28[0m         availableBuildings={availableBuildings}
Server Tests	Run server tests	2025-12-05T02:21:57.8421809Z     [7m   [0m [91m~~~~~~~~~~~~~~~~~~~~~~~~~~~~~~~~~~~~~~~~~~~~~~~[0m
Server Tests	Run server tests	2025-12-05T02:21:57.8422122Z     [7m 29[0m       />
Server Tests	Run server tests	2025-12-05T02:21:57.8422365Z     [7m   [0m [91m~~~~~~~~[0m
Server Tests	Run server tests	2025-12-05T02:21:57.8423285Z     [96msrc/client/src/components/__tests__/FilterPanel.test.tsx[0m:[93m32[0m:[93m41[0m - [91merror[0m[90m TS2339: [0mProperty 'toBeInTheDocument' does not exist on type 'JestMatchers<any>'.
Server Tests	Run server tests	2025-12-05T02:21:57.8423908Z 
Server Tests	Run server tests	2025-12-05T02:21:57.8424341Z     [7m32[0m     expect(screen.getByText('Filters')).toBeInTheDocument();
Server Tests	Run server tests	2025-12-05T02:21:57.8424975Z     [7m  [0m [91m                                        ~~~~~~~~~~~~~~~~~[0m
Server Tests	Run server tests	2025-12-05T02:21:57.8425943Z     [96msrc/client/src/components/__tests__/FilterPanel.test.tsx[0m:[93m33[0m:[93m62[0m - [91merror[0m[90m TS2339: [0mProperty 'toBeInTheDocument' does not exist on type 'JestMatchers<any>'.
Server Tests	Run server tests	2025-12-05T02:21:57.8426609Z 
Server Tests	Run server tests	2025-12-05T02:21:57.8426965Z     [7m33[0m     expect(screen.getByPlaceholderText('Search by name...')).toBeInTheDocument();
Server Tests	Run server tests	2025-12-05T02:21:57.8427540Z     [7m  [0m [91m                                                             ~~~~~~~~~~~~~~~~~[0m
Server Tests	Run server tests	2025-12-05T02:21:57.8428536Z     [96msrc/client/src/components/__tests__/FilterPanel.test.tsx[0m:[93m34[0m:[93m47[0m - [91merror[0m[90m TS2339: [0mProperty 'toBeInTheDocument' does not exist on type 'JestMatchers<any>'.
Server Tests	Run server tests	2025-12-05T02:21:57.8429166Z 
Server Tests	Run server tests	2025-12-05T02:21:57.8429449Z     [7m34[0m     expect(screen.getByLabelText('Bedrooms')).toBeInTheDocument();
Server Tests	Run server tests	2025-12-05T02:21:57.8429952Z     [7m  [0m [91m                                              ~~~~~~~~~~~~~~~~~[0m
Server Tests	Run server tests	2025-12-05T02:21:57.8430921Z     [96msrc/client/src/components/__tests__/FilterPanel.test.tsx[0m:[93m35[0m:[93m48[0m - [91merror[0m[90m TS2339: [0mProperty 'toBeInTheDocument' does not exist on type 'JestMatchers<any>'.
Server Tests	Run server tests	2025-12-05T02:21:57.8431579Z 
Server Tests	Run server tests	2025-12-05T02:21:57.8431869Z     [7m35[0m     expect(screen.getByLabelText('Bathrooms')).toBeInTheDocument();
Server Tests	Run server tests	2025-12-05T02:21:57.8432344Z     [7m  [0m [91m                                               ~~~~~~~~~~~~~~~~~[0m
Server Tests	Run server tests	2025-12-05T02:21:57.8433266Z     [96msrc/client/src/components/__tests__/FilterPanel.test.tsx[0m:[93m36[0m:[93m48[0m - [91merror[0m[90m TS2339: [0mProperty 'toBeInTheDocument' does not exist on type 'JestMatchers<any>'.
Server Tests	Run server tests	2025-12-05T02:21:57.8433853Z 
Server Tests	Run server tests	2025-12-05T02:21:57.8434318Z     [7m36[0m     expect(screen.getByLabelText('Buildings')).toBeInTheDocument();
Server Tests	Run server tests	2025-12-05T02:21:57.8434807Z     [7m  [0m [91m                                               ~~~~~~~~~~~~~~~~~[0m
Server Tests	Run server tests	2025-12-05T02:21:57.8435743Z     [96msrc/client/src/components/__tests__/FilterPanel.test.tsx[0m:[93m37[0m:[93m46[0m - [91merror[0m[90m TS2339: [0mProperty 'toBeInTheDocument' does not exist on type 'JestMatchers<any>'.
Server Tests	Run server tests	2025-12-05T02:21:57.8436336Z 
Server Tests	Run server tests	2025-12-05T02:21:57.8436605Z     [7m37[0m     expect(screen.getByLabelText('Has Den')).toBeInTheDocument();
Server Tests	Run server tests	2025-12-05T02:21:57.8437065Z     [7m  [0m [91m                                             ~~~~~~~~~~~~~~~~~[0m
Server Tests	Run server tests	2025-12-05T02:21:57.8437910Z     [96msrc/client/src/components/__tests__/FilterPanel.test.tsx[0m:[93m44[0m:[93m7[0m - [91merror[0m[90m TS17004: [0mCannot use JSX unless the '--jsx' flag is provided.
Server Tests	Run server tests	2025-12-05T02:21:57.8438442Z 
Server Tests	Run server tests	2025-12-05T02:21:57.8438569Z     [7m 44[0m       <FilterPanel
Server Tests	Run server tests	2025-12-05T02:21:57.8438853Z     [7m   [0m [91m      ~~~~~~~~~~~~[0m
Server Tests	Run server tests	2025-12-05T02:21:57.8439160Z     [7m 45[0m         filters={defaultFilters}
Server Tests	Run server tests	2025-12-05T02:21:57.8439498Z     [7m   [0m [91m~~~~~~~~~~~~~~~~~~~~~~~~~~~~~~~~[0m
Server Tests	Run server tests	2025-12-05T02:21:57.8439753Z     [7m...[0m 
Server Tests	Run server tests	2025-12-05T02:21:57.8440041Z     [7m 47[0m         availableBuildings={availableBuildings}
Server Tests	Run server tests	2025-12-05T02:21:57.8440437Z     [7m   [0m [91m~~~~~~~~~~~~~~~~~~~~~~~~~~~~~~~~~~~~~~~~~~~~~~~[0m
Server Tests	Run server tests	2025-12-05T02:21:57.8440725Z     [7m 48[0m       />
Server Tests	Run server tests	2025-12-05T02:21:57.8440963Z     [7m   [0m [91m~~~~~~~~[0m
Server Tests	Run server tests	2025-12-05T02:21:57.8441752Z     [96msrc/client/src/components/__tests__/FilterPanel.test.tsx[0m:[93m64[0m:[93m7[0m - [91merror[0m[90m TS17004: [0mCannot use JSX unless the '--jsx' flag is provided.
Server Tests	Run server tests	2025-12-05T02:21:57.8442416Z 
Server Tests	Run server tests	2025-12-05T02:21:57.8442543Z     [7m 64[0m       <FilterPanel
Server Tests	Run server tests	2025-12-05T02:21:57.8442815Z     [7m   [0m [91m      ~~~~~~~~~~~~[0m
Server Tests	Run server tests	2025-12-05T02:21:57.8443117Z     [7m 65[0m         filters={defaultFilters}
Server Tests	Run server tests	2025-12-05T02:21:57.8443459Z     [7m   [0m [91m~~~~~~~~~~~~~~~~~~~~~~~~~~~~~~~~[0m
Server Tests	Run server tests	2025-12-05T02:21:57.8443830Z     [7m...[0m 
Server Tests	Run server tests	2025-12-05T02:21:57.8444308Z     [7m 67[0m         availableBuildings={availableBuildings}
Server Tests	Run server tests	2025-12-05T02:21:57.8444704Z     [7m   [0m [91m~~~~~~~~~~~~~~~~~~~~~~~~~~~~~~~~~~~~~~~~~~~~~~~[0m
Server Tests	Run server tests	2025-12-05T02:21:57.8444986Z     [7m 68[0m       />
Server Tests	Run server tests	2025-12-05T02:21:57.8445219Z     [7m   [0m [91m~~~~~~~~[0m
Server Tests	Run server tests	2025-12-05T02:21:57.8445986Z     [96msrc/client/src/components/__tests__/FilterPanel.test.tsx[0m:[93m89[0m:[93m7[0m - [91merror[0m[90m TS17004: [0mCannot use JSX unless the '--jsx' flag is provided.
Server Tests	Run server tests	2025-12-05T02:21:57.8446509Z 
Server Tests	Run server tests	2025-12-05T02:21:57.8446631Z     [7m 89[0m       <FilterPanel
Server Tests	Run server tests	2025-12-05T02:21:57.8446894Z     [7m   [0m [91m      ~~~~~~~~~~~~[0m
Server Tests	Run server tests	2025-12-05T02:21:57.8447196Z     [7m 90[0m         filters={activeFilters}
Server Tests	Run server tests	2025-12-05T02:21:57.8447515Z     [7m   [0m [91m~~~~~~~~~~~~~~~~~~~~~~~~~~~~~~~[0m
Server Tests	Run server tests	2025-12-05T02:21:57.8447758Z     [7m...[0m 
Server Tests	Run server tests	2025-12-05T02:21:57.8448044Z     [7m 92[0m         availableBuildings={availableBuildings}
Server Tests	Run server tests	2025-12-05T02:21:57.8448422Z     [7m   [0m [91m~~~~~~~~~~~~~~~~~~~~~~~~~~~~~~~~~~~~~~~~~~~~~~~[0m
Server Tests	Run server tests	2025-12-05T02:21:57.8448701Z     [7m 93[0m       />
Server Tests	Run server tests	2025-12-05T02:21:57.8448924Z     [7m   [0m [91m~~~~~~~~[0m
Server Tests	Run server tests	2025-12-05T02:21:57.8449778Z     [96msrc/client/src/components/__tests__/FilterPanel.test.tsx[0m:[93m97[0m:[93m35[0m - [91merror[0m[90m TS2339: [0mProperty 'toBeInTheDocument' does not exist on type 'JestMatchers<any>'.
Server Tests	Run server tests	2025-12-05T02:21:57.8450360Z 
Server Tests	Run server tests	2025-12-05T02:21:57.8450586Z     [7m97[0m     expect(screen.getByText('3')).toBeInTheDocument();
Server Tests	Run server tests	2025-12-05T02:21:57.8450989Z     [7m  [0m [91m                                  ~~~~~~~~~~~~~~~~~[0m
Server Tests	Run server tests	2025-12-05T02:21:57.8451804Z     [96msrc/client/src/components/__tests__/FilterPanel.test.tsx[0m:[93m107[0m:[93m7[0m - [91merror[0m[90m TS17004: [0mCannot use JSX unless the '--jsx' flag is provided.
Server Tests	Run server tests	2025-12-05T02:21:57.8452315Z 
Server Tests	Run server tests	2025-12-05T02:21:57.8452450Z     [7m107[0m       <FilterPanel
Server Tests	Run server tests	2025-12-05T02:21:57.8452713Z     [7m   [0m [91m      ~~~~~~~~~~~~[0m
Server Tests	Run server tests	2025-12-05T02:21:57.8453015Z     [7m108[0m         filters={activeFilters}
Server Tests	Run server tests	2025-12-05T02:21:57.8453326Z     [7m   [0m [91m~~~~~~~~~~~~~~~~~~~~~~~~~~~~~~~[0m
Server Tests	Run server tests	2025-12-05T02:21:57.8453575Z     [7m...[0m 
Server Tests	Run server tests	2025-12-05T02:21:57.8453863Z     [7m110[0m         availableBuildings={availableBuildings}
Server Tests	Run server tests	2025-12-05T02:21:57.8454430Z     [7m   [0m [91m~~~~~~~~~~~~~~~~~~~~~~~~~~~~~~~~~~~~~~~~~~~~~~~[0m
Server Tests	Run server tests	2025-12-05T02:21:57.8454713Z     [7m111[0m       />
Server Tests	Run server tests	2025-12-05T02:21:57.8454943Z     [7m   [0m [91m~~~~~~~~[0m
Server Tests	Run server tests	2025-12-05T02:21:57.8455794Z     [96msrc/client/src/components/__tests__/FilterPanel.test.tsx[0m:[93m114[0m:[93m43[0m - [91merror[0m[90m TS2339: [0mProperty 'toBeInTheDocument' does not exist on type 'JestMatchers<any>'.
Server Tests	Run server tests	2025-12-05T02:21:57.8456377Z 
Server Tests	Run server tests	2025-12-05T02:21:57.8456627Z     [7m114[0m     expect(screen.getByText('Clear All')).toBeInTheDocument();
Server Tests	Run server tests	2025-12-05T02:21:57.8457070Z     [7m   [0m [91m                                          ~~~~~~~~~~~~~~~~~[0m
Server Tests	Run server tests	2025-12-05T02:21:57.8457896Z     [96msrc/client/src/components/__tests__/FilterPanel.test.tsx[0m:[93m127[0m:[93m7[0m - [91merror[0m[90m TS17004: [0mCannot use JSX unless the '--jsx' flag is provided.
Server Tests	Run server tests	2025-12-05T02:21:57.8458403Z 
Server Tests	Run server tests	2025-12-05T02:21:57.8458527Z     [7m127[0m       <FilterPanel
Server Tests	Run server tests	2025-12-05T02:21:57.8458797Z     [7m   [0m [91m      ~~~~~~~~~~~~[0m
Server Tests	Run server tests	2025-12-05T02:21:57.8459087Z     [7m128[0m         filters={activeFilters}
Server Tests	Run server tests	2025-12-05T02:21:57.8459406Z     [7m   [0m [91m~~~~~~~~~~~~~~~~~~~~~~~~~~~~~~~[0m
Server Tests	Run server tests	2025-12-05T02:21:57.8459791Z     [7m...[0m 
Server Tests	Run server tests	2025-12-05T02:21:57.8460082Z     [7m130[0m         availableBuildings={availableBuildings}
Server Tests	Run server tests	2025-12-05T02:21:57.8460467Z     [7m   [0m [91m~~~~~~~~~~~~~~~~~~~~~~~~~~~~~~~~~~~~~~~~~~~~~~~[0m
Server Tests	Run server tests	2025-12-05T02:21:57.8460740Z     [7m131[0m       />
Server Tests	Run server tests	2025-12-05T02:21:57.8460966Z     [7m   [0m [91m~~~~~~~~[0m
Server Tests	Run server tests	2025-12-05T02:21:57.8461718Z     [96msrc/client/src/components/__tests__/FilterPanel.test.tsx[0m:[93m142[0m:[93m7[0m - [91merror[0m[90m TS17004: [0mCannot use JSX unless the '--jsx' flag is provided.
Server Tests	Run server tests	2025-12-05T02:21:57.8462352Z 
Server Tests	Run server tests	2025-12-05T02:21:57.8462476Z     [7m142[0m       <FilterPanel
Server Tests	Run server tests	2025-12-05T02:21:57.8462745Z     [7m   [0m [91m      ~~~~~~~~~~~~[0m
Server Tests	Run server tests	2025-12-05T02:21:57.8463041Z     [7m143[0m         filters={defaultFilters}
Server Tests	Run server tests	2025-12-05T02:21:57.8463364Z     [7m   [0m [91m~~~~~~~~~~~~~~~~~~~~~~~~~~~~~~~~[0m
Server Tests	Run server tests	2025-12-05T02:21:57.8463608Z     [7m...[0m 
Server Tests	Run server tests	2025-12-05T02:21:57.8463898Z     [7m145[0m         availableBuildings={availableBuildings}
Server Tests	Run server tests	2025-12-05T02:21:57.8464500Z     [7m   [0m [91m~~~~~~~~~~~~~~~~~~~~~~~~~~~~~~~~~~~~~~~~~~~~~~~[0m
Server Tests	Run server tests	2025-12-05T02:21:57.8464778Z     [7m146[0m       />
Server Tests	Run server tests	2025-12-05T02:21:57.8465004Z     [7m   [0m [91m~~~~~~~~[0m
Server Tests	Run server tests	2025-12-05T02:21:57.8465852Z     [96msrc/client/src/components/__tests__/FilterPanel.test.tsx[0m:[93m152[0m:[93m53[0m - [91merror[0m[90m TS2339: [0mProperty 'toBeInTheDocument' does not exist on type 'JestMatchers<any>'.
Server Tests	Run server tests	2025-12-05T02:21:57.8466449Z 
Server Tests	Run server tests	2025-12-05T02:21:57.8466746Z     [7m152[0m     expect(screen.getByLabelText('expand filters')).toBeInTheDocument();
Server Tests	Run server tests	2025-12-05T02:21:57.8467238Z     [7m   [0m [91m                                                    ~~~~~~~~~~~~~~~~~[0m
Server Tests	Run server tests	2025-12-05T02:21:57.8468055Z     [96msrc/client/src/components/__tests__/FilterPanel.test.tsx[0m:[93m159[0m:[93m7[0m - [91merror[0m[90m TS17004: [0mCannot use JSX unless the '--jsx' flag is provided.
Server Tests	Run server tests	2025-12-05T02:21:57.8468569Z 
Server Tests	Run server tests	2025-12-05T02:21:57.8468699Z     [7m159[0m       <FilterPanel
Server Tests	Run server tests	2025-12-05T02:21:57.8468961Z     [7m   [0m [91m      ~~~~~~~~~~~~[0m
Server Tests	Run server tests	2025-12-05T02:21:57.8469258Z     [7m160[0m         filters={defaultFilters}
Server Tests	Run server tests	2025-12-05T02:21:57.8469579Z     [7m   [0m [91m~~~~~~~~~~~~~~~~~~~~~~~~~~~~~~~~[0m
Server Tests	Run server tests	2025-12-05T02:21:57.8469823Z     [7m...[0m 
Server Tests	Run server tests	2025-12-05T02:21:57.8470113Z     [7m162[0m         availableBuildings={availableBuildings}
Server Tests	Run server tests	2025-12-05T02:21:57.8470488Z     [7m   [0m [91m~~~~~~~~~~~~~~~~~~~~~~~~~~~~~~~~~~~~~~~~~~~~~~~[0m
Server Tests	Run server tests	2025-12-05T02:21:57.8470774Z     [7m163[0m       />
Server Tests	Run server tests	2025-12-05T02:21:57.8470997Z     [7m   [0m [91m~~~~~~~~[0m
Server Tests	Run server tests	2025-12-05T02:21:57.8471752Z     [96msrc/client/src/components/__tests__/FilterPanel.test.tsx[0m:[93m179[0m:[93m7[0m - [91merror[0m[90m TS17004: [0mCannot use JSX unless the '--jsx' flag is provided.
Server Tests	Run server tests	2025-12-05T02:21:57.8472262Z 
Server Tests	Run server tests	2025-12-05T02:21:57.8472390Z     [7m179[0m       <FilterPanel
Server Tests	Run server tests	2025-12-05T02:21:57.8472662Z     [7m   [0m [91m      ~~~~~~~~~~~~[0m
Server Tests	Run server tests	2025-12-05T02:21:57.8472969Z     [7m180[0m         filters={defaultFilters}
Server Tests	Run server tests	2025-12-05T02:21:57.8473280Z     [7m   [0m [91m~~~~~~~~~~~~~~~~~~~~~~~~~~~~~~~~[0m
Server Tests	Run server tests	2025-12-05T02:21:57.8473530Z     [7m...[0m 
Server Tests	Run server tests	2025-12-05T02:21:57.8473817Z     [7m182[0m         availableBuildings={availableBuildings}
Server Tests	Run server tests	2025-12-05T02:21:57.8474392Z     [7m   [0m [91m~~~~~~~~~~~~~~~~~~~~~~~~~~~~~~~~~~~~~~~~~~~~~~~[0m
Server Tests	Run server tests	2025-12-05T02:21:57.8474673Z     [7m183[0m       />
Server Tests	Run server tests	2025-12-05T02:21:57.8474894Z     [7m   [0m [91m~~~~~~~~[0m
Server Tests	Run server tests	2025-12-05T02:21:57.8475676Z     [96msrc/client/src/components/__tests__/FilterPanel.test.tsx[0m:[93m197[0m:[93m7[0m - [91merror[0m[90m TS17004: [0mCannot use JSX unless the '--jsx' flag is provided.
Server Tests	Run server tests	2025-12-05T02:21:57.8476192Z 
Server Tests	Run server tests	2025-12-05T02:21:57.8476318Z     [7m197[0m       <FilterPanel
Server Tests	Run server tests	2025-12-05T02:21:57.8476580Z     [7m   [0m [91m      ~~~~~~~~~~~~[0m
Server Tests	Run server tests	2025-12-05T02:21:57.8476879Z     [7m198[0m         filters={defaultFilters}
Server Tests	Run server tests	2025-12-05T02:21:57.8477195Z     [7m   [0m [91m~~~~~~~~~~~~~~~~~~~~~~~~~~~~~~~~[0m
Server Tests	Run server tests	2025-12-05T02:21:57.8477594Z     [7m...[0m 
Server Tests	Run server tests	2025-12-05T02:21:57.8477822Z     [7m201[0m         collapsed={true}
Server Tests	Run server tests	2025-12-05T02:21:57.8478117Z     [7m   [0m [91m~~~~~~~~~~~~~~~~~~~~~~~~[0m
Server Tests	Run server tests	2025-12-05T02:21:57.8478371Z     [7m202[0m       />
Server Tests	Run server tests	2025-12-05T02:21:57.8478592Z     [7m   [0m [91m~~~~~~~~[0m
Server Tests	Run server tests	2025-12-05T02:21:57.8479451Z     [96msrc/client/src/components/__tests__/FilterPanel.test.tsx[0m:[93m205[0m:[93m53[0m - [91merror[0m[90m TS2339: [0mProperty 'toBeInTheDocument' does not exist on type 'JestMatchers<any>'.
Server Tests	Run server tests	2025-12-05T02:21:57.8480147Z 
Server Tests	Run server tests	2025-12-05T02:21:57.8480446Z     [7m205[0m     expect(screen.getByLabelText('expand filters')).toBeInTheDocument();
Server Tests	Run server tests	2025-12-05T02:21:57.8480942Z     [7m   [0m [91m                                                    ~~~~~~~~~~~~~~~~~[0m
Server Tests	Run server tests	2025-12-05T02:21:57.8481259Z 
Server Tests	Run server tests	2025-12-05T02:21:57.9656544Z FAIL src/client/src/utils/__tests__/filterUtils.test.ts
Server Tests	Run server tests	2025-12-05T02:21:57.9657580Z   ● Test suite failed to run
Server Tests	Run server tests	2025-12-05T02:21:57.9657886Z 
Server Tests	Run server tests	2025-12-05T02:21:57.9659246Z     [96msrc/client/src/utils/__tests__/filterUtils.test.ts[0m:[93m52[0m:[93m3[0m - [91merror[0m[90m TS2353: [0mObject literal may only specify known properties, and 'searchTerm' does not exist in type 'FilterState'.
Server Tests	Run server tests	2025-12-05T02:21:57.9660448Z 
Server Tests	Run server tests	2025-12-05T02:21:57.9660763Z     [7m52[0m   searchTerm: '',
Server Tests	Run server tests	2025-12-05T02:21:57.9661273Z     [7m  [0m [91m  ~~~~~~~~~~[0m
Server Tests	Run server tests	2025-12-05T02:21:57.9662621Z     [96msrc/client/src/utils/__tests__/filterUtils.test.ts[0m:[93m114[0m:[93m33[0m - [91merror[0m[90m TS18049: [0m'fp.current_price' is possibly 'null' or 'undefined'.
Server Tests	Run server tests	2025-12-05T02:21:57.9663511Z 
Server Tests	Run server tests	2025-12-05T02:21:57.9664467Z     [7m114[0m       expect(result.every(fp => fp.current_price >= 2400 && fp.current_price <= 3000)).toBe(true);
Server Tests	Run server tests	2025-12-05T02:21:57.9665352Z     [7m   [0m [91m                                ~~~~~~~~~~~~~~~~[0m
Server Tests	Run server tests	2025-12-05T02:21:57.9666863Z     [96msrc/client/src/utils/__tests__/filterUtils.test.ts[0m:[93m114[0m:[93m61[0m - [91merror[0m[90m TS18049: [0m'fp.current_price' is possibly 'null' or 'undefined'.
Server Tests	Run server tests	2025-12-05T02:21:57.9667778Z 
Server Tests	Run server tests	2025-12-05T02:21:57.9668546Z     [7m114[0m       expect(result.every(fp => fp.current_price >= 2400 && fp.current_price <= 3000)).toBe(true);
Server Tests	Run server tests	2025-12-05T02:21:57.9669627Z     [7m   [0m [91m                                                            ~~~~~~~~~~~~~~~~[0m
Server Tests	Run server tests	2025-12-05T02:21:57.9671209Z     [96msrc/client/src/utils/__tests__/filterUtils.test.ts[0m:[93m121[0m:[93m33[0m - [91merror[0m[90m TS18049: [0m'fp.current_price' is possibly 'null' or 'undefined'.
Server Tests	Run server tests	2025-12-05T02:21:57.9672129Z 
Server Tests	Run server tests	2025-12-05T02:21:57.9672645Z     [7m121[0m       expect(result.every(fp => fp.current_price >= 2600)).toBe(true);
Server Tests	Run server tests	2025-12-05T02:21:57.9673461Z     [7m   [0m [91m                                ~~~~~~~~~~~~~~~~[0m
Server Tests	Run server tests	2025-12-05T02:21:57.9675115Z     [96msrc/client/src/utils/__tests__/filterUtils.test.ts[0m:[93m128[0m:[93m33[0m - [91merror[0m[90m TS18049: [0m'fp.current_price' is possibly 'null' or 'undefined'.
Server Tests	Run server tests	2025-12-05T02:21:57.9676159Z 
Server Tests	Run server tests	2025-12-05T02:21:57.9676748Z     [7m128[0m       expect(result.every(fp => fp.current_price <= 2500)).toBe(true);
Server Tests	Run server tests	2025-12-05T02:21:57.9677546Z     [7m   [0m [91m                                ~~~~~~~~~~~~~~~~[0m
Server Tests	Run server tests	2025-12-05T02:21:57.9679044Z     [96msrc/client/src/utils/__tests__/filterUtils.test.ts[0m:[93m135[0m:[93m33[0m - [91merror[0m[90m TS18049: [0m'fp.square_footage' is possibly 'null' or 'undefined'.
Server Tests	Run server tests	2025-12-05T02:21:57.9680027Z 
Server Tests	Run server tests	2025-12-05T02:21:57.9680712Z     [7m135[0m       expect(result.every(fp => fp.square_footage >= 700 && fp.square_footage <= 900)).toBe(true);
Server Tests	Run server tests	2025-12-05T02:21:57.9681677Z     [7m   [0m [91m                                ~~~~~~~~~~~~~~~~~[0m
Server Tests	Run server tests	2025-12-05T02:21:57.9683209Z     [96msrc/client/src/utils/__tests__/filterUtils.test.ts[0m:[93m135[0m:[93m61[0m - [91merror[0m[90m TS18049: [0m'fp.square_footage' is possibly 'null' or 'undefined'.
Server Tests	Run server tests	2025-12-05T02:21:57.9684801Z 
Server Tests	Run server tests	2025-12-05T02:21:57.9685482Z     [7m135[0m       expect(result.every(fp => fp.square_footage >= 700 && fp.square_footage <= 900)).toBe(true);
Server Tests	Run server tests	2025-12-05T02:21:57.9686504Z     [7m   [0m [91m                                                            ~~~~~~~~~~~~~~~~~[0m
Server Tests	Run server tests	2025-12-05T02:21:57.9687055Z 
Server Tests	Run server tests	2025-12-05T02:21:58.0823460Z FAIL src/client/src/components/__tests__/AlertPanel.test.tsx
Server Tests	Run server tests	2025-12-05T02:21:58.0824746Z   ● Test suite failed to run
Server Tests	Run server tests	2025-12-05T02:21:58.0824984Z 
Server Tests	Run server tests	2025-12-05T02:21:58.0826942Z     [96msrc/client/src/components/__tests__/AlertPanel.test.tsx[0m:[93m1[0m:[93m19[0m - [91merror[0m[90m TS2307: [0mCannot find module 'react' or its corresponding type declarations.
Server Tests	Run server tests	2025-12-05T02:21:58.0827973Z 
Server Tests	Run server tests	2025-12-05T02:21:58.0828288Z     [7m1[0m import React from 'react';
Server Tests	Run server tests	2025-12-05T02:21:58.0828897Z     [7m [0m [91m                  ~~~~~~~[0m
Server Tests	Run server tests	2025-12-05T02:21:58.0830564Z     [96msrc/client/src/components/__tests__/AlertPanel.test.tsx[0m:[93m2[0m:[93m52[0m - [91merror[0m[90m TS2307: [0mCannot find module '@testing-library/react' or its corresponding type declarations.
Server Tests	Run server tests	2025-12-05T02:21:58.0831750Z 
Server Tests	Run server tests	2025-12-05T02:21:58.0832340Z     [7m2[0m import { render, screen, waitFor, fireEvent } from '@testing-library/react';
Server Tests	Run server tests	2025-12-05T02:21:58.0833392Z     [7m [0m [91m                                                   ~~~~~~~~~~~~~~~~~~~~~~~~[0m
Server Tests	Run server tests	2025-12-05T02:21:58.0836349Z     [96msrc/client/src/components/__tests__/AlertPanel.test.tsx[0m:[93m4[0m:[93m24[0m - [91merror[0m[90m TS6142: [0mModule '../AlertPanel' was resolved to '/home/runner/work/onnislu-tracker/onnislu-tracker/src/client/src/components/AlertPanel.tsx', but '--jsx' is not set.
Server Tests	Run server tests	2025-12-05T02:21:58.0838101Z 
Server Tests	Run server tests	2025-12-05T02:21:58.0838472Z     [7m4[0m import AlertPanel from '../AlertPanel';
Server Tests	Run server tests	2025-12-05T02:21:58.0839206Z     [7m [0m [91m                       ~~~~~~~~~~~~~~~[0m
Server Tests	Run server tests	2025-12-05T02:21:58.0840814Z     [96msrc/client/src/components/__tests__/AlertPanel.test.tsx[0m:[93m46[0m:[93m12[0m - [91merror[0m[90m TS17004: [0mCannot use JSX unless the '--jsx' flag is provided.
Server Tests	Run server tests	2025-12-05T02:21:58.0842002Z 
Server Tests	Run server tests	2025-12-05T02:21:58.0842290Z     [7m46[0m     render(<AlertPanel />);
Server Tests	Run server tests	2025-12-05T02:21:58.0842873Z     [7m  [0m [91m           ~~~~~~~~~~~~~~[0m
Server Tests	Run server tests	2025-12-05T02:21:58.0844850Z     [96msrc/client/src/components/__tests__/AlertPanel.test.tsx[0m:[93m47[0m:[93m51[0m - [91merror[0m[90m TS2339: [0mProperty 'toBeInTheDocument' does not exist on type 'JestMatchers<any>'.
Server Tests	Run server tests	2025-12-05T02:21:58.0846067Z 
Server Tests	Run server tests	2025-12-05T02:21:58.0846662Z     [7m47[0m     expect(screen.getByText('Loading alerts...')).toBeInTheDocument();
Server Tests	Run server tests	2025-12-05T02:21:58.0847638Z     [7m  [0m [91m                                                  ~~~~~~~~~~~~~~~~~[0m
Server Tests	Run server tests	2025-12-05T02:21:58.0849240Z     [96msrc/client/src/components/__tests__/AlertPanel.test.tsx[0m:[93m58[0m:[93m12[0m - [91merror[0m[90m TS17004: [0mCannot use JSX unless the '--jsx' flag is provided.
Server Tests	Run server tests	2025-12-05T02:21:58.0850229Z 
Server Tests	Run server tests	2025-12-05T02:21:58.0850522Z     [7m58[0m     render(<AlertPanel />);
Server Tests	Run server tests	2025-12-05T02:21:58.0851096Z     [7m  [0m [91m           ~~~~~~~~~~~~~~[0m
Server Tests	Run server tests	2025-12-05T02:21:58.0852740Z     [96msrc/client/src/components/__tests__/AlertPanel.test.tsx[0m:[93m61[0m:[93m48[0m - [91merror[0m[90m TS2339: [0mProperty 'toBeInTheDocument' does not exist on type 'JestMatchers<any>'.
Server Tests	Run server tests	2025-12-05T02:21:58.0853872Z 
Server Tests	Run server tests	2025-12-05T02:21:58.0854840Z     [7m61[0m       expect(screen.getByText('Price Alerts')).toBeInTheDocument();
Server Tests	Run server tests	2025-12-05T02:21:58.0855718Z     [7m  [0m [91m                                               ~~~~~~~~~~~~~~~~~[0m
Server Tests	Run server tests	2025-12-05T02:21:58.0857298Z     [96msrc/client/src/components/__tests__/AlertPanel.test.tsx[0m:[93m64[0m:[93m42[0m - [91merror[0m[90m TS2339: [0mProperty 'toBeInTheDocument' does not exist on type 'JestMatchers<any>'.
Server Tests	Run server tests	2025-12-05T02:21:58.0858107Z 
Server Tests	Run server tests	2025-12-05T02:21:58.0858465Z     [7m64[0m     expect(screen.getByText('Studio A')).toBeInTheDocument();
Server Tests	Run server tests	2025-12-05T02:21:58.0859062Z     [7m  [0m [91m                                         ~~~~~~~~~~~~~~~~~[0m
Server Tests	Run server tests	2025-12-05T02:21:58.0860593Z     [96msrc/client/src/components/__tests__/AlertPanel.test.tsx[0m:[93m65[0m:[93m39[0m - [91merror[0m[90m TS2339: [0mProperty 'toBeInTheDocument' does not exist on type 'JestMatchers<any>'.
Server Tests	Run server tests	2025-12-05T02:21:58.0861368Z 
Server Tests	Run server tests	2025-12-05T02:21:58.0861706Z     [7m65[0m     expect(screen.getByText('1BR B')).toBeInTheDocument();
Server Tests	Run server tests	2025-12-05T02:21:58.0862280Z     [7m  [0m [91m                                      ~~~~~~~~~~~~~~~~~[0m
Server Tests	Run server tests	2025-12-05T02:21:58.0863687Z     [96msrc/client/src/components/__tests__/AlertPanel.test.tsx[0m:[93m66[0m:[93m42[0m - [91merror[0m[90m TS2339: [0mProperty 'toBeInTheDocument' does not exist on type 'JestMatchers<any>'.
Server Tests	Run server tests	2025-12-05T02:21:58.0864974Z 
Server Tests	Run server tests	2025-12-05T02:21:58.0865452Z     [7m66[0m     expect(screen.getByText('Fairview')).toBeInTheDocument();
Server Tests	Run server tests	2025-12-05T02:21:58.0866222Z     [7m  [0m [91m                                         ~~~~~~~~~~~~~~~~~[0m
Server Tests	Run server tests	2025-12-05T02:21:58.0867939Z     [96msrc/client/src/components/__tests__/AlertPanel.test.tsx[0m:[93m67[0m:[93m39[0m - [91merror[0m[90m TS2339: [0mProperty 'toBeInTheDocument' does not exist on type 'JestMatchers<any>'.
Server Tests	Run server tests	2025-12-05T02:21:58.0869022Z 
Server Tests	Run server tests	2025-12-05T02:21:58.0869514Z     [7m67[0m     expect(screen.getByText('Boren')).toBeInTheDocument();
Server Tests	Run server tests	2025-12-05T02:21:58.0870326Z     [7m  [0m [91m                                      ~~~~~~~~~~~~~~~~~[0m
Server Tests	Run server tests	2025-12-05T02:21:58.0871849Z     [96msrc/client/src/components/__tests__/AlertPanel.test.tsx[0m:[93m78[0m:[93m34[0m - [91merror[0m[90m TS17004: [0mCannot use JSX unless the '--jsx' flag is provided.
Server Tests	Run server tests	2025-12-05T02:21:58.0872789Z 
Server Tests	Run server tests	2025-12-05T02:21:58.0873205Z     [7m78[0m     const { container } = render(<AlertPanel />);
Server Tests	Run server tests	2025-12-05T02:21:58.0873943Z     [7m  [0m [91m                                 ~~~~~~~~~~~~~~[0m
Server Tests	Run server tests	2025-12-05T02:21:58.0875677Z     [96msrc/client/src/components/__tests__/AlertPanel.test.tsx[0m:[93m100[0m:[93m12[0m - [91merror[0m[90m TS17004: [0mCannot use JSX unless the '--jsx' flag is provided.
Server Tests	Run server tests	2025-12-05T02:21:58.0876679Z 
Server Tests	Run server tests	2025-12-05T02:21:58.0876963Z     [7m100[0m     render(<AlertPanel />);
Server Tests	Run server tests	2025-12-05T02:21:58.0877543Z     [7m   [0m [91m           ~~~~~~~~~~~~~~[0m
Server Tests	Run server tests	2025-12-05T02:21:58.0879258Z     [96msrc/client/src/components/__tests__/AlertPanel.test.tsx[0m:[93m103[0m:[93m44[0m - [91merror[0m[90m TS2339: [0mProperty 'toBeInTheDocument' does not exist on type 'JestMatchers<any>'.
Server Tests	Run server tests	2025-12-05T02:21:58.0880336Z 
Server Tests	Run server tests	2025-12-05T02:21:58.0880833Z     [7m103[0m       expect(screen.getByText('Studio A')).toBeInTheDocument();
Server Tests	Run server tests	2025-12-05T02:21:58.0881715Z     [7m   [0m [91m                                           ~~~~~~~~~~~~~~~~~[0m
Server Tests	Run server tests	2025-12-05T02:21:58.0883534Z     [96msrc/client/src/components/__tests__/AlertPanel.test.tsx[0m:[93m110[0m:[93m50[0m - [91merror[0m[90m TS2339: [0mProperty 'toBeInTheDocument' does not exist on type 'Matchers<void, any>'.
Server Tests	Run server tests	2025-12-05T02:21:58.0884862Z 
Server Tests	Run server tests	2025-12-05T02:21:58.0885449Z     [7m110[0m       expect(screen.queryByText('Studio A')).not.toBeInTheDocument();
Server Tests	Run server tests	2025-12-05T02:21:58.0886365Z     [7m   [0m [91m                                                 ~~~~~~~~~~~~~~~~~[0m
Server Tests	Run server tests	2025-12-05T02:21:58.0887928Z     [96msrc/client/src/components/__tests__/AlertPanel.test.tsx[0m:[93m122[0m:[93m12[0m - [91merror[0m[90m TS17004: [0mCannot use JSX unless the '--jsx' flag is provided.
Server Tests	Run server tests	2025-12-05T02:21:58.0888882Z 
Server Tests	Run server tests	2025-12-05T02:21:58.0889158Z     [7m122[0m     render(<AlertPanel />);
Server Tests	Run server tests	2025-12-05T02:21:58.0889734Z     [7m   [0m [91m           ~~~~~~~~~~~~~~[0m
Server Tests	Run server tests	2025-12-05T02:21:58.0891381Z     [96msrc/client/src/components/__tests__/AlertPanel.test.tsx[0m:[93m125[0m:[93m48[0m - [91merror[0m[90m TS2339: [0mProperty 'toBeInTheDocument' does not exist on type 'JestMatchers<any>'.
Server Tests	Run server tests	2025-12-05T02:21:58.0892411Z 
Server Tests	Run server tests	2025-12-05T02:21:58.0892917Z     [7m125[0m       expect(screen.getByText('Price Alerts')).toBeInTheDocument();
Server Tests	Run server tests	2025-12-05T02:21:58.0893771Z     [7m   [0m [91m                                               ~~~~~~~~~~~~~~~~~[0m
Server Tests	Run server tests	2025-12-05T02:21:58.0895794Z     [96msrc/client/src/components/__tests__/AlertPanel.test.tsx[0m:[93m131[0m:[93m41[0m - [91merror[0m[90m TS2339: [0mProperty 'toBeInTheDocument' does not exist on type 'JestMatchers<any>'.
Server Tests	Run server tests	2025-12-05T02:21:58.0896811Z 
Server Tests	Run server tests	2025-12-05T02:21:58.0897228Z     [7m131[0m     expect(screen.getByTitle('Expand')).toBeInTheDocument();
Server Tests	Run server tests	2025-12-05T02:21:58.0897903Z     [7m   [0m [91m                                        ~~~~~~~~~~~~~~~~~[0m
Server Tests	Run server tests	2025-12-05T02:21:58.0899391Z     [96msrc/client/src/components/__tests__/AlertPanel.test.tsx[0m:[93m144[0m:[93m12[0m - [91merror[0m[90m TS17004: [0mCannot use JSX unless the '--jsx' flag is provided.
Server Tests	Run server tests	2025-12-05T02:21:58.0900255Z 
Server Tests	Run server tests	2025-12-05T02:21:58.0900705Z     [7m144[0m     render(<AlertPanel onOpenSettings={mockOnOpenSettings} />);
Server Tests	Run server tests	2025-12-05T02:21:58.0901487Z     [7m   [0m [91m           ~~~~~~~~~~~~~~~~~~~~~~~~~~~~~~~~~~~~~~~~~~~~~~~~~~[0m
Server Tests	Run server tests	2025-12-05T02:21:58.0903184Z     [96msrc/client/src/components/__tests__/AlertPanel.test.tsx[0m:[93m147[0m:[93m48[0m - [91merror[0m[90m TS2339: [0mProperty 'toBeInTheDocument' does not exist on type 'JestMatchers<any>'.
Server Tests	Run server tests	2025-12-05T02:21:58.0904478Z 
Server Tests	Run server tests	2025-12-05T02:21:58.0905028Z     [7m147[0m       expect(screen.getByText('Price Alerts')).toBeInTheDocument();
Server Tests	Run server tests	2025-12-05T02:21:58.0905822Z     [7m   [0m [91m                                               ~~~~~~~~~~~~~~~~~[0m
Server Tests	Run server tests	2025-12-05T02:21:58.0907254Z     [96msrc/client/src/components/__tests__/AlertPanel.test.tsx[0m:[93m159[0m:[93m12[0m - [91merror[0m[90m TS17004: [0mCannot use JSX unless the '--jsx' flag is provided.
Server Tests	Run server tests	2025-12-05T02:21:58.0908254Z 
Server Tests	Run server tests	2025-12-05T02:21:58.0908542Z     [7m159[0m     render(<AlertPanel />);
Server Tests	Run server tests	2025-12-05T02:21:58.0909150Z     [7m   [0m [91m           ~~~~~~~~~~~~~~[0m
Server Tests	Run server tests	2025-12-05T02:21:58.0910875Z     [96msrc/client/src/components/__tests__/AlertPanel.test.tsx[0m:[93m162[0m:[93m50[0m - [91merror[0m[90m TS2339: [0mProperty 'toBeInTheDocument' does not exist on type 'JestMatchers<any>'.
Server Tests	Run server tests	2025-12-05T02:21:58.0911997Z 
Server Tests	Run server tests	2025-12-05T02:21:58.0912594Z     [7m162[0m       expect(screen.getByText(/Network error/i)).toBeInTheDocument();
Server Tests	Run server tests	2025-12-05T02:21:58.0913539Z     [7m   [0m [91m                                                 ~~~~~~~~~~~~~~~~~[0m
Server Tests	Run server tests	2025-12-05T02:21:58.0915368Z     [96msrc/client/src/components/__tests__/AlertPanel.test.tsx[0m:[93m174[0m:[93m12[0m - [91merror[0m[90m TS17004: [0mCannot use JSX unless the '--jsx' flag is provided.
Server Tests	Run server tests	2025-12-05T02:21:58.0916406Z 
Server Tests	Run server tests	2025-12-05T02:21:58.0916749Z     [7m174[0m     render(<AlertPanel />);
Server Tests	Run server tests	2025-12-05T02:21:58.0917370Z     [7m   [0m [91m           ~~~~~~~~~~~~~~[0m
Server Tests	Run server tests	2025-12-05T02:21:58.0919089Z     [96msrc/client/src/components/__tests__/AlertPanel.test.tsx[0m:[93m177[0m:[93m55[0m - [91merror[0m[90m TS2339: [0mProperty 'toBeInTheDocument' does not exist on type 'JestMatchers<any>'.
Server Tests	Run server tests	2025-12-05T02:21:58.0920219Z 
Server Tests	Run server tests	2025-12-05T02:21:58.0920890Z     [7m177[0m       expect(screen.getByText(/Price dropped from/i)).toBeInTheDocument();
Server Tests	Run server tests	2025-12-05T02:21:58.0921895Z     [7m   [0m [91m                                                      ~~~~~~~~~~~~~~~~~[0m
Server Tests	Run server tests	2025-12-05T02:21:58.0923608Z     [96msrc/client/src/components/__tests__/AlertPanel.test.tsx[0m:[93m178[0m:[93m41[0m - [91merror[0m[90m TS2339: [0mProperty 'toBeInTheDocument' does not exist on type 'JestMatchers<any>'.
Server Tests	Run server tests	2025-12-05T02:21:58.0924931Z 
Server Tests	Run server tests	2025-12-05T02:21:58.0925479Z     [7m178[0m       expect(screen.getByText(/2,500/)).toBeInTheDocument();
Server Tests	Run server tests	2025-12-05T02:21:58.0926368Z     [7m   [0m [91m                                        ~~~~~~~~~~~~~~~~~[0m
Server Tests	Run server tests	2025-12-05T02:21:58.0928131Z     [96msrc/client/src/components/__tests__/AlertPanel.test.tsx[0m:[93m179[0m:[93m41[0m - [91merror[0m[90m TS2339: [0mProperty 'toBeInTheDocument' does not exist on type 'JestMatchers<any>'.
Server Tests	Run server tests	2025-12-05T02:21:58.0929254Z 
Server Tests	Run server tests	2025-12-05T02:21:58.0929826Z     [7m179[0m       expect(screen.getByText(/2,300/)).toBeInTheDocument();
Server Tests	Run server tests	2025-12-05T02:21:58.0930966Z     [7m   [0m [91m                                        ~~~~~~~~~~~~~~~~~[0m
Server Tests	Run server tests	2025-12-05T02:21:58.0932700Z     [96msrc/client/src/components/__tests__/AlertPanel.test.tsx[0m:[93m180[0m:[93m42[0m - [91merror[0m[90m TS2339: [0mProperty 'toBeInTheDocument' does not exist on type 'JestMatchers<any>'.
Server Tests	Run server tests	2025-12-05T02:21:58.0933827Z 
Server Tests	Run server tests	2025-12-05T02:21:58.0934555Z     [7m180[0m       expect(screen.getByText(/↓ 8.0%/)).toBeInTheDocument();
Server Tests	Run server tests	2025-12-05T02:21:58.0935685Z     [7m   [0m [91m                                         ~~~~~~~~~~~~~~~~~[0m
Server Tests	Run server tests	2025-12-05T02:21:58.0937327Z     [96msrc/client/src/components/__tests__/AlertPanel.test.tsx[0m:[93m192[0m:[93m12[0m - [91merror[0m[90m TS17004: [0mCannot use JSX unless the '--jsx' flag is provided.
Server Tests	Run server tests	2025-12-05T02:21:58.0938298Z 
Server Tests	Run server tests	2025-12-05T02:21:58.0938632Z     [7m192[0m     render(<AlertPanel />);
Server Tests	Run server tests	2025-12-05T02:21:58.0939231Z     [7m   [0m [91m           ~~~~~~~~~~~~~~[0m
Server Tests	Run server tests	2025-12-05T02:21:58.0940961Z     [96msrc/client/src/components/__tests__/AlertPanel.test.tsx[0m:[93m195[0m:[93m54[0m - [91merror[0m[90m TS2339: [0mProperty 'toBeInTheDocument' does not exist on type 'JestMatchers<any>'.
Server Tests	Run server tests	2025-12-05T02:21:58.0942073Z 
Server Tests	Run server tests	2025-12-05T02:21:58.0942679Z     [7m195[0m       expect(screen.getByText(/New lowest price:/i)).toBeInTheDocument();
Server Tests	Run server tests	2025-12-05T02:21:58.0943648Z     [7m   [0m [91m                                                     ~~~~~~~~~~~~~~~~~[0m
Server Tests	Run server tests	2025-12-05T02:21:58.0945649Z     [96msrc/client/src/components/__tests__/AlertPanel.test.tsx[0m:[93m196[0m:[93m41[0m - [91merror[0m[90m TS2339: [0mProperty 'toBeInTheDocument' does not exist on type 'JestMatchers<any>'.
Server Tests	Run server tests	2025-12-05T02:21:58.0946757Z 
Server Tests	Run server tests	2025-12-05T02:21:58.0947296Z     [7m196[0m       expect(screen.getByText(/2,800/)).toBeInTheDocument();
Server Tests	Run server tests	2025-12-05T02:21:58.0948164Z     [7m   [0m [91m                                        ~~~~~~~~~~~~~~~~~[0m
Server Tests	Run server tests	2025-12-05T02:21:58.0948557Z 
Server Tests	Run server tests	2025-12-05T02:21:58.2555205Z PASS src/server/__tests__/migrations.test.ts
Server Tests	Run server tests	2025-12-05T02:21:58.2557654Z   Migration System
Server Tests	Run server tests	2025-12-05T02:21:58.2558110Z     Migration Manager Initialization
Server Tests	Run server tests	2025-12-05T02:21:58.2558902Z       ✓ should create migrations table (8 ms)
Server Tests	Run server tests	2025-12-05T02:21:58.2559496Z       ✓ should get current version (5 ms)
Server Tests	Run server tests	2025-12-05T02:21:58.2560104Z       ✓ should get migration history (8 ms)
Server Tests	Run server tests	2025-12-05T02:21:58.2560570Z     Migration Execution
Server Tests	Run server tests	2025-12-05T02:21:58.2561050Z       ✓ should run pending migrations (5 ms)
Server Tests	Run server tests	2025-12-05T02:21:58.2561777Z       ✓ should handle no pending migrations (6 ms)
Server Tests	Run server tests	2025-12-05T02:21:58.2562485Z       ✓ should track applied migrations (6 ms)
Server Tests	Run server tests	2025-12-05T02:21:58.2563011Z     Migration Rollback
Server Tests	Run server tests	2025-12-05T02:21:58.2563601Z       ✓ should rollback a single migration (7 ms)
Server Tests	Run server tests	2025-12-05T02:21:58.2564301Z     Migration Error Handling
Server Tests	Run server tests	2025-12-05T02:21:58.2564936Z       ✓ should handle migration with invalid SQL (8 ms)
Server Tests	Run server tests	2025-12-05T02:21:58.2565405Z     Migration Integrity
Server Tests	Run server tests	2025-12-05T02:21:58.2566203Z       ✓ should maintain database consistency during failed migration (7 ms)
Server Tests	Run server tests	2025-12-05T02:21:58.2566742Z 
Server Tests	Run server tests	2025-12-05T02:21:58.3571941Z FAIL src/client/src/hooks/__tests__/useFilters.test.ts
Server Tests	Run server tests	2025-12-05T02:21:58.3585489Z   ● Test suite failed to run
Server Tests	Run server tests	2025-12-05T02:21:58.3585819Z 
Server Tests	Run server tests	2025-12-05T02:21:58.3587225Z     [96msrc/client/src/hooks/__tests__/useFilters.test.ts[0m:[93m1[0m:[93m33[0m - [91merror[0m[90m TS2307: [0mCannot find module '@testing-library/react' or its corresponding type declarations.
Server Tests	Run server tests	2025-12-05T02:21:58.3588314Z 
Server Tests	Run server tests	2025-12-05T02:21:58.3588804Z     [7m1[0m import { renderHook, act } from '@testing-library/react';
Server Tests	Run server tests	2025-12-05T02:21:58.3589578Z     [7m [0m [91m                                ~~~~~~~~~~~~~~~~~~~~~~~~[0m
Server Tests	Run server tests	2025-12-05T02:21:58.3591187Z     [96msrc/client/src/hooks/__tests__/useFilters.test.ts[0m:[93m2[0m:[93m31[0m - [91merror[0m[90m TS2307: [0mCannot find module 'react-router-dom' or its corresponding type declarations.
Server Tests	Run server tests	2025-12-05T02:21:58.3592649Z 
Server Tests	Run server tests	2025-12-05T02:21:58.3593054Z     [7m2[0m import { BrowserRouter } from 'react-router-dom';
Server Tests	Run server tests	2025-12-05T02:21:58.3593780Z     [7m [0m [91m                              ~~~~~~~~~~~~~~~~~~[0m
Server Tests	Run server tests	2025-12-05T02:21:58.3595327Z     [96msrc/client/src/hooks/__tests__/useFilters.test.ts[0m:[93m20[0m:[93m46[0m - [91merror[0m[90m TS2503: [0mCannot find namespace 'React'.
Server Tests	Run server tests	2025-12-05T02:21:58.3596109Z 
Server Tests	Run server tests	2025-12-05T02:21:58.3596652Z     [7m20[0m   const wrapper = ({ children }: { children: React.ReactNode }) => (
Server Tests	Run server tests	2025-12-05T02:21:58.3597837Z     [7m  [0m [91m                                             ~~~~~[0m
Server Tests	Run server tests	2025-12-05T02:21:58.3599220Z     [96msrc/client/src/hooks/__tests__/useFilters.test.ts[0m:[93m21[0m:[93m31[0m - [91merror[0m[90m TS1161: [0mUnterminated regular expression literal.
Server Tests	Run server tests	2025-12-05T02:21:58.3600074Z 
Server Tests	Run server tests	2025-12-05T02:21:58.3600469Z     [7m21[0m     <BrowserRouter>{children}</BrowserRouter>
Server Tests	Run server tests	2025-12-05T02:21:58.3601188Z     [7m  [0m [91m                              ~~~~~~~~~~~~~~~[0m
Server Tests	Run server tests	2025-12-05T02:21:58.3601539Z 
Server Tests	Run server tests	2025-12-05T02:21:59.0598645Z PASS src/server/__tests__/parsers/floorPlanParser.test.ts
Server Tests	Run server tests	2025-12-05T02:21:59.0601343Z   parseFloorPlansFromHtml()
Server Tests	Run server tests	2025-12-05T02:21:59.0602419Z     ✓ parses floor plans with name, beds/baths, sqft, price, availability (75 ms)
Server Tests	Run server tests	2025-12-05T02:21:59.0603400Z     ✓ supports selector overrides for price-only nodes (10 ms)
Server Tests	Run server tests	2025-12-05T02:21:59.0603773Z 
Server Tests	Run server tests	2025-12-05T02:21:59.1496542Z FAIL src/client/src/components/__tests__/ErrorBoundary.test.tsx
Server Tests	Run server tests	2025-12-05T02:21:59.1497821Z   ● Test suite failed to run
Server Tests	Run server tests	2025-12-05T02:21:59.1498058Z 
Server Tests	Run server tests	2025-12-05T02:21:59.1499338Z     [96msrc/client/src/components/__tests__/ErrorBoundary.test.tsx[0m:[93m1[0m:[93m19[0m - [91merror[0m[90m TS2307: [0mCannot find module 'react' or its corresponding type declarations.
Server Tests	Run server tests	2025-12-05T02:21:59.1500301Z 
Server Tests	Run server tests	2025-12-05T02:21:59.1500535Z     [7m1[0m import React from 'react';
Server Tests	Run server tests	2025-12-05T02:21:59.1501038Z     [7m [0m [91m                  ~~~~~~~[0m
Server Tests	Run server tests	2025-12-05T02:21:59.1502642Z     [96msrc/client/src/components/__tests__/ErrorBoundary.test.tsx[0m:[93m2[0m:[93m43[0m - [91merror[0m[90m TS2307: [0mCannot find module '@testing-library/react' or its corresponding type declarations.
Server Tests	Run server tests	2025-12-05T02:21:59.1503672Z 
Server Tests	Run server tests	2025-12-05T02:21:59.1504277Z     [7m2[0m import { render, screen, fireEvent } from '@testing-library/react';
Server Tests	Run server tests	2025-12-05T02:21:59.1505039Z     [7m [0m [91m                                          ~~~~~~~~~~~~~~~~~~~~~~~~[0m
Server Tests	Run server tests	2025-12-05T02:21:59.1507256Z     [96msrc/client/src/components/__tests__/ErrorBoundary.test.tsx[0m:[93m4[0m:[93m27[0m - [91merror[0m[90m TS6142: [0mModule '../ErrorBoundary' was resolved to '/home/runner/work/onnislu-tracker/onnislu-tracker/src/client/src/components/ErrorBoundary.tsx', but '--jsx' is not set.
Server Tests	Run server tests	2025-12-05T02:21:59.1508930Z 
Server Tests	Run server tests	2025-12-05T02:21:59.1509242Z     [7m4[0m import ErrorBoundary from '../ErrorBoundary';
Server Tests	Run server tests	2025-12-05T02:21:59.1509855Z     [7m [0m [91m                          ~~~~~~~~~~~~~~~~~~[0m
Server Tests	Run server tests	2025-12-05T02:21:59.1511474Z     [96msrc/client/src/components/__tests__/ErrorBoundary.test.tsx[0m:[93m11[0m:[93m10[0m - [91merror[0m[90m TS7026: [0mJSX element implicitly has type 'any' because no interface 'JSX.IntrinsicElements' exists.
Server Tests	Run server tests	2025-12-05T02:21:59.1512527Z 
Server Tests	Run server tests	2025-12-05T02:21:59.1512769Z     [7m11[0m   return <div>No error</div>;
Server Tests	Run server tests	2025-12-05T02:21:59.1513235Z     [7m  [0m [91m         ~~~~~[0m
Server Tests	Run server tests	2025-12-05T02:21:59.1514709Z     [96msrc/client/src/components/__tests__/ErrorBoundary.test.tsx[0m:[93m11[0m:[93m10[0m - [91merror[0m[90m TS17004: [0mCannot use JSX unless the '--jsx' flag is provided.
Server Tests	Run server tests	2025-12-05T02:21:59.1515596Z 
Server Tests	Run server tests	2025-12-05T02:21:59.1515846Z     [7m11[0m   return <div>No error</div>;
Server Tests	Run server tests	2025-12-05T02:21:59.1516302Z     [7m  [0m [91m         ~~~~~[0m
Server Tests	Run server tests	2025-12-05T02:21:59.1517573Z     [96msrc/client/src/components/__tests__/ErrorBoundary.test.tsx[0m:[93m11[0m:[93m23[0m - [91merror[0m[90m TS7026: [0mJSX element implicitly has type 'any' because no interface 'JSX.IntrinsicElements' exists.
Server Tests	Run server tests	2025-12-05T02:21:59.1518762Z 
Server Tests	Run server tests	2025-12-05T02:21:59.1518951Z     [7m11[0m   return <div>No error</div>;
Server Tests	Run server tests	2025-12-05T02:21:59.1519357Z     [7m  [0m [91m                      ~~~~~~[0m
Server Tests	Run server tests	2025-12-05T02:21:59.1520424Z     [96msrc/client/src/components/__tests__/ErrorBoundary.test.tsx[0m:[93m27[0m:[93m7[0m - [91merror[0m[90m TS17004: [0mCannot use JSX unless the '--jsx' flag is provided.
Server Tests	Run server tests	2025-12-05T02:21:59.1521119Z 
Server Tests	Run server tests	2025-12-05T02:21:59.1521285Z     [7m27[0m       <ErrorBoundary>
Server Tests	Run server tests	2025-12-05T02:21:59.1521803Z     [7m  [0m [91m      ~~~~~~~~~~~~~~~[0m
Server Tests	Run server tests	2025-12-05T02:21:59.1523050Z     [96msrc/client/src/components/__tests__/ErrorBoundary.test.tsx[0m:[93m28[0m:[93m9[0m - [91merror[0m[90m TS7026: [0mJSX element implicitly has type 'any' because no interface 'JSX.IntrinsicElements' exists.
Server Tests	Run server tests	2025-12-05T02:21:59.1523893Z 
Server Tests	Run server tests	2025-12-05T02:21:59.1524208Z     [7m28[0m         <div>Test content</div>
Server Tests	Run server tests	2025-12-05T02:21:59.1524587Z     [7m  [0m [91m        ~~~~~[0m
Server Tests	Run server tests	2025-12-05T02:21:59.1525625Z     [96msrc/client/src/components/__tests__/ErrorBoundary.test.tsx[0m:[93m28[0m:[93m9[0m - [91merror[0m[90m TS17004: [0mCannot use JSX unless the '--jsx' flag is provided.
Server Tests	Run server tests	2025-12-05T02:21:59.1526325Z 
Server Tests	Run server tests	2025-12-05T02:21:59.1526511Z     [7m28[0m         <div>Test content</div>
Server Tests	Run server tests	2025-12-05T02:21:59.1526864Z     [7m  [0m [91m        ~~~~~[0m
Server Tests	Run server tests	2025-12-05T02:21:59.1527998Z     [96msrc/client/src/components/__tests__/ErrorBoundary.test.tsx[0m:[93m28[0m:[93m26[0m - [91merror[0m[90m TS7026: [0mJSX element implicitly has type 'any' because no interface 'JSX.IntrinsicElements' exists.
Server Tests	Run server tests	2025-12-05T02:21:59.1528784Z 
Server Tests	Run server tests	2025-12-05T02:21:59.1528956Z     [7m28[0m         <div>Test content</div>
Server Tests	Run server tests	2025-12-05T02:21:59.1529338Z     [7m  [0m [91m                         ~~~~~~[0m
Server Tests	Run server tests	2025-12-05T02:21:59.1530433Z     [96msrc/client/src/components/__tests__/ErrorBoundary.test.tsx[0m:[93m32[0m:[93m46[0m - [91merror[0m[90m TS2339: [0mProperty 'toBeInTheDocument' does not exist on type 'JestMatchers<any>'.
Server Tests	Run server tests	2025-12-05T02:21:59.1531175Z 
Server Tests	Run server tests	2025-12-05T02:21:59.1531495Z     [7m32[0m     expect(screen.getByText('Test content')).toBeInTheDocument();
Server Tests	Run server tests	2025-12-05T02:21:59.1532045Z     [7m  [0m [91m                                             ~~~~~~~~~~~~~~~~~[0m
Server Tests	Run server tests	2025-12-05T02:21:59.1533062Z     [96msrc/client/src/components/__tests__/ErrorBoundary.test.tsx[0m:[93m37[0m:[93m7[0m - [91merror[0m[90m TS17004: [0mCannot use JSX unless the '--jsx' flag is provided.
Server Tests	Run server tests	2025-12-05T02:21:59.1533707Z 
Server Tests	Run server tests	2025-12-05T02:21:59.1533868Z     [7m37[0m       <ErrorBoundary>
Server Tests	Run server tests	2025-12-05T02:21:59.1534295Z     [7m  [0m [91m      ~~~~~~~~~~~~~~~[0m
Server Tests	Run server tests	2025-12-05T02:21:59.1535258Z     [96msrc/client/src/components/__tests__/ErrorBoundary.test.tsx[0m:[93m38[0m:[93m9[0m - [91merror[0m[90m TS17004: [0mCannot use JSX unless the '--jsx' flag is provided.
Server Tests	Run server tests	2025-12-05T02:21:59.1535900Z 
Server Tests	Run server tests	2025-12-05T02:21:59.1536115Z     [7m38[0m         <ThrowError shouldThrow={true} />
Server Tests	Run server tests	2025-12-05T02:21:59.1536546Z     [7m  [0m [91m        ~~~~~~~~~~~~~~~~~~~~~~~~~~~~~~~~~[0m
Server Tests	Run server tests	2025-12-05T02:21:59.1537534Z     [96msrc/client/src/components/__tests__/ErrorBoundary.test.tsx[0m:[93m42[0m:[93m54[0m - [91merror[0m[90m TS2339: [0mProperty 'toBeInTheDocument' does not exist on type 'JestMatchers<any>'.
Server Tests	Run server tests	2025-12-05T02:21:59.1538167Z 
Server Tests	Run server tests	2025-12-05T02:21:59.1538475Z     [7m42[0m     expect(screen.getByText('Something went wrong')).toBeInTheDocument();
Server Tests	Run server tests	2025-12-05T02:21:59.1539000Z     [7m  [0m [91m                                                     ~~~~~~~~~~~~~~~~~[0m
Server Tests	Run server tests	2025-12-05T02:21:59.1540024Z     [96msrc/client/src/components/__tests__/ErrorBoundary.test.tsx[0m:[93m43[0m:[93m82[0m - [91merror[0m[90m TS2339: [0mProperty 'toBeInTheDocument' does not exist on type 'JestMatchers<any>'.
Server Tests	Run server tests	2025-12-05T02:21:59.1540664Z 
Server Tests	Run server tests	2025-12-05T02:21:59.1541103Z     [7m43[0m     expect(screen.getByText(/The application encountered an unexpected error/i)).toBeInTheDocument();
Server Tests	Run server tests	2025-12-05T02:21:59.1541761Z     [7m  [0m [91m                                                                                 ~~~~~~~~~~~~~~~~~[0m
Server Tests	Run server tests	2025-12-05T02:21:59.1542788Z     [96msrc/client/src/components/__tests__/ErrorBoundary.test.tsx[0m:[93m48[0m:[93m7[0m - [91merror[0m[90m TS17004: [0mCannot use JSX unless the '--jsx' flag is provided.
Server Tests	Run server tests	2025-12-05T02:21:59.1543345Z 
Server Tests	Run server tests	2025-12-05T02:21:59.1543482Z     [7m48[0m       <ErrorBoundary>
Server Tests	Run server tests	2025-12-05T02:21:59.1543787Z     [7m  [0m [91m      ~~~~~~~~~~~~~~~[0m
Server Tests	Run server tests	2025-12-05T02:21:59.1544906Z     [96msrc/client/src/components/__tests__/ErrorBoundary.test.tsx[0m:[93m49[0m:[93m9[0m - [91merror[0m[90m TS17004: [0mCannot use JSX unless the '--jsx' flag is provided.
Server Tests	Run server tests	2025-12-05T02:21:59.1545474Z 
Server Tests	Run server tests	2025-12-05T02:21:59.1545663Z     [7m49[0m         <ThrowError shouldThrow={true} />
Server Tests	Run server tests	2025-12-05T02:21:59.1546041Z     [7m  [0m [91m        ~~~~~~~~~~~~~~~~~~~~~~~~~~~~~~~~~[0m
Server Tests	Run server tests	2025-12-05T02:21:59.1547011Z     [96msrc/client/src/components/__tests__/ErrorBoundary.test.tsx[0m:[93m53[0m:[93m48[0m - [91merror[0m[90m TS2339: [0mProperty 'toBeInTheDocument' does not exist on type 'JestMatchers<any>'.
Server Tests	Run server tests	2025-12-05T02:21:59.1547625Z 
Server Tests	Run server tests	2025-12-05T02:21:59.1547902Z     [7m53[0m     expect(screen.getByText('Error Details:')).toBeInTheDocument();
Server Tests	Run server tests	2025-12-05T02:21:59.1548383Z     [7m  [0m [91m                                               ~~~~~~~~~~~~~~~~~[0m
Server Tests	Run server tests	2025-12-05T02:21:59.1549327Z     [96msrc/client/src/components/__tests__/ErrorBoundary.test.tsx[0m:[93m54[0m:[93m44[0m - [91merror[0m[90m TS2339: [0mProperty 'toBeInTheDocument' does not exist on type 'JestMatchers<any>'.
Server Tests	Run server tests	2025-12-05T02:21:59.1549944Z 
Server Tests	Run server tests	2025-12-05T02:21:59.1550199Z     [7m54[0m     expect(screen.getByText(/Test error/)).toBeInTheDocument();
Server Tests	Run server tests	2025-12-05T02:21:59.1550648Z     [7m  [0m [91m                                           ~~~~~~~~~~~~~~~~~[0m
Server Tests	Run server tests	2025-12-05T02:21:59.1551487Z     [96msrc/client/src/components/__tests__/ErrorBoundary.test.tsx[0m:[93m65[0m:[93m7[0m - [91merror[0m[90m TS17004: [0mCannot use JSX unless the '--jsx' flag is provided.
Server Tests	Run server tests	2025-12-05T02:21:59.1552024Z 
Server Tests	Run server tests	2025-12-05T02:21:59.1552155Z     [7m65[0m       <ErrorBoundary>
Server Tests	Run server tests	2025-12-05T02:21:59.1552445Z     [7m  [0m [91m      ~~~~~~~~~~~~~~~[0m
Server Tests	Run server tests	2025-12-05T02:21:59.1553243Z     [96msrc/client/src/components/__tests__/ErrorBoundary.test.tsx[0m:[93m66[0m:[93m9[0m - [91merror[0m[90m TS17004: [0mCannot use JSX unless the '--jsx' flag is provided.
Server Tests	Run server tests	2025-12-05T02:21:59.1553803Z 
Server Tests	Run server tests	2025-12-05T02:21:59.1553983Z     [7m66[0m         <ThrowError shouldThrow={true} />
Server Tests	Run server tests	2025-12-05T02:21:59.1554434Z     [7m  [0m [91m        ~~~~~~~~~~~~~~~~~~~~~~~~~~~~~~~~~[0m
Server Tests	Run server tests	2025-12-05T02:21:59.1555356Z     [96msrc/client/src/components/__tests__/ErrorBoundary.test.tsx[0m:[93m71[0m:[93m26[0m - [91merror[0m[90m TS2339: [0mProperty 'toBeInTheDocument' does not exist on type 'JestMatchers<any>'.
Server Tests	Run server tests	2025-12-05T02:21:59.1555954Z 
Server Tests	Run server tests	2025-12-05T02:21:59.1556163Z     [7m71[0m     expect(reloadButton).toBeInTheDocument();
Server Tests	Run server tests	2025-12-05T02:21:59.1556543Z     [7m  [0m [91m                         ~~~~~~~~~~~~~~~~~[0m
Server Tests	Run server tests	2025-12-05T02:21:59.1557369Z     [96msrc/client/src/components/__tests__/ErrorBoundary.test.tsx[0m:[93m79[0m:[93m7[0m - [91merror[0m[90m TS17004: [0mCannot use JSX unless the '--jsx' flag is provided.
Server Tests	Run server tests	2025-12-05T02:21:59.1557891Z 
Server Tests	Run server tests	2025-12-05T02:21:59.1558026Z     [7m79[0m       <ErrorBoundary>
Server Tests	Run server tests	2025-12-05T02:21:59.1558309Z     [7m  [0m [91m      ~~~~~~~~~~~~~~~[0m
Server Tests	Run server tests	2025-12-05T02:21:59.1559117Z     [96msrc/client/src/components/__tests__/ErrorBoundary.test.tsx[0m:[93m80[0m:[93m9[0m - [91merror[0m[90m TS17004: [0mCannot use JSX unless the '--jsx' flag is provided.
Server Tests	Run server tests	2025-12-05T02:21:59.1559648Z 
Server Tests	Run server tests	2025-12-05T02:21:59.1559828Z     [7m80[0m         <ThrowError shouldThrow={false} />
Server Tests	Run server tests	2025-12-05T02:21:59.1560197Z     [7m  [0m [91m        ~~~~~~~~~~~~~~~~~~~~~~~~~~~~~~~~~~[0m
Server Tests	Run server tests	2025-12-05T02:21:59.1561117Z     [96msrc/client/src/components/__tests__/ErrorBoundary.test.tsx[0m:[93m84[0m:[93m42[0m - [91merror[0m[90m TS2339: [0mProperty 'toBeInTheDocument' does not exist on type 'JestMatchers<any>'.
Server Tests	Run server tests	2025-12-05T02:21:59.1561847Z 
Server Tests	Run server tests	2025-12-05T02:21:59.1562102Z     [7m84[0m     expect(screen.getByText('No error')).toBeInTheDocument();
Server Tests	Run server tests	2025-12-05T02:21:59.1562547Z     [7m  [0m [91m                                         ~~~~~~~~~~~~~~~~~[0m
Server Tests	Run server tests	2025-12-05T02:21:59.1563387Z     [96msrc/client/src/components/__tests__/ErrorBoundary.test.tsx[0m:[93m87[0m:[93m7[0m - [91merror[0m[90m TS17004: [0mCannot use JSX unless the '--jsx' flag is provided.
Server Tests	Run server tests	2025-12-05T02:21:59.1564019Z 
Server Tests	Run server tests	2025-12-05T02:21:59.1564247Z     [7m87[0m       <ErrorBoundary>
Server Tests	Run server tests	2025-12-05T02:21:59.1564539Z     [7m  [0m [91m      ~~~~~~~~~~~~~~~[0m
Server Tests	Run server tests	2025-12-05T02:21:59.1565329Z     [96msrc/client/src/components/__tests__/ErrorBoundary.test.tsx[0m:[93m88[0m:[93m9[0m - [91merror[0m[90m TS17004: [0mCannot use JSX unless the '--jsx' flag is provided.
Server Tests	Run server tests	2025-12-05T02:21:59.1565853Z 
Server Tests	Run server tests	2025-12-05T02:21:59.1566031Z     [7m88[0m         <ThrowError shouldThrow={true} />
Server Tests	Run server tests	2025-12-05T02:21:59.1566405Z     [7m  [0m [91m        ~~~~~~~~~~~~~~~~~~~~~~~~~~~~~~~~~[0m
Server Tests	Run server tests	2025-12-05T02:21:59.1567298Z     [96msrc/client/src/components/__tests__/ErrorBoundary.test.tsx[0m:[93m92[0m:[93m54[0m - [91merror[0m[90m TS2339: [0mProperty 'toBeInTheDocument' does not exist on type 'JestMatchers<any>'.
Server Tests	Run server tests	2025-12-05T02:21:59.1567883Z 
Server Tests	Run server tests	2025-12-05T02:21:59.1568172Z     [7m92[0m     expect(screen.getByText('Something went wrong')).toBeInTheDocument();
Server Tests	Run server tests	2025-12-05T02:21:59.1568666Z     [7m  [0m [91m                                                     ~~~~~~~~~~~~~~~~~[0m
Server Tests	Run server tests	2025-12-05T02:21:59.1568858Z 
Server Tests	Run server tests	2025-12-05T02:21:59.1885560Z FAIL src/server/__tests__/setup.ts
Server Tests	Run server tests	2025-12-05T02:21:59.1888657Z   ● Test suite failed to run
Server Tests	Run server tests	2025-12-05T02:21:59.1889095Z 
Server Tests	Run server tests	2025-12-05T02:21:59.1889609Z     Your test suite must contain at least one test.
Server Tests	Run server tests	2025-12-05T02:21:59.1890060Z 
Server Tests	Run server tests	2025-12-05T02:21:59.1890488Z       at onResult (node_modules/@jest/core/build/TestScheduler.js:133:18)
Server Tests	Run server tests	2025-12-05T02:21:59.1891363Z       at node_modules/@jest/core/build/TestScheduler.js:254:19
Server Tests	Run server tests	2025-12-05T02:21:59.1892063Z       at node_modules/emittery/index.js:363:13
Server Tests	Run server tests	2025-12-05T02:21:59.1892578Z           at Array.map (<anonymous>)
Server Tests	Run server tests	2025-12-05T02:21:59.1893194Z       at Emittery.emit (node_modules/emittery/index.js:361:23)
Server Tests	Run server tests	2025-12-05T02:21:59.1893573Z 
Server Tests	Run server tests	2025-12-05T02:22:02.4368253Z ----------------------|---------|----------|---------|---------|-------------------------------------------------------------------------------
Server Tests	Run server tests	2025-12-05T02:22:02.4401819Z File                  | % Stmts | % Branch | % Funcs | % Lines | Uncovered Line #s                                                             
Server Tests	Run server tests	2025-12-05T02:22:02.4403243Z ----------------------|---------|----------|---------|---------|-------------------------------------------------------------------------------
Server Tests	Run server tests	2025-12-05T02:22:02.4409095Z All files             |   42.64 |    24.44 |   45.41 |   43.84 |                                                                               
Server Tests	Run server tests	2025-12-05T02:22:02.4410255Z  config               |    87.5 |    63.33 |   57.14 |     100 |                                                                               
Server Tests	Run server tests	2025-12-05T02:22:02.4411731Z   scraper.ts          |    87.5 |    63.33 |   57.14 |     100 | 19,23-138                                                                     
Server Tests	Run server tests	2025-12-05T02:22:02.4412700Z  database             |   63.33 |    39.68 |   71.11 |   62.43 |                                                                               
Server Tests	Run server tests	2025-12-05T02:22:02.4413733Z   connection.ts       |   76.13 |    46.51 |   91.66 |   76.13 | 46,51-52,61,73,85,101,108-109,121,128-129,141,164,183-184,203,224-225,247-248 
Server Tests	Run server tests	2025-12-05T02:22:02.4415010Z   index.ts            |     100 |      100 |      40 |     100 |                                                                               
Server Tests	Run server tests	2025-12-05T02:22:02.4416012Z   migrations.ts       |   83.92 |    41.66 |     100 |   83.92 | 44,97-100,133-134,148-149                                                     
Server Tests	Run server tests	2025-12-05T02:22:02.4417312Z   seed.ts             |       0 |        0 |       0 |       0 | 2-65                                                                          
Server Tests	Run server tests	2025-12-05T02:22:02.4418244Z   utils.ts            |   37.03 |        0 |   56.25 |   37.03 | 28-45,107-132,210-227                                                         
Server Tests	Run server tests	2025-12-05T02:22:02.4419213Z  middleware           |     100 |    71.42 |     100 |     100 |                                                                               
Server Tests	Run server tests	2025-12-05T02:22:02.4420454Z   errorHandler.ts     |     100 |       75 |     100 |     100 | 9,74                                                                          
Server Tests	Run server tests	2025-12-05T02:22:02.4421452Z   requestLogger.ts    |     100 |      100 |     100 |     100 |                                                                               
Server Tests	Run server tests	2025-12-05T02:22:02.4422430Z   validation.ts       |     100 |       50 |     100 |     100 | 6                                                                             
Server Tests	Run server tests	2025-12-05T02:22:02.4423320Z  routes               |    51.7 |     19.3 |   29.72 |   52.35 |                                                                               
Server Tests	Run server tests	2025-12-05T02:22:02.4424356Z   admin.ts            |    22.5 |        0 |       0 |    22.5 | 12-21,32-82,93-119                                                            
Server Tests	Run server tests	2025-12-05T02:22:02.4425231Z   alerts.ts           |   88.88 |        0 |     100 |   88.88 | 15,36,58                                                                      
Server Tests	Run server tests	2025-12-05T02:22:02.4426161Z   availability.ts     |   18.03 |        0 |       0 |   18.33 | 21-118                                                                        
Server Tests	Run server tests	2025-12-05T02:22:02.4427040Z   export.ts           |     100 |       50 |     100 |     100 | 13-15                                                                         
Server Tests	Run server tests	2025-12-05T02:22:02.4427937Z   floorPlans.ts       |   88.57 |    31.25 |     100 |   88.57 | 25,45,49,82                                                                   
Server Tests	Run server tests	2025-12-05T02:22:02.4428819Z   index.ts            |     100 |      100 |     100 |     100 |                                                                               
Server Tests	Run server tests	2025-12-05T02:22:02.4429644Z   prices.ts           |    91.3 |    27.77 |     100 |    91.3 | 15,38                                                                         
Server Tests	Run server tests	2025-12-05T02:22:02.4430492Z   scraper.ts          |   18.86 |        0 |       0 |      20 | 15-20,28-120                                                                  
Server Tests	Run server tests	2025-12-05T02:22:02.4431350Z   settings.ts         |    42.1 |        0 |       0 |    42.1 | 10-17,27-36                                                                   
Server Tests	Run server tests	2025-12-05T02:22:02.4432235Z   status.ts           |   61.29 |    68.96 |      20 |   61.29 | 60-62,67-69,74-76,81-83                                                       
Server Tests	Run server tests	2025-12-05T02:22:02.4433107Z  services             |   22.53 |    15.35 |      29 |   23.77 |                                                                               
Server Tests	Run server tests	2025-12-05T02:22:02.4433992Z   AlertService.ts     |   96.66 |       80 |     100 |   96.66 | 107                                                                           
Server Tests	Run server tests	2025-12-05T02:22:02.4435191Z   DataService.ts      |    63.9 |     34.9 |   76.66 |   67.36 | 40,56-65,89-111,137-138,289-350                                               
Server Tests	Run server tests	2025-12-05T02:22:02.4436247Z   ExportService.ts    |   88.88 |       45 |     100 |   88.88 | 16,56-58                                                                      
Server Tests	Run server tests	2025-12-05T02:22:02.4437242Z   SchedulerService.ts |       0 |        0 |       0 |       0 | 1-202                                                                         
Server Tests	Run server tests	2025-12-05T02:22:02.4438297Z   ScraperService.ts   |    3.18 |        0 |     3.7 |    3.62 | 42-140,150,161-946                                                            
Server Tests	Run server tests	2025-12-05T02:22:02.4439350Z  services/parsers     |   75.91 |    47.16 |     100 |   78.07 |                                                                               
Server Tests	Run server tests	2025-12-05T02:22:02.4440683Z   floorPlanParser.ts  |   75.91 |    47.16 |     100 |   78.07 | 22,30-53,88,95-96,99-100,108,133-136,153                                      
Server Tests	Run server tests	2025-12-05T02:22:02.4441728Z  utils                |     100 |      100 |     100 |     100 |                                                                               
Server Tests	Run server tests	2025-12-05T02:22:02.4442597Z   logger.ts           |     100 |      100 |     100 |     100 |                                                                               
Server Tests	Run server tests	2025-12-05T02:22:02.4443975Z ----------------------|---------|----------|---------|---------|-------------------------------------------------------------------------------
Server Tests	Run server tests	2025-12-05T02:22:02.5046248Z Jest: "global" coverage threshold for statements (50%) not met: 42.64%
Server Tests	Run server tests	2025-12-05T02:22:02.5048117Z Jest: "global" coverage threshold for branches (50%) not met: 24.44%
Server Tests	Run server tests	2025-12-05T02:22:02.5048959Z Jest: "global" coverage threshold for lines (50%) not met: 43.84%
Server Tests	Run server tests	2025-12-05T02:22:02.5049865Z Jest: "global" coverage threshold for functions (50%) not met: 45.41%
Server Tests	Run server tests	2025-12-05T02:22:02.5058519Z Test Suites: 11 failed, 5 passed, 16 total
Server Tests	Run server tests	2025-12-05T02:22:02.5059135Z Tests:       10 failed, 82 passed, 92 total
Server Tests	Run server tests	2025-12-05T02:22:02.5059621Z Snapshots:   0 total
Server Tests	Run server tests	2025-12-05T02:22:02.5059988Z Time:        13.752 s
Server Tests	Run server tests	2025-12-05T02:22:02.5060363Z Ran all test suites.
Server Tests	Run server tests	2025-12-05T02:22:02.7784393Z ##[error]Process completed with exit code 1.
Client Tests	Run client tests	﻿2025-12-05T02:17:06.8073986Z ##[group]Run npm run test:ci
Client Tests	Run client tests	2025-12-05T02:17:06.8074280Z [36;1mnpm run test:ci[0m
Client Tests	Run client tests	2025-12-05T02:17:06.8109769Z shell: /usr/bin/bash -e {0}
Client Tests	Run client tests	2025-12-05T02:17:06.8110014Z ##[endgroup]
Client Tests	Run client tests	2025-12-05T02:17:06.9351251Z 
Client Tests	Run client tests	2025-12-05T02:17:06.9352015Z > onnislu-price-tracker-client@0.0.0 test:ci
Client Tests	Run client tests	2025-12-05T02:17:06.9352472Z > jest --coverage --maxWorkers=2 --forceExit
Client Tests	Run client tests	2025-12-05T02:17:06.9352675Z 
Client Tests	Run client tests	2025-12-05T02:17:07.0768883Z ReferenceError: module is not defined in ES module scope
Client Tests	Run client tests	2025-12-05T02:17:07.0772440Z This file is being treated as an ES module because it has a '.js' file extension and '/home/runner/work/onnislu-tracker/onnislu-tracker/src/client/package.json' contains "type": "module". To treat it as a CommonJS script, rename it to use the '.cjs' file extension.
Client Tests	Run client tests	2025-12-05T02:17:07.0774508Z     at file:///home/runner/work/onnislu-tracker/onnislu-tracker/src/client/jest.config.js:1:1
Client Tests	Run client tests	2025-12-05T02:17:07.0775467Z     at ModuleJob.run (node:internal/modules/esm/module_job:195:25)
Client Tests	Run client tests	2025-12-05T02:17:07.0776535Z     at async ModuleLoader.import (node:internal/modules/esm/loader:337:24)
Client Tests	Run client tests	2025-12-05T02:17:07.0777554Z     at async importModuleDynamicallyWrapper (node:internal/vm/module:432:15)
Client Tests	Run client tests	2025-12-05T02:17:07.0779023Z     at async requireOrImportModule (/home/runner/work/onnislu-tracker/onnislu-tracker/src/client/node_modules/jest-util/build/requireOrImportModule.js:55:32)
Client Tests	Run client tests	2025-12-05T02:17:07.0781187Z     at async readConfigFileAndSetRootDir (/home/runner/work/onnislu-tracker/onnislu-tracker/src/client/node_modules/jest-config/build/readConfigFileAndSetRootDir.js:112:22)
Client Tests	Run client tests	2025-12-05T02:17:07.0783101Z     at async readInitialOptions (/home/runner/work/onnislu-tracker/onnislu-tracker/src/client/node_modules/jest-config/build/index.js:403:13)
Client Tests	Run client tests	2025-12-05T02:17:07.0784566Z     at async readConfig (/home/runner/work/onnislu-tracker/onnislu-tracker/src/client/node_modules/jest-config/build/index.js:147:48)
Client Tests	Run client tests	2025-12-05T02:17:07.0785995Z     at async readConfigs (/home/runner/work/onnislu-tracker/onnislu-tracker/src/client/node_modules/jest-config/build/index.js:424:26)
Client Tests	Run client tests	2025-12-05T02:17:07.0787633Z     at async runCLI (/home/runner/work/onnislu-tracker/onnislu-tracker/src/client/node_modules/@jest/core/build/cli/index.js:151:59)
Client Tests	Run client tests	2025-12-05T02:17:07.0928522Z ##[error]Process completed with exit code 1.
Lint	Run ESLint	﻿2025-12-05T02:21:49.8254316Z ##[group]Run npm run lint
Lint	Run ESLint	2025-12-05T02:21:49.8254583Z [36;1mnpm run lint[0m
Lint	Run ESLint	2025-12-05T02:21:49.8288421Z shell: /usr/bin/bash -e {0}
Lint	Run ESLint	2025-12-05T02:21:49.8288670Z ##[endgroup]
Lint	Run ESLint	2025-12-05T02:21:49.9503804Z 
Lint	Run ESLint	2025-12-05T02:21:49.9504357Z > onnislu-price-tracker@1.0.0 lint
Lint	Run ESLint	2025-12-05T02:21:49.9504726Z > eslint src --ext .ts,.tsx
Lint	Run ESLint	2025-12-05T02:21:49.9504885Z 
Lint	Run ESLint	2025-12-05T02:21:50.7591701Z 
Lint	Run ESLint	2025-12-05T02:21:50.7592379Z Oops! Something went wrong! :(
Lint	Run ESLint	2025-12-05T02:21:50.7592792Z 
Lint	Run ESLint	2025-12-05T02:21:50.7592948Z ESLint: 8.57.1
Lint	Run ESLint	2025-12-05T02:21:50.7593154Z 
Lint	Run ESLint	2025-12-05T02:21:50.7594140Z ESLint couldn't find the config "@typescript-eslint/recommended" to extend from. Please check that the name of the config is correct.
Lint	Run ESLint	2025-12-05T02:21:50.7595036Z 
Lint	Run ESLint	2025-12-05T02:21:50.7596249Z The config "@typescript-eslint/recommended" was referenced from the config file in "/home/runner/work/onnislu-tracker/onnislu-tracker/src/client/.eslintrc.cjs".
Lint	Run ESLint	2025-12-05T02:21:50.7597554Z 
Lint	Run ESLint	2025-12-05T02:21:50.7598264Z If you still have problems, please stop by https://eslint.org/chat/help to chat with the team.
Lint	Run ESLint	2025-12-05T02:21:50.7598953Z 
Lint	Run ESLint	2025-12-05T02:21:50.7873604Z ##[error]Process completed with exit code 2.
